[0.222s] DEBUG:colcon:Command line arguments: ['/usr/bin/colcon', 'build']
[0.222s] DEBUG:colcon:Parsed command line arguments: Namespace(log_base=None, log_level=None, verb_name='build', build_base='build', install_base='install', merge_install=False, symlink_install=False, test_result_base=None, continue_on_error=False, executor='parallel', parallel_workers=4, event_handlers=None, ignore_user_meta=False, metas=['./colcon.meta'], base_paths=['.'], packages_ignore=None, packages_ignore_regex=None, paths=None, packages_up_to=None, packages_up_to_regex=None, packages_above=None, packages_above_and_dependencies=None, packages_above_depth=None, packages_select_by_dep=None, packages_skip_by_dep=None, packages_skip_up_to=None, packages_select_build_failed=False, packages_skip_build_finished=False, packages_select_test_failures=False, packages_skip_test_passed=False, packages_select=None, packages_skip=None, packages_select_regex=None, packages_skip_regex=None, packages_start=None, packages_end=None, allow_overriding=[], cmake_args=None, cmake_target=None, cmake_target_skip_unavailable=False, cmake_clean_cache=False, cmake_clean_first=False, cmake_force_configure=False, ament_cmake_args=None, catkin_cmake_args=None, catkin_skip_building_tests=False, mixin_files=None, mixin=None, verb_parser=<colcon_mixin.mixin.mixin_argument.MixinArgumentDecorator object at 0x7b422bfb0310>, verb_extension=<colcon_core.verb.build.BuildVerb object at 0x7b422bf21a50>, main=<bound method BuildVerb.main of <colcon_core.verb.build.BuildVerb object at 0x7b422bf21a50>>, mixin_verb=('build',))
[0.594s] Level 1:colcon.colcon_core.package_discovery:discover_packages(colcon_meta) check parameters
[0.594s] Level 1:colcon.colcon_core.package_discovery:discover_packages(recursive) check parameters
[0.594s] Level 1:colcon.colcon_core.package_discovery:discover_packages(ignore) check parameters
[0.594s] Level 1:colcon.colcon_core.package_discovery:discover_packages(path) check parameters
[0.594s] Level 1:colcon.colcon_core.package_discovery:discover_packages(colcon_meta) discover
[0.594s] Level 1:colcon.colcon_core.package_discovery:discover_packages(recursive) discover
[0.595s] INFO:colcon.colcon_core.package_discovery:Crawling recursively for packages in '/home/subhalaxmi/nidar_ws'
[0.595s] Level 1:colcon.colcon_core.package_identification:_identify(.) by extensions ['ignore', 'ignore_ament_install']
[0.595s] Level 1:colcon.colcon_core.package_identification:_identify(.) by extension 'ignore'
[0.595s] Level 1:colcon.colcon_core.package_identification:_identify(.) by extension 'ignore_ament_install'
[0.595s] Level 1:colcon.colcon_core.package_identification:_identify(.) by extensions ['colcon_pkg']
[0.596s] Level 1:colcon.colcon_core.package_identification:_identify(.) by extension 'colcon_pkg'
[0.596s] Level 1:colcon.colcon_core.package_identification:_identify(.) by extensions ['colcon_meta']
[0.596s] Level 1:colcon.colcon_core.package_identification:_identify(.) by extension 'colcon_meta'
[0.596s] Level 1:colcon.colcon_core.package_identification:_identify(.) by extensions ['ros']
[0.596s] Level 1:colcon.colcon_core.package_identification:_identify(.) by extension 'ros'
[0.657s] Level 1:colcon.colcon_core.package_identification:_identify(.) by extensions ['cmake', 'python']
[0.657s] Level 1:colcon.colcon_core.package_identification:_identify(.) by extension 'cmake'
[0.657s] Level 1:colcon.colcon_core.package_identification:_identify(.) by extension 'python'
[0.657s] Level 1:colcon.colcon_core.package_identification:_identify(.) by extensions ['python_setup_py']
[0.658s] Level 1:colcon.colcon_core.package_identification:_identify(.) by extension 'python_setup_py'
[0.658s] Level 1:colcon.colcon_core.package_identification:_identify(build) by extensions ['ignore', 'ignore_ament_install']
[0.658s] Level 1:colcon.colcon_core.package_identification:_identify(build) by extension 'ignore'
[0.658s] Level 1:colcon.colcon_core.package_identification:_identify(build) ignored
[0.659s] Level 1:colcon.colcon_core.package_identification:_identify(install) by extensions ['ignore', 'ignore_ament_install']
[0.659s] Level 1:colcon.colcon_core.package_identification:_identify(install) by extension 'ignore'
[0.659s] Level 1:colcon.colcon_core.package_identification:_identify(install) ignored
[0.659s] Level 1:colcon.colcon_core.package_identification:_identify(log) by extensions ['ignore', 'ignore_ament_install']
[0.660s] Level 1:colcon.colcon_core.package_identification:_identify(log) by extension 'ignore'
[0.660s] Level 1:colcon.colcon_core.package_identification:_identify(log) ignored
[0.660s] Level 1:colcon.colcon_core.package_identification:_identify(src) by extensions ['ignore', 'ignore_ament_install']
[0.660s] Level 1:colcon.colcon_core.package_identification:_identify(src) by extension 'ignore'
[0.660s] Level 1:colcon.colcon_core.package_identification:_identify(src) by extension 'ignore_ament_install'
[0.661s] Level 1:colcon.colcon_core.package_identification:_identify(src) by extensions ['colcon_pkg']
[0.661s] Level 1:colcon.colcon_core.package_identification:_identify(src) by extension 'colcon_pkg'
[0.661s] Level 1:colcon.colcon_core.package_identification:_identify(src) by extensions ['colcon_meta']
[0.661s] Level 1:colcon.colcon_core.package_identification:_identify(src) by extension 'colcon_meta'
[0.661s] Level 1:colcon.colcon_core.package_identification:_identify(src) by extensions ['ros']
[0.661s] Level 1:colcon.colcon_core.package_identification:_identify(src) by extension 'ros'
[0.661s] Level 1:colcon.colcon_core.package_identification:_identify(src) by extensions ['cmake', 'python']
[0.661s] Level 1:colcon.colcon_core.package_identification:_identify(src) by extension 'cmake'
[0.662s] Level 1:colcon.colcon_core.package_identification:_identify(src) by extension 'python'
[0.662s] Level 1:colcon.colcon_core.package_identification:_identify(src) by extensions ['python_setup_py']
[0.662s] Level 1:colcon.colcon_core.package_identification:_identify(src) by extension 'python_setup_py'
[0.662s] Level 1:colcon.colcon_core.package_identification:_identify(src/drone_pkg) by extensions ['ignore', 'ignore_ament_install']
[0.662s] Level 1:colcon.colcon_core.package_identification:_identify(src/drone_pkg) by extension 'ignore'
[0.662s] Level 1:colcon.colcon_core.package_identification:_identify(src/drone_pkg) by extension 'ignore_ament_install'
[0.663s] Level 1:colcon.colcon_core.package_identification:_identify(src/drone_pkg) by extensions ['colcon_pkg']
[0.663s] Level 1:colcon.colcon_core.package_identification:_identify(src/drone_pkg) by extension 'colcon_pkg'
[0.663s] Level 1:colcon.colcon_core.package_identification:_identify(src/drone_pkg) by extensions ['colcon_meta']
[0.663s] Level 1:colcon.colcon_core.package_identification:_identify(src/drone_pkg) by extension 'colcon_meta'
[0.663s] Level 1:colcon.colcon_core.package_identification:_identify(src/drone_pkg) by extensions ['ros']
[0.663s] Level 1:colcon.colcon_core.package_identification:_identify(src/drone_pkg) by extension 'ros'
[0.668s] DEBUG:colcon.colcon_core.package_identification:Package 'src/drone_pkg' with type 'ros.ament_python' and name 'drone_pkg'
[0.669s] Level 1:colcon.colcon_core.package_identification:_identify(src/my_drone_bringup) by extensions ['ignore', 'ignore_ament_install']
[0.669s] Level 1:colcon.colcon_core.package_identification:_identify(src/my_drone_bringup) by extension 'ignore'
[0.669s] Level 1:colcon.colcon_core.package_identification:_identify(src/my_drone_bringup) by extension 'ignore_ament_install'
[0.669s] Level 1:colcon.colcon_core.package_identification:_identify(src/my_drone_bringup) by extensions ['colcon_pkg']
[0.669s] Level 1:colcon.colcon_core.package_identification:_identify(src/my_drone_bringup) by extension 'colcon_pkg'
[0.669s] Level 1:colcon.colcon_core.package_identification:_identify(src/my_drone_bringup) by extensions ['colcon_meta']
[0.670s] Level 1:colcon.colcon_core.package_identification:_identify(src/my_drone_bringup) by extension 'colcon_meta'
[0.670s] Level 1:colcon.colcon_core.package_identification:_identify(src/my_drone_bringup) by extensions ['ros']
[0.670s] Level 1:colcon.colcon_core.package_identification:_identify(src/my_drone_bringup) by extension 'ros'
[0.671s] DEBUG:colcon.colcon_core.package_identification:Package 'src/my_drone_bringup' with type 'ros.ament_python' and name 'my_drone_bringup'
[0.671s] Level 1:colcon.colcon_core.package_discovery:discover_packages(recursive) using defaults
[0.671s] Level 1:colcon.colcon_core.package_discovery:discover_packages(ignore) discover
[0.671s] Level 1:colcon.colcon_core.package_discovery:discover_packages(ignore) using defaults
[0.671s] Level 1:colcon.colcon_core.package_discovery:discover_packages(path) discover
[0.672s] Level 1:colcon.colcon_core.package_discovery:discover_packages(path) using defaults
[0.709s] Level 1:colcon.colcon_core.package_discovery:discover_packages(prefix_path) check parameters
[0.709s] Level 1:colcon.colcon_core.package_discovery:discover_packages(prefix_path) discover
[0.713s] DEBUG:colcon.colcon_installed_package_information.package_discovery:Found 2 installed packages in /home/subhalaxmi/nidar_ws/install
[0.714s] DEBUG:colcon.colcon_installed_package_information.package_discovery:Found 1 installed packages in /home/subhalaxmi/rover_ws/install
[0.715s] DEBUG:colcon.colcon_installed_package_information.package_discovery:Found 2 installed packages in /home/subhalaxmi/autonav_ws/install
[0.716s] DEBUG:colcon.colcon_installed_package_information.package_discovery:Found 3 installed packages in /home/subhalaxmi/my_robot_ws/install
[0.717s] DEBUG:colcon.colcon_installed_package_information.package_discovery:Found 1 installed packages in /home/subhalaxmi/ros2_ws/install
[0.720s] DEBUG:colcon.colcon_installed_package_information.package_discovery:Found 346 installed packages in /opt/ros/humble
[0.723s] Level 1:colcon.colcon_core.package_discovery:discover_packages(prefix_path) using defaults
[0.813s] Level 5:colcon.colcon_core.verb:set package 'drone_pkg' build argument 'cmake_args' from command line to 'None'
[0.813s] Level 5:colcon.colcon_core.verb:set package 'drone_pkg' build argument 'cmake_target' from command line to 'None'
[0.814s] Level 5:colcon.colcon_core.verb:set package 'drone_pkg' build argument 'cmake_target_skip_unavailable' from command line to 'False'
[0.814s] Level 5:colcon.colcon_core.verb:set package 'drone_pkg' build argument 'cmake_clean_cache' from command line to 'False'
[0.814s] Level 5:colcon.colcon_core.verb:set package 'drone_pkg' build argument 'cmake_clean_first' from command line to 'False'
[0.814s] Level 5:colcon.colcon_core.verb:set package 'drone_pkg' build argument 'cmake_force_configure' from command line to 'False'
[0.814s] Level 5:colcon.colcon_core.verb:set package 'drone_pkg' build argument 'ament_cmake_args' from command line to 'None'
[0.814s] Level 5:colcon.colcon_core.verb:set package 'drone_pkg' build argument 'catkin_cmake_args' from command line to 'None'
[0.814s] Level 5:colcon.colcon_core.verb:set package 'drone_pkg' build argument 'catkin_skip_building_tests' from command line to 'False'
[0.814s] DEBUG:colcon.colcon_core.verb:Building package 'drone_pkg' with the following arguments: {'ament_cmake_args': None, 'build_base': '/home/subhalaxmi/nidar_ws/build/drone_pkg', 'catkin_cmake_args': None, 'catkin_skip_building_tests': False, 'cmake_args': None, 'cmake_clean_cache': False, 'cmake_clean_first': False, 'cmake_force_configure': False, 'cmake_target': None, 'cmake_target_skip_unavailable': False, 'install_base': '/home/subhalaxmi/nidar_ws/install/drone_pkg', 'merge_install': False, 'path': '/home/subhalaxmi/nidar_ws/src/drone_pkg', 'symlink_install': False, 'test_result_base': None}
[0.815s] Level 5:colcon.colcon_core.verb:set package 'my_drone_bringup' build argument 'cmake_args' from command line to 'None'
[0.815s] Level 5:colcon.colcon_core.verb:set package 'my_drone_bringup' build argument 'cmake_target' from command line to 'None'
[0.815s] Level 5:colcon.colcon_core.verb:set package 'my_drone_bringup' build argument 'cmake_target_skip_unavailable' from command line to 'False'
[0.815s] Level 5:colcon.colcon_core.verb:set package 'my_drone_bringup' build argument 'cmake_clean_cache' from command line to 'False'
[0.816s] Level 5:colcon.colcon_core.verb:set package 'my_drone_bringup' build argument 'cmake_clean_first' from command line to 'False'
[0.816s] Level 5:colcon.colcon_core.verb:set package 'my_drone_bringup' build argument 'cmake_force_configure' from command line to 'False'
[0.816s] Level 5:colcon.colcon_core.verb:set package 'my_drone_bringup' build argument 'ament_cmake_args' from command line to 'None'
[0.816s] Level 5:colcon.colcon_core.verb:set package 'my_drone_bringup' build argument 'catkin_cmake_args' from command line to 'None'
[0.816s] Level 5:colcon.colcon_core.verb:set package 'my_drone_bringup' build argument 'catkin_skip_building_tests' from command line to 'False'
[0.816s] DEBUG:colcon.colcon_core.verb:Building package 'my_drone_bringup' with the following arguments: {'ament_cmake_args': None, 'build_base': '/home/subhalaxmi/nidar_ws/build/my_drone_bringup', 'catkin_cmake_args': None, 'catkin_skip_building_tests': False, 'cmake_args': None, 'cmake_clean_cache': False, 'cmake_clean_first': False, 'cmake_force_configure': False, 'cmake_target': None, 'cmake_target_skip_unavailable': False, 'install_base': '/home/subhalaxmi/nidar_ws/install/my_drone_bringup', 'merge_install': False, 'path': '/home/subhalaxmi/nidar_ws/src/my_drone_bringup', 'symlink_install': False, 'test_result_base': None}
[0.817s] INFO:colcon.colcon_core.executor:Executing jobs using 'parallel' executor
[0.819s] DEBUG:colcon.colcon_parallel_executor.executor.parallel:run_until_complete
[0.820s] INFO:colcon.colcon_ros.task.ament_python.build:Building ROS package in '/home/subhalaxmi/nidar_ws/src/drone_pkg' with build type 'ament_python'
[0.821s] Level 1:colcon.colcon_core.shell:create_environment_hook('drone_pkg', 'ament_prefix_path')
[0.828s] INFO:colcon.colcon_core.plugin_system:Skipping extension 'colcon_core.shell.bat': Not used on non-Windows systems
[0.828s] INFO:colcon.colcon_core.shell:Creating environment hook '/home/subhalaxmi/nidar_ws/install/drone_pkg/share/drone_pkg/hook/ament_prefix_path.ps1'
[0.830s] INFO:colcon.colcon_core.shell:Creating environment descriptor '/home/subhalaxmi/nidar_ws/install/drone_pkg/share/drone_pkg/hook/ament_prefix_path.dsv'
[0.832s] INFO:colcon.colcon_core.shell:Creating environment hook '/home/subhalaxmi/nidar_ws/install/drone_pkg/share/drone_pkg/hook/ament_prefix_path.sh'
[0.834s] INFO:colcon.colcon_core.shell:Skip shell extension 'powershell' for command environment: Not usable outside of PowerShell
[0.835s] DEBUG:colcon.colcon_core.shell:Skip shell extension 'dsv' for command environment
[1.422s] INFO:colcon.colcon_core.task.python.build:Building Python package in '/home/subhalaxmi/nidar_ws/src/drone_pkg'
[1.422s] INFO:colcon.colcon_core.shell:Skip shell extension 'powershell' for command environment: Not usable outside of PowerShell
[1.422s] DEBUG:colcon.colcon_core.shell:Skip shell extension 'dsv' for command environment
[2.163s] DEBUG:colcon.colcon_core.event_handler.log_command:Invoking command in '/home/subhalaxmi/nidar_ws/src/drone_pkg': PYTHONPATH=/home/subhalaxmi/nidar_ws/build/drone_pkg/prefix_override:/usr/lib/python3/dist-packages/colcon_core/task/python/colcon_distutils_commands:/home/subhalaxmi/nidar_ws/install/drone_pkg/lib/python3.10/site-packages:${PYTHONPATH} /usr/bin/python3 -W ignore:setup.py install is deprecated -W ignore:easy_install command is deprecated setup.py egg_info --egg-base ../../build/drone_pkg build --build-base /home/subhalaxmi/nidar_ws/build/drone_pkg/build install --record /home/subhalaxmi/nidar_ws/build/drone_pkg/install.log --single-version-externally-managed install_data
[2.801s] DEBUG:colcon.colcon_core.event_handler.log_command:Invoked command in '/home/subhalaxmi/nidar_ws/src/drone_pkg' returned '0': PYTHONPATH=/home/subhalaxmi/nidar_ws/build/drone_pkg/prefix_override:/usr/lib/python3/dist-packages/colcon_core/task/python/colcon_distutils_commands:/home/subhalaxmi/nidar_ws/install/drone_pkg/lib/python3.10/site-packages:${PYTHONPATH} /usr/bin/python3 -W ignore:setup.py install is deprecated -W ignore:easy_install command is deprecated setup.py egg_info --egg-base ../../build/drone_pkg build --build-base /home/subhalaxmi/nidar_ws/build/drone_pkg/build install --record /home/subhalaxmi/nidar_ws/build/drone_pkg/install.log --single-version-externally-managed install_data
[2.805s] Level 1:colcon.colcon_core.environment:checking '/home/subhalaxmi/nidar_ws/install/drone_pkg' for CMake module files
[2.806s] Level 1:colcon.colcon_core.environment:checking '/home/subhalaxmi/nidar_ws/install/drone_pkg' for CMake config files
[2.808s] Level 1:colcon.colcon_core.environment:checking '/home/subhalaxmi/nidar_ws/install/drone_pkg/lib'
[2.808s] Level 1:colcon.colcon_core.environment:checking '/home/subhalaxmi/nidar_ws/install/drone_pkg/bin'
[2.808s] Level 1:colcon.colcon_core.environment:checking '/home/subhalaxmi/nidar_ws/install/drone_pkg/lib/pkgconfig/drone_pkg.pc'
[2.809s] Level 1:colcon.colcon_core.environment:checking '/home/subhalaxmi/nidar_ws/install/drone_pkg/lib/python3.10/site-packages'
[2.809s] Level 1:colcon.colcon_core.shell:create_environment_hook('drone_pkg', 'pythonpath')
[2.810s] INFO:colcon.colcon_core.shell:Creating environment hook '/home/subhalaxmi/nidar_ws/install/drone_pkg/share/drone_pkg/hook/pythonpath.ps1'
[2.811s] INFO:colcon.colcon_core.shell:Creating environment descriptor '/home/subhalaxmi/nidar_ws/install/drone_pkg/share/drone_pkg/hook/pythonpath.dsv'
[2.811s] INFO:colcon.colcon_core.shell:Creating environment hook '/home/subhalaxmi/nidar_ws/install/drone_pkg/share/drone_pkg/hook/pythonpath.sh'
[2.813s] Level 1:colcon.colcon_core.environment:checking '/home/subhalaxmi/nidar_ws/install/drone_pkg/bin'
[2.813s] Level 1:colcon.colcon_core.environment:create_environment_scripts_only(drone_pkg)
[2.814s] INFO:colcon.colcon_core.shell:Creating package script '/home/subhalaxmi/nidar_ws/install/drone_pkg/share/drone_pkg/package.ps1'
[2.816s] INFO:colcon.colcon_core.shell:Creating package descriptor '/home/subhalaxmi/nidar_ws/install/drone_pkg/share/drone_pkg/package.dsv'
[2.817s] INFO:colcon.colcon_core.shell:Creating package script '/home/subhalaxmi/nidar_ws/install/drone_pkg/share/drone_pkg/package.sh'
[2.821s] INFO:colcon.colcon_core.shell:Creating package script '/home/subhalaxmi/nidar_ws/install/drone_pkg/share/drone_pkg/package.bash'
[2.823s] INFO:colcon.colcon_core.shell:Creating package script '/home/subhalaxmi/nidar_ws/install/drone_pkg/share/drone_pkg/package.zsh'
[2.824s] Level 1:colcon.colcon_core.environment:create_file_with_runtime_dependencies(/home/subhalaxmi/nidar_ws/install/drone_pkg/share/colcon-core/packages/drone_pkg)
[2.825s] INFO:colcon.colcon_ros.task.ament_python.build:Building ROS package in '/home/subhalaxmi/nidar_ws/src/my_drone_bringup' with build type 'ament_python'
[2.826s] Level 1:colcon.colcon_core.shell:create_environment_hook('my_drone_bringup', 'ament_prefix_path')
[2.826s] INFO:colcon.colcon_core.shell:Creating environment hook '/home/subhalaxmi/nidar_ws/install/my_drone_bringup/share/my_drone_bringup/hook/ament_prefix_path.ps1'
[2.828s] INFO:colcon.colcon_core.shell:Creating environment descriptor '/home/subhalaxmi/nidar_ws/install/my_drone_bringup/share/my_drone_bringup/hook/ament_prefix_path.dsv'
[2.829s] INFO:colcon.colcon_core.shell:Creating environment hook '/home/subhalaxmi/nidar_ws/install/my_drone_bringup/share/my_drone_bringup/hook/ament_prefix_path.sh'
[2.830s] INFO:colcon.colcon_core.shell:Skip shell extension 'powershell' for command environment: Not usable outside of PowerShell
[2.830s] DEBUG:colcon.colcon_core.shell:Skip shell extension 'dsv' for command environment
[3.407s] INFO:colcon.colcon_core.task.python.build:Building Python package in '/home/subhalaxmi/nidar_ws/src/my_drone_bringup'
[3.408s] INFO:colcon.colcon_core.shell:Skip shell extension 'powershell' for command environment: Not usable outside of PowerShell
[3.408s] DEBUG:colcon.colcon_core.shell:Skip shell extension 'dsv' for command environment
[4.153s] DEBUG:colcon.colcon_core.event_handler.log_command:Invoking command in '/home/subhalaxmi/nidar_ws/src/my_drone_bringup': AMENT_PREFIX_PATH=/home/subhalaxmi/nidar_ws/install/drone_pkg:/home/subhalaxmi/nidar_ws/install/my_drone_bringup:/home/subhalaxmi/autonav_ws/install/my_rover_description:/home/subhalaxmi/autonav_ws/install/my_rover_bringup:/home/subhalaxmi/rover_ws/install/rover_ctrl:/home/subhalaxmi/my_robot_ws/install/my_robot_bringup:/home/subhalaxmi/my_robot_ws/install/my_robot_description:/home/subhalaxmi/my_robot_ws/install/line_follower:/home/subhalaxmi/ros2_ws/install/my_py_pkg:/opt/ros/humble PYTHONPATH=/home/subhalaxmi/nidar_ws/build/my_drone_bringup/prefix_override:/usr/lib/python3/dist-packages/colcon_core/task/python/colcon_distutils_commands:/home/subhalaxmi/nidar_ws/install/my_drone_bringup/lib/python3.10/site-packages:/home/subhalaxmi/nidar_ws/install/drone_pkg/lib/python3.10/site-packages:/home/subhalaxmi/nidar_ws/install/my_drone_bringup/lib/python3.10/site-packages:/home/subhalaxmi/my_robot_ws/install/line_follower/lib/python3.10/site-packages:/home/subhalaxmi/ros2_ws/install/my_py_pkg/lib/python3.10/site-packages:/opt/ros/humble/lib/python3.10/site-packages:/opt/ros/humble/local/lib/python3.10/dist-packages /usr/bin/python3 -W ignore:setup.py install is deprecated -W ignore:easy_install command is deprecated setup.py egg_info --egg-base ../../build/my_drone_bringup build --build-base /home/subhalaxmi/nidar_ws/build/my_drone_bringup/build install --record /home/subhalaxmi/nidar_ws/build/my_drone_bringup/install.log --single-version-externally-managed install_data
[4.793s] Level 1:colcon.colcon_core.environment:checking '/home/subhalaxmi/nidar_ws/install/my_drone_bringup' for CMake module files
[4.794s] DEBUG:colcon.colcon_core.event_handler.log_command:Invoked command in '/home/subhalaxmi/nidar_ws/src/my_drone_bringup' returned '0': AMENT_PREFIX_PATH=/home/subhalaxmi/nidar_ws/install/drone_pkg:/home/subhalaxmi/nidar_ws/install/my_drone_bringup:/home/subhalaxmi/autonav_ws/install/my_rover_description:/home/subhalaxmi/autonav_ws/install/my_rover_bringup:/home/subhalaxmi/rover_ws/install/rover_ctrl:/home/subhalaxmi/my_robot_ws/install/my_robot_bringup:/home/subhalaxmi/my_robot_ws/install/my_robot_description:/home/subhalaxmi/my_robot_ws/install/line_follower:/home/subhalaxmi/ros2_ws/install/my_py_pkg:/opt/ros/humble PYTHONPATH=/home/subhalaxmi/nidar_ws/build/my_drone_bringup/prefix_override:/usr/lib/python3/dist-packages/colcon_core/task/python/colcon_distutils_commands:/home/subhalaxmi/nidar_ws/install/my_drone_bringup/lib/python3.10/site-packages:/home/subhalaxmi/nidar_ws/install/drone_pkg/lib/python3.10/site-packages:/home/subhalaxmi/nidar_ws/install/my_drone_bringup/lib/python3.10/site-packages:/home/subhalaxmi/my_robot_ws/install/line_follower/lib/python3.10/site-packages:/home/subhalaxmi/ros2_ws/install/my_py_pkg/lib/python3.10/site-packages:/opt/ros/humble/lib/python3.10/site-packages:/opt/ros/humble/local/lib/python3.10/dist-packages /usr/bin/python3 -W ignore:setup.py install is deprecated -W ignore:easy_install command is deprecated setup.py egg_info --egg-base ../../build/my_drone_bringup build --build-base /home/subhalaxmi/nidar_ws/build/my_drone_bringup/build install --record /home/subhalaxmi/nidar_ws/build/my_drone_bringup/install.log --single-version-externally-managed install_data
[4.795s] Level 1:colcon.colcon_core.environment:checking '/home/subhalaxmi/nidar_ws/install/my_drone_bringup' for CMake config files
[4.796s] Level 1:colcon.colcon_core.environment:checking '/home/subhalaxmi/nidar_ws/install/my_drone_bringup/lib'
[4.796s] Level 1:colcon.colcon_core.environment:checking '/home/subhalaxmi/nidar_ws/install/my_drone_bringup/bin'
[4.796s] Level 1:colcon.colcon_core.environment:checking '/home/subhalaxmi/nidar_ws/install/my_drone_bringup/lib/pkgconfig/my_drone_bringup.pc'
[4.796s] Level 1:colcon.colcon_core.environment:checking '/home/subhalaxmi/nidar_ws/install/my_drone_bringup/lib/python3.10/site-packages'
[4.796s] Level 1:colcon.colcon_core.shell:create_environment_hook('my_drone_bringup', 'pythonpath')
[4.797s] INFO:colcon.colcon_core.shell:Creating environment hook '/home/subhalaxmi/nidar_ws/install/my_drone_bringup/share/my_drone_bringup/hook/pythonpath.ps1'
[4.798s] INFO:colcon.colcon_core.shell:Creating environment descriptor '/home/subhalaxmi/nidar_ws/install/my_drone_bringup/share/my_drone_bringup/hook/pythonpath.dsv'
[4.798s] INFO:colcon.colcon_core.shell:Creating environment hook '/home/subhalaxmi/nidar_ws/install/my_drone_bringup/share/my_drone_bringup/hook/pythonpath.sh'
[4.800s] Level 1:colcon.colcon_core.environment:checking '/home/subhalaxmi/nidar_ws/install/my_drone_bringup/bin'
[4.800s] Level 1:colcon.colcon_core.environment:create_environment_scripts_only(my_drone_bringup)
[4.801s] INFO:colcon.colcon_core.shell:Creating package script '/home/subhalaxmi/nidar_ws/install/my_drone_bringup/share/my_drone_bringup/package.ps1'
[4.802s] INFO:colcon.colcon_core.shell:Creating package descriptor '/home/subhalaxmi/nidar_ws/install/my_drone_bringup/share/my_drone_bringup/package.dsv'
[4.802s] INFO:colcon.colcon_core.shell:Creating package script '/home/subhalaxmi/nidar_ws/install/my_drone_bringup/share/my_drone_bringup/package.sh'
[4.803s] INFO:colcon.colcon_core.shell:Creating package script '/home/subhalaxmi/nidar_ws/install/my_drone_bringup/share/my_drone_bringup/package.bash'
[4.804s] INFO:colcon.colcon_core.shell:Creating package script '/home/subhalaxmi/nidar_ws/install/my_drone_bringup/share/my_drone_bringup/package.zsh'
[4.805s] Level 1:colcon.colcon_core.environment:create_file_with_runtime_dependencies(/home/subhalaxmi/nidar_ws/install/my_drone_bringup/share/colcon-core/packages/my_drone_bringup)
[4.805s] DEBUG:colcon.colcon_parallel_executor.executor.parallel:closing loop
[4.806s] DEBUG:colcon.colcon_parallel_executor.executor.parallel:loop closed
[4.806s] DEBUG:colcon.colcon_parallel_executor.executor.parallel:run_until_complete finished with '0'
[4.806s] DEBUG:colcon.colcon_core.event_reactor:joining thread
[4.815s] INFO:colcon.colcon_core.plugin_system:Skipping extension 'colcon_notification.desktop_notification.terminal_notifier': Not used on non-Darwin systems
[4.815s] INFO:colcon.colcon_core.plugin_system:Skipping extension 'colcon_notification.desktop_notification.win32': Not used on non-Windows systems
[4.815s] INFO:colcon.colcon_notification.desktop_notification:Sending desktop notification using 'notify2'
[4.831s] DEBUG:colcon.colcon_core.event_reactor:joined thread
[4.832s] INFO:colcon.colcon_core.shell:Creating prefix script '/home/subhalaxmi/nidar_ws/install/local_setup.ps1'
[4.834s] INFO:colcon.colcon_core.shell:Creating prefix util module '/home/subhalaxmi/nidar_ws/install/_local_setup_util_ps1.py'
[4.837s] INFO:colcon.colcon_core.shell:Creating prefix chain script '/home/subhalaxmi/nidar_ws/install/setup.ps1'
[4.839s] INFO:colcon.colcon_core.shell:Creating prefix script '/home/subhalaxmi/nidar_ws/install/local_setup.sh'
[4.840s] INFO:colcon.colcon_core.shell:Creating prefix util module '/home/subhalaxmi/nidar_ws/install/_local_setup_util_sh.py'
[4.841s] INFO:colcon.colcon_core.shell:Creating prefix chain script '/home/subhalaxmi/nidar_ws/install/setup.sh'
[4.844s] INFO:colcon.colcon_core.shell:Creating prefix script '/home/subhalaxmi/nidar_ws/install/local_setup.bash'
[4.845s] INFO:colcon.colcon_core.shell:Creating prefix chain script '/home/subhalaxmi/nidar_ws/install/setup.bash'
[4.848s] INFO:colcon.colcon_core.shell:Creating prefix script '/home/subhalaxmi/nidar_ws/install/local_setup.zsh'
[4.850s] INFO:colcon.colcon_core.shell:Creating prefix chain script '/home/subhalaxmi/nidar_ws/install/setup.zsh'
