[1.352s] Invoking command in '/home/subhalaxmi/nidar_ws/src/drone_pkg': PYTHONPATH=/home/subhalaxmi/nidar_ws/build/drone_pkg/prefix_override:/usr/lib/python3/dist-packages/colcon_core/task/python/colcon_distutils_commands:/home/subhalaxmi/nidar_ws/install/drone_pkg/lib/python3.10/site-packages:${PYTHONPATH} /usr/bin/python3 -W ignore:setup.py install is deprecated -W ignore:easy_install command is deprecated setup.py egg_info --egg-base ../../build/drone_pkg build --build-base /home/subhalaxmi/nidar_ws/build/drone_pkg/build install --record /home/subhalaxmi/nidar_ws/build/drone_pkg/install.log --single-version-externally-managed install_data
[1.887s] running egg_info
[1.888s] writing ../../build/drone_pkg/drone_pkg.egg-info/PKG-INFO
[1.889s] writing dependency_links to ../../build/drone_pkg/drone_pkg.egg-info/dependency_links.txt
[1.889s] writing entry points to ../../build/drone_pkg/drone_pkg.egg-info/entry_points.txt
[1.890s] writing requirements to ../../build/drone_pkg/drone_pkg.egg-info/requires.txt
[1.890s] writing top-level names to ../../build/drone_pkg/drone_pkg.egg-info/top_level.txt
[1.895s] reading manifest file '../../build/drone_pkg/drone_pkg.egg-info/SOURCES.txt'
[1.898s] writing manifest file '../../build/drone_pkg/drone_pkg.egg-info/SOURCES.txt'
[1.898s] running build
[1.899s] running build_py
[1.899s] copying drone_pkg/drone_altitude.py -> /home/subhalaxmi/nidar_ws/build/drone_pkg/build/lib/drone_pkg
[1.899s] copying drone_pkg/target_altitude.py -> /home/subhalaxmi/nidar_ws/build/drone_pkg/build/lib/drone_pkg
[1.899s] running install
[1.900s] running install_lib
[1.902s] copying /home/subhalaxmi/nidar_ws/build/drone_pkg/build/lib/drone_pkg/drone_altitude.py -> /home/subhalaxmi/nidar_ws/install/drone_pkg/lib/python3.10/site-packages/drone_pkg
[1.902s] copying /home/subhalaxmi/nidar_ws/build/drone_pkg/build/lib/drone_pkg/target_altitude.py -> /home/subhalaxmi/nidar_ws/install/drone_pkg/lib/python3.10/site-packages/drone_pkg
[1.904s] byte-compiling /home/subhalaxmi/nidar_ws/install/drone_pkg/lib/python3.10/site-packages/drone_pkg/drone_altitude.py to drone_altitude.cpython-310.pyc
[1.905s] byte-compiling /home/subhalaxmi/nidar_ws/install/drone_pkg/lib/python3.10/site-packages/drone_pkg/target_altitude.py to target_altitude.cpython-310.pyc
[1.906s] running install_data
[1.906s] copying package.xml -> /home/subhalaxmi/nidar_ws/install/drone_pkg/share/drone_pkg
[1.906s] running install_egg_info
[1.911s] removing '/home/subhalaxmi/nidar_ws/install/drone_pkg/lib/python3.10/site-packages/drone_pkg-0.0.0-py3.10.egg-info' (and everything under it)
[1.912s] Copying ../../build/drone_pkg/drone_pkg.egg-info to /home/subhalaxmi/nidar_ws/install/drone_pkg/lib/python3.10/site-packages/drone_pkg-0.0.0-py3.10.egg-info
[1.914s] running install_scripts
[1.957s] Installing altitude_publisher script to /home/subhalaxmi/nidar_ws/install/drone_pkg/lib/drone_pkg
[1.957s] Installing altitude_subscriber script to /home/subhalaxmi/nidar_ws/install/drone_pkg/lib/drone_pkg
[1.957s] Installing simple_node script to /home/subhalaxmi/nidar_ws/install/drone_pkg/lib/drone_pkg
[1.958s] writing list of installed files to '/home/subhalaxmi/nidar_ws/build/drone_pkg/install.log'
[2.002s] Invoked command in '/home/subhalaxmi/nidar_ws/src/drone_pkg' returned '0': PYTHONPATH=/home/subhalaxmi/nidar_ws/build/drone_pkg/prefix_override:/usr/lib/python3/dist-packages/colcon_core/task/python/colcon_distutils_commands:/home/subhalaxmi/nidar_ws/install/drone_pkg/lib/python3.10/site-packages:${PYTHONPATH} /usr/bin/python3 -W ignore:setup.py install is deprecated -W ignore:easy_install command is deprecated setup.py egg_info --egg-base ../../build/drone_pkg build --build-base /home/subhalaxmi/nidar_ws/build/drone_pkg/build install --record /home/subhalaxmi/nidar_ws/build/drone_pkg/install.log --single-version-externally-managed install_data
