[3.398s] Invoking command in '/home/subhalaxmi/nidar_ws/src/drone_pkg': PYTHONPATH=/home/subhalaxmi/nidar_ws/build/drone_pkg/prefix_override:/usr/lib/python3/dist-packages/colcon_core/task/python/colcon_distutils_commands:/home/subhalaxmi/nidar_ws/install/drone_pkg/lib/python3.10/site-packages:${PYTHONPATH} /usr/bin/python3 -W ignore:setup.py install is deprecated -W ignore:easy_install command is deprecated setup.py egg_info --egg-base ../../build/drone_pkg build --build-base /home/subhalaxmi/nidar_ws/build/drone_pkg/build install --record /home/subhalaxmi/nidar_ws/build/drone_pkg/install.log --single-version-externally-managed install_data
[4.895s] running egg_info
[4.901s] writing ../../build/drone_pkg/drone_pkg.egg-info/PKG-INFO
[4.902s] writing dependency_links to ../../build/drone_pkg/drone_pkg.egg-info/dependency_links.txt
[4.905s] writing entry points to ../../build/drone_pkg/drone_pkg.egg-info/entry_points.txt
[4.908s] writing requirements to ../../build/drone_pkg/drone_pkg.egg-info/requires.txt
[4.908s] writing top-level names to ../../build/drone_pkg/drone_pkg.egg-info/top_level.txt
[4.917s] reading manifest file '../../build/drone_pkg/drone_pkg.egg-info/SOURCES.txt'
[4.920s] writing manifest file '../../build/drone_pkg/drone_pkg.egg-info/SOURCES.txt'
[4.924s] running build
[4.926s] running build_py
[4.927s] running install
[4.929s] running install_lib
[4.936s] running install_data
[4.937s] running install_egg_info
[4.944s] removing '/home/subhalaxmi/nidar_ws/install/drone_pkg/lib/python3.10/site-packages/drone_pkg-0.0.0-py3.10.egg-info' (and everything under it)
[4.948s] Copying ../../build/drone_pkg/drone_pkg.egg-info to /home/subhalaxmi/nidar_ws/install/drone_pkg/lib/python3.10/site-packages/drone_pkg-0.0.0-py3.10.egg-info
[4.955s] running install_scripts
[5.069s] Installing altitude_publisher script to /home/subhalaxmi/nidar_ws/install/drone_pkg/lib/drone_pkg
[5.071s] Installing altitude_subscriber script to /home/subhalaxmi/nidar_ws/install/drone_pkg/lib/drone_pkg
[5.074s] Installing arm_client script to /home/subhalaxmi/nidar_ws/install/drone_pkg/lib/drone_pkg
[5.076s] Installing arm_server script to /home/subhalaxmi/nidar_ws/install/drone_pkg/lib/drone_pkg
[5.076s] Installing simple_node script to /home/subhalaxmi/nidar_ws/install/drone_pkg/lib/drone_pkg
[5.078s] writing list of installed files to '/home/subhalaxmi/nidar_ws/build/drone_pkg/install.log'
[5.194s] Invoked command in '/home/subhalaxmi/nidar_ws/src/drone_pkg' returned '0': PYTHONPATH=/home/subhalaxmi/nidar_ws/build/drone_pkg/prefix_override:/usr/lib/python3/dist-packages/colcon_core/task/python/colcon_distutils_commands:/home/subhalaxmi/nidar_ws/install/drone_pkg/lib/python3.10/site-packages:${PYTHONPATH} /usr/bin/python3 -W ignore:setup.py install is deprecated -W ignore:easy_install command is deprecated setup.py egg_info --egg-base ../../build/drone_pkg build --build-base /home/subhalaxmi/nidar_ws/build/drone_pkg/build install --record /home/subhalaxmi/nidar_ws/build/drone_pkg/install.log --single-version-externally-managed install_data
