[0.395s] DEBUG:colcon:Command line arguments: ['/usr/bin/colcon', 'build', '--packages-select', 'nidar_flight']
[0.395s] DEBUG:colcon:Parsed command line arguments: Namespace(log_base=None, log_level=None, verb_name='build', build_base='build', install_base='install', merge_install=False, symlink_install=False, test_result_base=None, continue_on_error=False, executor='parallel', parallel_workers=4, event_handlers=None, ignore_user_meta=False, metas=['./colcon.meta'], base_paths=['.'], packages_ignore=None, packages_ignore_regex=None, paths=None, packages_up_to=None, packages_up_to_regex=None, packages_above=None, packages_above_and_dependencies=None, packages_above_depth=None, packages_select_by_dep=None, packages_skip_by_dep=None, packages_skip_up_to=None, packages_select_build_failed=False, packages_skip_build_finished=False, packages_select_test_failures=False, packages_skip_test_passed=False, packages_select=['nidar_flight'], packages_skip=None, packages_select_regex=None, packages_skip_regex=None, packages_start=None, packages_end=None, allow_overriding=[], cmake_args=None, cmake_target=None, cmake_target_skip_unavailable=False, cmake_clean_cache=False, cmake_clean_first=False, cmake_force_configure=False, ament_cmake_args=None, catkin_cmake_args=None, catkin_skip_building_tests=False, mixin_files=None, mixin=None, verb_parser=<colcon_mixin.mixin.mixin_argument.MixinArgumentDecorator object at 0x755eb3ba5360>, verb_extension=<colcon_core.verb.build.BuildVerb object at 0x755eb3b1eaa0>, main=<bound method BuildVerb.main of <colcon_core.verb.build.BuildVerb object at 0x755eb3b1eaa0>>, mixin_verb=('build',))
[0.973s] Level 1:colcon.colcon_core.package_discovery:discover_packages(colcon_meta) check parameters
[0.973s] Level 1:colcon.colcon_core.package_discovery:discover_packages(recursive) check parameters
[0.973s] Level 1:colcon.colcon_core.package_discovery:discover_packages(ignore) check parameters
[0.974s] Level 1:colcon.colcon_core.package_discovery:discover_packages(path) check parameters
[0.974s] Level 1:colcon.colcon_core.package_discovery:discover_packages(colcon_meta) discover
[0.974s] Level 1:colcon.colcon_core.package_discovery:discover_packages(recursive) discover
[0.974s] INFO:colcon.colcon_core.package_discovery:Crawling recursively for packages in '/home/subhalaxmi/nidar_ws'
[0.974s] Level 1:colcon.colcon_core.package_identification:_identify(.) by extensions ['ignore', 'ignore_ament_install']
[0.974s] Level 1:colcon.colcon_core.package_identification:_identify(.) by extension 'ignore'
[0.974s] Level 1:colcon.colcon_core.package_identification:_identify(.) by extension 'ignore_ament_install'
[0.974s] Level 1:colcon.colcon_core.package_identification:_identify(.) by extensions ['colcon_pkg']
[0.974s] Level 1:colcon.colcon_core.package_identification:_identify(.) by extension 'colcon_pkg'
[0.975s] Level 1:colcon.colcon_core.package_identification:_identify(.) by extensions ['colcon_meta']
[0.975s] Level 1:colcon.colcon_core.package_identification:_identify(.) by extension 'colcon_meta'
[0.975s] Level 1:colcon.colcon_core.package_identification:_identify(.) by extensions ['ros']
[0.975s] Level 1:colcon.colcon_core.package_identification:_identify(.) by extension 'ros'
[1.059s] Level 1:colcon.colcon_core.package_identification:_identify(.) by extensions ['cmake', 'python']
[1.059s] Level 1:colcon.colcon_core.package_identification:_identify(.) by extension 'cmake'
[1.060s] Level 1:colcon.colcon_core.package_identification:_identify(.) by extension 'python'
[1.060s] Level 1:colcon.colcon_core.package_identification:_identify(.) by extensions ['python_setup_py']
[1.060s] Level 1:colcon.colcon_core.package_identification:_identify(.) by extension 'python_setup_py'
[1.060s] Level 1:colcon.colcon_core.package_identification:_identify(build) by extensions ['ignore', 'ignore_ament_install']
[1.061s] Level 1:colcon.colcon_core.package_identification:_identify(build) by extension 'ignore'
[1.061s] Level 1:colcon.colcon_core.package_identification:_identify(build) ignored
[1.061s] Level 1:colcon.colcon_core.package_identification:_identify(install) by extensions ['ignore', 'ignore_ament_install']
[1.061s] Level 1:colcon.colcon_core.package_identification:_identify(install) by extension 'ignore'
[1.062s] Level 1:colcon.colcon_core.package_identification:_identify(install) ignored
[1.062s] Level 1:colcon.colcon_core.package_identification:_identify(log) by extensions ['ignore', 'ignore_ament_install']
[1.062s] Level 1:colcon.colcon_core.package_identification:_identify(log) by extension 'ignore'
[1.062s] Level 1:colcon.colcon_core.package_identification:_identify(log) ignored
[1.063s] Level 1:colcon.colcon_core.package_identification:_identify(src) by extensions ['ignore', 'ignore_ament_install']
[1.063s] Level 1:colcon.colcon_core.package_identification:_identify(src) by extension 'ignore'
[1.063s] Level 1:colcon.colcon_core.package_identification:_identify(src) by extension 'ignore_ament_install'
[1.063s] Level 1:colcon.colcon_core.package_identification:_identify(src) by extensions ['colcon_pkg']
[1.063s] Level 1:colcon.colcon_core.package_identification:_identify(src) by extension 'colcon_pkg'
[1.063s] Level 1:colcon.colcon_core.package_identification:_identify(src) by extensions ['colcon_meta']
[1.064s] Level 1:colcon.colcon_core.package_identification:_identify(src) by extension 'colcon_meta'
[1.064s] Level 1:colcon.colcon_core.package_identification:_identify(src) by extensions ['ros']
[1.064s] Level 1:colcon.colcon_core.package_identification:_identify(src) by extension 'ros'
[1.064s] Level 1:colcon.colcon_core.package_identification:_identify(src) by extensions ['cmake', 'python']
[1.064s] Level 1:colcon.colcon_core.package_identification:_identify(src) by extension 'cmake'
[1.064s] Level 1:colcon.colcon_core.package_identification:_identify(src) by extension 'python'
[1.064s] Level 1:colcon.colcon_core.package_identification:_identify(src) by extensions ['python_setup_py']
[1.065s] Level 1:colcon.colcon_core.package_identification:_identify(src) by extension 'python_setup_py'
[1.065s] Level 1:colcon.colcon_core.package_identification:_identify(src/drone_pkg) by extensions ['ignore', 'ignore_ament_install']
[1.065s] Level 1:colcon.colcon_core.package_identification:_identify(src/drone_pkg) by extension 'ignore'
[1.065s] Level 1:colcon.colcon_core.package_identification:_identify(src/drone_pkg) by extension 'ignore_ament_install'
[1.065s] Level 1:colcon.colcon_core.package_identification:_identify(src/drone_pkg) by extensions ['colcon_pkg']
[1.066s] Level 1:colcon.colcon_core.package_identification:_identify(src/drone_pkg) by extension 'colcon_pkg'
[1.066s] Level 1:colcon.colcon_core.package_identification:_identify(src/drone_pkg) by extensions ['colcon_meta']
[1.066s] Level 1:colcon.colcon_core.package_identification:_identify(src/drone_pkg) by extension 'colcon_meta'
[1.066s] Level 1:colcon.colcon_core.package_identification:_identify(src/drone_pkg) by extensions ['ros']
[1.066s] Level 1:colcon.colcon_core.package_identification:_identify(src/drone_pkg) by extension 'ros'
[1.074s] DEBUG:colcon.colcon_core.package_identification:Package 'src/drone_pkg' with type 'ros.ament_python' and name 'drone_pkg'
[1.074s] Level 1:colcon.colcon_core.package_identification:_identify(src/my_drone_bringup) by extensions ['ignore', 'ignore_ament_install']
[1.075s] Level 1:colcon.colcon_core.package_identification:_identify(src/my_drone_bringup) by extension 'ignore'
[1.075s] Level 1:colcon.colcon_core.package_identification:_identify(src/my_drone_bringup) by extension 'ignore_ament_install'
[1.075s] Level 1:colcon.colcon_core.package_identification:_identify(src/my_drone_bringup) by extensions ['colcon_pkg']
[1.075s] Level 1:colcon.colcon_core.package_identification:_identify(src/my_drone_bringup) by extension 'colcon_pkg'
[1.075s] Level 1:colcon.colcon_core.package_identification:_identify(src/my_drone_bringup) by extensions ['colcon_meta']
[1.075s] Level 1:colcon.colcon_core.package_identification:_identify(src/my_drone_bringup) by extension 'colcon_meta'
[1.076s] Level 1:colcon.colcon_core.package_identification:_identify(src/my_drone_bringup) by extensions ['ros']
[1.076s] Level 1:colcon.colcon_core.package_identification:_identify(src/my_drone_bringup) by extension 'ros'
[1.077s] DEBUG:colcon.colcon_core.package_identification:Package 'src/my_drone_bringup' with type 'ros.ament_cmake' and name 'my_drone_bringup'
[1.078s] Level 1:colcon.colcon_core.package_identification:_identify(src/nidar_flight) by extensions ['ignore', 'ignore_ament_install']
[1.078s] Level 1:colcon.colcon_core.package_identification:_identify(src/nidar_flight) by extension 'ignore'
[1.078s] Level 1:colcon.colcon_core.package_identification:_identify(src/nidar_flight) by extension 'ignore_ament_install'
[1.078s] Level 1:colcon.colcon_core.package_identification:_identify(src/nidar_flight) by extensions ['colcon_pkg']
[1.078s] Level 1:colcon.colcon_core.package_identification:_identify(src/nidar_flight) by extension 'colcon_pkg'
[1.079s] Level 1:colcon.colcon_core.package_identification:_identify(src/nidar_flight) by extensions ['colcon_meta']
[1.079s] Level 1:colcon.colcon_core.package_identification:_identify(src/nidar_flight) by extension 'colcon_meta'
[1.079s] Level 1:colcon.colcon_core.package_identification:_identify(src/nidar_flight) by extensions ['ros']
[1.079s] Level 1:colcon.colcon_core.package_identification:_identify(src/nidar_flight) by extension 'ros'
[1.081s] DEBUG:colcon.colcon_core.package_identification:Package 'src/nidar_flight' with type 'ros.ament_python' and name 'nidar_flight'
[1.081s] Level 1:colcon.colcon_core.package_identification:_identify(src/px4_msgs) by extensions ['ignore', 'ignore_ament_install']
[1.081s] Level 1:colcon.colcon_core.package_identification:_identify(src/px4_msgs) by extension 'ignore'
[1.082s] Level 1:colcon.colcon_core.package_identification:_identify(src/px4_msgs) by extension 'ignore_ament_install'
[1.082s] Level 1:colcon.colcon_core.package_identification:_identify(src/px4_msgs) by extensions ['colcon_pkg']
[1.082s] Level 1:colcon.colcon_core.package_identification:_identify(src/px4_msgs) by extension 'colcon_pkg'
[1.082s] Level 1:colcon.colcon_core.package_identification:_identify(src/px4_msgs) by extensions ['colcon_meta']
[1.082s] Level 1:colcon.colcon_core.package_identification:_identify(src/px4_msgs) by extension 'colcon_meta'
[1.082s] Level 1:colcon.colcon_core.package_identification:_identify(src/px4_msgs) by extensions ['ros']
[1.082s] Level 1:colcon.colcon_core.package_identification:_identify(src/px4_msgs) by extension 'ros'
[1.085s] DEBUG:colcon.colcon_core.package_identification:Package 'src/px4_msgs' with type 'ros.ament_cmake' and name 'px4_msgs'
[1.085s] Level 1:colcon.colcon_core.package_discovery:discover_packages(recursive) using defaults
[1.085s] Level 1:colcon.colcon_core.package_discovery:discover_packages(ignore) discover
[1.085s] Level 1:colcon.colcon_core.package_discovery:discover_packages(ignore) using defaults
[1.085s] Level 1:colcon.colcon_core.package_discovery:discover_packages(path) discover
[1.085s] Level 1:colcon.colcon_core.package_discovery:discover_packages(path) using defaults
[1.149s] INFO:colcon.colcon_core.package_selection:Skipping not selected package 'drone_pkg' in 'src/drone_pkg'
[1.149s] INFO:colcon.colcon_core.package_selection:Skipping not selected package 'px4_msgs' in 'src/px4_msgs'
[1.149s] INFO:colcon.colcon_core.package_selection:Skipping not selected package 'my_drone_bringup' in 'src/my_drone_bringup'
[1.150s] Level 1:colcon.colcon_core.package_discovery:discover_packages(prefix_path) check parameters
[1.150s] Level 1:colcon.colcon_core.package_discovery:discover_packages(prefix_path) discover
[1.155s] DEBUG:colcon.colcon_installed_package_information.package_discovery:Found 4 installed packages in /home/subhalaxmi/nidar_ws/install
[1.157s] DEBUG:colcon.colcon_installed_package_information.package_discovery:Found 1 installed packages in /home/subhalaxmi/rover_ws/install
[1.158s] DEBUG:colcon.colcon_installed_package_information.package_discovery:Found 2 installed packages in /home/subhalaxmi/autonav_ws/install
[1.159s] DEBUG:colcon.colcon_installed_package_information.package_discovery:Found 3 installed packages in /home/subhalaxmi/my_robot_ws/install
[1.161s] DEBUG:colcon.colcon_installed_package_information.package_discovery:Found 1 installed packages in /home/subhalaxmi/ros2_ws/install
[1.165s] DEBUG:colcon.colcon_installed_package_information.package_discovery:Found 345 installed packages in /opt/ros/humble
[1.171s] Level 1:colcon.colcon_core.package_discovery:discover_packages(prefix_path) using defaults
[1.292s] Level 5:colcon.colcon_core.verb:set package 'nidar_flight' build argument 'cmake_args' from command line to 'None'
[1.292s] Level 5:colcon.colcon_core.verb:set package 'nidar_flight' build argument 'cmake_target' from command line to 'None'
[1.292s] Level 5:colcon.colcon_core.verb:set package 'nidar_flight' build argument 'cmake_target_skip_unavailable' from command line to 'False'
[1.292s] Level 5:colcon.colcon_core.verb:set package 'nidar_flight' build argument 'cmake_clean_cache' from command line to 'False'
[1.292s] Level 5:colcon.colcon_core.verb:set package 'nidar_flight' build argument 'cmake_clean_first' from command line to 'False'
[1.292s] Level 5:colcon.colcon_core.verb:set package 'nidar_flight' build argument 'cmake_force_configure' from command line to 'False'
[1.293s] Level 5:colcon.colcon_core.verb:set package 'nidar_flight' build argument 'ament_cmake_args' from command line to 'None'
[1.293s] Level 5:colcon.colcon_core.verb:set package 'nidar_flight' build argument 'catkin_cmake_args' from command line to 'None'
[1.293s] Level 5:colcon.colcon_core.verb:set package 'nidar_flight' build argument 'catkin_skip_building_tests' from command line to 'False'
[1.293s] DEBUG:colcon.colcon_core.verb:Building package 'nidar_flight' with the following arguments: {'ament_cmake_args': None, 'build_base': '/home/subhalaxmi/nidar_ws/build/nidar_flight', 'catkin_cmake_args': None, 'catkin_skip_building_tests': False, 'cmake_args': None, 'cmake_clean_cache': False, 'cmake_clean_first': False, 'cmake_force_configure': False, 'cmake_target': None, 'cmake_target_skip_unavailable': False, 'install_base': '/home/subhalaxmi/nidar_ws/install/nidar_flight', 'merge_install': False, 'path': '/home/subhalaxmi/nidar_ws/src/nidar_flight', 'symlink_install': False, 'test_result_base': None}
[1.293s] INFO:colcon.colcon_core.executor:Executing jobs using 'parallel' executor
[1.295s] DEBUG:colcon.colcon_parallel_executor.executor.parallel:run_until_complete
[1.296s] INFO:colcon.colcon_ros.task.ament_python.build:Building ROS package in '/home/subhalaxmi/nidar_ws/src/nidar_flight' with build type 'ament_python'
[1.296s] Level 1:colcon.colcon_core.shell:create_environment_hook('nidar_flight', 'ament_prefix_path')
[1.302s] INFO:colcon.colcon_core.plugin_system:Skipping extension 'colcon_core.shell.bat': Not used on non-Windows systems
[1.302s] INFO:colcon.colcon_core.shell:Creating environment hook '/home/subhalaxmi/nidar_ws/install/nidar_flight/share/nidar_flight/hook/ament_prefix_path.ps1'
[1.304s] INFO:colcon.colcon_core.shell:Creating environment descriptor '/home/subhalaxmi/nidar_ws/install/nidar_flight/share/nidar_flight/hook/ament_prefix_path.dsv'
[1.306s] INFO:colcon.colcon_core.shell:Creating environment hook '/home/subhalaxmi/nidar_ws/install/nidar_flight/share/nidar_flight/hook/ament_prefix_path.sh'
[1.308s] INFO:colcon.colcon_core.shell:Skip shell extension 'powershell' for command environment: Not usable outside of PowerShell
[1.309s] DEBUG:colcon.colcon_core.shell:Skip shell extension 'dsv' for command environment
[2.046s] INFO:colcon.colcon_core.task.python.build:Building Python package in '/home/subhalaxmi/nidar_ws/src/nidar_flight'
[2.047s] INFO:colcon.colcon_core.shell:Skip shell extension 'powershell' for command environment: Not usable outside of PowerShell
[2.047s] DEBUG:colcon.colcon_core.shell:Skip shell extension 'dsv' for command environment
[3.156s] DEBUG:colcon.colcon_core.event_handler.log_command:Invoking command in '/home/subhalaxmi/nidar_ws/src/nidar_flight': PYTHONPATH=/home/subhalaxmi/nidar_ws/build/nidar_flight/prefix_override:/usr/lib/python3/dist-packages/colcon_core/task/python/colcon_distutils_commands:/home/subhalaxmi/nidar_ws/install/nidar_flight/lib/python3.10/site-packages:${PYTHONPATH} /usr/bin/python3 -W ignore:setup.py install is deprecated -W ignore:easy_install command is deprecated setup.py egg_info --egg-base ../../build/nidar_flight build --build-base /home/subhalaxmi/nidar_ws/build/nidar_flight/build install --record /home/subhalaxmi/nidar_ws/build/nidar_flight/install.log --single-version-externally-managed install_data
[3.797s] DEBUG:colcon.colcon_core.event_handler.log_command:Invoked command in '/home/subhalaxmi/nidar_ws/src/nidar_flight' returned '0': PYTHONPATH=/home/subhalaxmi/nidar_ws/build/nidar_flight/prefix_override:/usr/lib/python3/dist-packages/colcon_core/task/python/colcon_distutils_commands:/home/subhalaxmi/nidar_ws/install/nidar_flight/lib/python3.10/site-packages:${PYTHONPATH} /usr/bin/python3 -W ignore:setup.py install is deprecated -W ignore:easy_install command is deprecated setup.py egg_info --egg-base ../../build/nidar_flight build --build-base /home/subhalaxmi/nidar_ws/build/nidar_flight/build install --record /home/subhalaxmi/nidar_ws/build/nidar_flight/install.log --single-version-externally-managed install_data
[3.800s] Level 1:colcon.colcon_core.environment:checking '/home/subhalaxmi/nidar_ws/install/nidar_flight' for CMake module files
[3.801s] Level 1:colcon.colcon_core.environment:checking '/home/subhalaxmi/nidar_ws/install/nidar_flight' for CMake config files
[3.802s] Level 1:colcon.colcon_core.environment:checking '/home/subhalaxmi/nidar_ws/install/nidar_flight/lib'
[3.802s] Level 1:colcon.colcon_core.environment:checking '/home/subhalaxmi/nidar_ws/install/nidar_flight/bin'
[3.803s] Level 1:colcon.colcon_core.environment:checking '/home/subhalaxmi/nidar_ws/install/nidar_flight/lib/pkgconfig/nidar_flight.pc'
[3.803s] Level 1:colcon.colcon_core.environment:checking '/home/subhalaxmi/nidar_ws/install/nidar_flight/lib/python3.10/site-packages'
[3.803s] Level 1:colcon.colcon_core.shell:create_environment_hook('nidar_flight', 'pythonpath')
[3.804s] INFO:colcon.colcon_core.shell:Creating environment hook '/home/subhalaxmi/nidar_ws/install/nidar_flight/share/nidar_flight/hook/pythonpath.ps1'
[3.804s] INFO:colcon.colcon_core.shell:Creating environment descriptor '/home/subhalaxmi/nidar_ws/install/nidar_flight/share/nidar_flight/hook/pythonpath.dsv'
[3.805s] INFO:colcon.colcon_core.shell:Creating environment hook '/home/subhalaxmi/nidar_ws/install/nidar_flight/share/nidar_flight/hook/pythonpath.sh'
[3.806s] Level 1:colcon.colcon_core.environment:checking '/home/subhalaxmi/nidar_ws/install/nidar_flight/bin'
[3.806s] Level 1:colcon.colcon_core.environment:create_environment_scripts_only(nidar_flight)
[3.807s] INFO:colcon.colcon_core.shell:Creating package script '/home/subhalaxmi/nidar_ws/install/nidar_flight/share/nidar_flight/package.ps1'
[3.809s] INFO:colcon.colcon_core.shell:Creating package descriptor '/home/subhalaxmi/nidar_ws/install/nidar_flight/share/nidar_flight/package.dsv'
[3.811s] INFO:colcon.colcon_core.shell:Creating package script '/home/subhalaxmi/nidar_ws/install/nidar_flight/share/nidar_flight/package.sh'
[3.815s] INFO:colcon.colcon_core.shell:Creating package script '/home/subhalaxmi/nidar_ws/install/nidar_flight/share/nidar_flight/package.bash'
[3.819s] INFO:colcon.colcon_core.shell:Creating package script '/home/subhalaxmi/nidar_ws/install/nidar_flight/share/nidar_flight/package.zsh'
[3.823s] Level 1:colcon.colcon_core.environment:create_file_with_runtime_dependencies(/home/subhalaxmi/nidar_ws/install/nidar_flight/share/colcon-core/packages/nidar_flight)
[3.824s] DEBUG:colcon.colcon_parallel_executor.executor.parallel:closing loop
[3.826s] DEBUG:colcon.colcon_parallel_executor.executor.parallel:loop closed
[3.826s] DEBUG:colcon.colcon_parallel_executor.executor.parallel:run_until_complete finished with '0'
[3.826s] DEBUG:colcon.colcon_core.event_reactor:joining thread
[3.841s] INFO:colcon.colcon_core.plugin_system:Skipping extension 'colcon_notification.desktop_notification.terminal_notifier': Not used on non-Darwin systems
[3.842s] INFO:colcon.colcon_core.plugin_system:Skipping extension 'colcon_notification.desktop_notification.win32': Not used on non-Windows systems
[3.842s] INFO:colcon.colcon_notification.desktop_notification:Sending desktop notification using 'notify2'
[3.856s] DEBUG:colcon.colcon_core.event_reactor:joined thread
[3.857s] INFO:colcon.colcon_core.shell:Creating prefix script '/home/subhalaxmi/nidar_ws/install/local_setup.ps1'
[3.859s] INFO:colcon.colcon_core.shell:Creating prefix util module '/home/subhalaxmi/nidar_ws/install/_local_setup_util_ps1.py'
[3.861s] INFO:colcon.colcon_core.shell:Creating prefix chain script '/home/subhalaxmi/nidar_ws/install/setup.ps1'
[3.866s] INFO:colcon.colcon_core.shell:Creating prefix script '/home/subhalaxmi/nidar_ws/install/local_setup.sh'
[3.868s] INFO:colcon.colcon_core.shell:Creating prefix util module '/home/subhalaxmi/nidar_ws/install/_local_setup_util_sh.py'
[3.870s] INFO:colcon.colcon_core.shell:Creating prefix chain script '/home/subhalaxmi/nidar_ws/install/setup.sh'
[3.875s] INFO:colcon.colcon_core.shell:Creating prefix script '/home/subhalaxmi/nidar_ws/install/local_setup.bash'
[3.877s] INFO:colcon.colcon_core.shell:Creating prefix chain script '/home/subhalaxmi/nidar_ws/install/setup.bash'
[3.881s] INFO:colcon.colcon_core.shell:Creating prefix script '/home/subhalaxmi/nidar_ws/install/local_setup.zsh'
[3.883s] INFO:colcon.colcon_core.shell:Creating prefix chain script '/home/subhalaxmi/nidar_ws/install/setup.zsh'
