[1.660s] Invoking command in '/home/subhalaxmi/nidar_ws/src/nidar_flight': PYTHONPATH=/home/subhalaxmi/nidar_ws/build/nidar_flight/prefix_override:/usr/lib/python3/dist-packages/colcon_core/task/python/colcon_distutils_commands:/home/subhalaxmi/nidar_ws/install/nidar_flight/lib/python3.10/site-packages:${PYTHONPATH} /usr/bin/python3 -W ignore:setup.py install is deprecated -W ignore:easy_install command is deprecated setup.py egg_info --egg-base ../../build/nidar_flight build --build-base /home/subhalaxmi/nidar_ws/build/nidar_flight/build install --record /home/subhalaxmi/nidar_ws/build/nidar_flight/install.log --single-version-externally-managed install_data
[2.206s] running egg_info
[2.208s] writing ../../build/nidar_flight/nidar_flight.egg-info/PKG-INFO
[2.209s] writing dependency_links to ../../build/nidar_flight/nidar_flight.egg-info/dependency_links.txt
[2.209s] writing entry points to ../../build/nidar_flight/nidar_flight.egg-info/entry_points.txt
[2.209s] writing requirements to ../../build/nidar_flight/nidar_flight.egg-info/requires.txt
[2.209s] writing top-level names to ../../build/nidar_flight/nidar_flight.egg-info/top_level.txt
[2.213s] reading manifest file '../../build/nidar_flight/nidar_flight.egg-info/SOURCES.txt'
[2.215s] writing manifest file '../../build/nidar_flight/nidar_flight.egg-info/SOURCES.txt'
[2.215s] running build
[2.215s] running build_py
[2.216s] copying nidar_flight/square_path.py -> /home/subhalaxmi/nidar_ws/build/nidar_flight/build/lib/nidar_flight
[2.216s] running install
[2.217s] running install_lib
[2.218s] copying /home/subhalaxmi/nidar_ws/build/nidar_flight/build/lib/nidar_flight/square_path.py -> /home/subhalaxmi/nidar_ws/install/nidar_flight/lib/python3.10/site-packages/nidar_flight
[2.219s] byte-compiling /home/subhalaxmi/nidar_ws/install/nidar_flight/lib/python3.10/site-packages/nidar_flight/square_path.py to square_path.cpython-310.pyc
[2.221s] running install_data
[2.221s] running install_egg_info
[2.225s] removing '/home/subhalaxmi/nidar_ws/install/nidar_flight/lib/python3.10/site-packages/nidar_flight-0.0.0-py3.10.egg-info' (and everything under it)
[2.225s] Copying ../../build/nidar_flight/nidar_flight.egg-info to /home/subhalaxmi/nidar_ws/install/nidar_flight/lib/python3.10/site-packages/nidar_flight-0.0.0-py3.10.egg-info
[2.227s] running install_scripts
[2.266s] Installing square_path_node script to /home/subhalaxmi/nidar_ws/install/nidar_flight/lib/nidar_flight
[2.266s] Installing takeoff_node script to /home/subhalaxmi/nidar_ws/install/nidar_flight/lib/nidar_flight
[2.267s] writing list of installed files to '/home/subhalaxmi/nidar_ws/build/nidar_flight/install.log'
[2.313s] Invoked command in '/home/subhalaxmi/nidar_ws/src/nidar_flight' returned '0': PYTHONPATH=/home/subhalaxmi/nidar_ws/build/nidar_flight/prefix_override:/usr/lib/python3/dist-packages/colcon_core/task/python/colcon_distutils_commands:/home/subhalaxmi/nidar_ws/install/nidar_flight/lib/python3.10/site-packages:${PYTHONPATH} /usr/bin/python3 -W ignore:setup.py install is deprecated -W ignore:easy_install command is deprecated setup.py egg_info --egg-base ../../build/nidar_flight build --build-base /home/subhalaxmi/nidar_ws/build/nidar_flight/build install --record /home/subhalaxmi/nidar_ws/build/nidar_flight/install.log --single-version-externally-managed install_data
