[2.836s] Invoking command in '/home/subhalaxmi/nidar_ws/src/nidar_flight': PYTHONPATH=/home/subhalaxmi/nidar_ws/build/nidar_flight/prefix_override:/usr/lib/python3/dist-packages/colcon_core/task/python/colcon_distutils_commands:/home/subhalaxmi/nidar_ws/install/nidar_flight/lib/python3.10/site-packages:${PYTHONPATH} /usr/bin/python3 -W ignore:setup.py install is deprecated -W ignore:easy_install command is deprecated setup.py egg_info --egg-base ../../build/nidar_flight build --build-base /home/subhalaxmi/nidar_ws/build/nidar_flight/build install --record /home/subhalaxmi/nidar_ws/build/nidar_flight/install.log --single-version-externally-managed install_data
[3.995s] running egg_info
[3.997s] creating ../../build/nidar_flight/nidar_flight.egg-info
[3.999s] writing ../../build/nidar_flight/nidar_flight.egg-info/PKG-INFO
[3.999s] writing dependency_links to ../../build/nidar_flight/nidar_flight.egg-info/dependency_links.txt
[4.000s] writing entry points to ../../build/nidar_flight/nidar_flight.egg-info/entry_points.txt
[4.000s] writing requirements to ../../build/nidar_flight/nidar_flight.egg-info/requires.txt
[4.000s] writing top-level names to ../../build/nidar_flight/nidar_flight.egg-info/top_level.txt
[4.002s] writing manifest file '../../build/nidar_flight/nidar_flight.egg-info/SOURCES.txt'
[4.009s] reading manifest file '../../build/nidar_flight/nidar_flight.egg-info/SOURCES.txt'
[4.013s] writing manifest file '../../build/nidar_flight/nidar_flight.egg-info/SOURCES.txt'
[4.013s] running build
[4.015s] running build_py
[4.015s] creating /home/subhalaxmi/nidar_ws/build/nidar_flight/build
[4.015s] creating /home/subhalaxmi/nidar_ws/build/nidar_flight/build/lib
[4.015s] creating /home/subhalaxmi/nidar_ws/build/nidar_flight/build/lib/nidar_flight
[4.017s] copying nidar_flight/__init__.py -> /home/subhalaxmi/nidar_ws/build/nidar_flight/build/lib/nidar_flight
[4.017s] copying nidar_flight/takeoff_node.py -> /home/subhalaxmi/nidar_ws/build/nidar_flight/build/lib/nidar_flight
[4.017s] running install
[4.017s] running install_lib
[4.019s] creating /home/subhalaxmi/nidar_ws/install/nidar_flight/lib/python3.10/site-packages/nidar_flight
[4.021s] copying /home/subhalaxmi/nidar_ws/build/nidar_flight/build/lib/nidar_flight/__init__.py -> /home/subhalaxmi/nidar_ws/install/nidar_flight/lib/python3.10/site-packages/nidar_flight
[4.021s] copying /home/subhalaxmi/nidar_ws/build/nidar_flight/build/lib/nidar_flight/takeoff_node.py -> /home/subhalaxmi/nidar_ws/install/nidar_flight/lib/python3.10/site-packages/nidar_flight
[4.022s] byte-compiling /home/subhalaxmi/nidar_ws/install/nidar_flight/lib/python3.10/site-packages/nidar_flight/__init__.py to __init__.cpython-310.pyc
[4.022s] byte-compiling /home/subhalaxmi/nidar_ws/install/nidar_flight/lib/python3.10/site-packages/nidar_flight/takeoff_node.py to takeoff_node.cpython-310.pyc
[4.024s] running install_data
[4.025s] creating /home/subhalaxmi/nidar_ws/install/nidar_flight/share/ament_index
[4.026s] creating /home/subhalaxmi/nidar_ws/install/nidar_flight/share/ament_index/resource_index
[4.026s] creating /home/subhalaxmi/nidar_ws/install/nidar_flight/share/ament_index/resource_index/packages
[4.027s] copying resource/nidar_flight -> /home/subhalaxmi/nidar_ws/install/nidar_flight/share/ament_index/resource_index/packages
[4.027s] copying package.xml -> /home/subhalaxmi/nidar_ws/install/nidar_flight/share/nidar_flight
[4.027s] running install_egg_info
[4.034s] Copying ../../build/nidar_flight/nidar_flight.egg-info to /home/subhalaxmi/nidar_ws/install/nidar_flight/lib/python3.10/site-packages/nidar_flight-0.0.0-py3.10.egg-info
[4.038s] running install_scripts
[4.111s] Installing takeoff_node script to /home/subhalaxmi/nidar_ws/install/nidar_flight/lib/nidar_flight
[4.113s] writing list of installed files to '/home/subhalaxmi/nidar_ws/build/nidar_flight/install.log'
[4.201s] Invoked command in '/home/subhalaxmi/nidar_ws/src/nidar_flight' returned '0': PYTHONPATH=/home/subhalaxmi/nidar_ws/build/nidar_flight/prefix_override:/usr/lib/python3/dist-packages/colcon_core/task/python/colcon_distutils_commands:/home/subhalaxmi/nidar_ws/install/nidar_flight/lib/python3.10/site-packages:${PYTHONPATH} /usr/bin/python3 -W ignore:setup.py install is deprecated -W ignore:easy_install command is deprecated setup.py egg_info --egg-base ../../build/nidar_flight build --build-base /home/subhalaxmi/nidar_ws/build/nidar_flight/build install --record /home/subhalaxmi/nidar_ws/build/nidar_flight/install.log --single-version-externally-managed install_data
