[0.502s] DEBUG:colcon:Command line arguments: ['/usr/bin/colcon', 'list', '-p', '--base-paths', '/home/subhalaxmi/nidar_ws']
[0.502s] DEBUG:colcon:Parsed command line arguments: Namespace(log_base=None, log_level=None, verb_name='list', build_base='build', ignore_user_meta=False, metas=['./colcon.meta'], base_paths=['/home/subhalaxmi/nidar_ws'], packages_ignore=None, packages_ignore_regex=None, paths=None, packages_up_to=None, packages_up_to_regex=None, packages_above=None, packages_above_and_dependencies=None, packages_above_depth=None, packages_select_by_dep=None, packages_skip_by_dep=None, packages_skip_up_to=None, packages_select_build_failed=False, packages_skip_build_finished=False, packages_select_test_failures=False, packages_skip_test_passed=False, packages_select=None, packages_skip=None, packages_select_regex=None, packages_skip_regex=None, packages_start=None, packages_end=None, allow_overriding=[], topological_order=False, names_only=False, paths_only=True, topological_graph=False, topological_graph_dot=False, topological_graph_density=False, topological_graph_legend=False, topological_graph_dot_cluster=False, topological_graph_dot_include_skipped=False, mixin_files=None, mixin=None, verb_parser=<colcon_mixin.mixin.mixin_argument.MixinArgumentDecorator object at 0x70a0611a60b0>, verb_extension=<colcon_package_information.verb.list.ListVerb object at 0x70a0612b2e90>, main=<bound method ListVerb.main of <colcon_package_information.verb.list.ListVerb object at 0x70a0612b2e90>>, mixin_verb=('list',))
[1.597s] Level 1:colcon.colcon_core.package_discovery:discover_packages(colcon_meta) check parameters
[1.597s] Level 1:colcon.colcon_core.package_discovery:discover_packages(recursive) check parameters
[1.598s] Level 1:colcon.colcon_core.package_discovery:discover_packages(ignore) check parameters
[1.598s] Level 1:colcon.colcon_core.package_discovery:discover_packages(path) check parameters
[1.598s] Level 1:colcon.colcon_core.package_discovery:discover_packages(recursive) discover
[1.598s] INFO:colcon.colcon_core.package_discovery:Crawling recursively for packages in '/home/subhalaxmi/nidar_ws'
[1.599s] Level 1:colcon.colcon_core.package_identification:_identify(/home/subhalaxmi/nidar_ws) by extensions ['ignore', 'ignore_ament_install']
[1.599s] Level 1:colcon.colcon_core.package_identification:_identify(/home/subhalaxmi/nidar_ws) by extension 'ignore'
[1.599s] Level 1:colcon.colcon_core.package_identification:_identify(/home/subhalaxmi/nidar_ws) by extension 'ignore_ament_install'
[1.600s] Level 1:colcon.colcon_core.package_identification:_identify(/home/subhalaxmi/nidar_ws) by extensions ['colcon_pkg']
[1.600s] Level 1:colcon.colcon_core.package_identification:_identify(/home/subhalaxmi/nidar_ws) by extension 'colcon_pkg'
[1.600s] Level 1:colcon.colcon_core.package_identification:_identify(/home/subhalaxmi/nidar_ws) by extensions ['colcon_meta']
[1.600s] Level 1:colcon.colcon_core.package_identification:_identify(/home/subhalaxmi/nidar_ws) by extension 'colcon_meta'
[1.600s] Level 1:colcon.colcon_core.package_identification:_identify(/home/subhalaxmi/nidar_ws) by extensions ['ros']
[1.600s] Level 1:colcon.colcon_core.package_identification:_identify(/home/subhalaxmi/nidar_ws) by extension 'ros'
[1.781s] Level 1:colcon.colcon_core.package_identification:_identify(/home/subhalaxmi/nidar_ws) by extensions ['cmake', 'python']
[1.781s] Level 1:colcon.colcon_core.package_identification:_identify(/home/subhalaxmi/nidar_ws) by extension 'cmake'
[1.781s] Level 1:colcon.colcon_core.package_identification:_identify(/home/subhalaxmi/nidar_ws) by extension 'python'
[1.781s] Level 1:colcon.colcon_core.package_identification:_identify(/home/subhalaxmi/nidar_ws) by extensions ['python_setup_py']
[1.781s] Level 1:colcon.colcon_core.package_identification:_identify(/home/subhalaxmi/nidar_ws) by extension 'python_setup_py'
[1.784s] Level 1:colcon.colcon_core.package_identification:_identify(/home/subhalaxmi/nidar_ws/build) by extensions ['ignore', 'ignore_ament_install']
[1.785s] Level 1:colcon.colcon_core.package_identification:_identify(/home/subhalaxmi/nidar_ws/build) by extension 'ignore'
[1.785s] Level 1:colcon.colcon_core.package_identification:_identify(/home/subhalaxmi/nidar_ws/build) ignored
[1.785s] Level 1:colcon.colcon_core.package_identification:_identify(/home/subhalaxmi/nidar_ws/install) by extensions ['ignore', 'ignore_ament_install']
[1.786s] Level 1:colcon.colcon_core.package_identification:_identify(/home/subhalaxmi/nidar_ws/install) by extension 'ignore'
[1.786s] Level 1:colcon.colcon_core.package_identification:_identify(/home/subhalaxmi/nidar_ws/install) ignored
[1.787s] Level 1:colcon.colcon_core.package_identification:_identify(/home/subhalaxmi/nidar_ws/log) by extensions ['ignore', 'ignore_ament_install']
[1.789s] Level 1:colcon.colcon_core.package_identification:_identify(/home/subhalaxmi/nidar_ws/log) by extension 'ignore'
[1.789s] Level 1:colcon.colcon_core.package_identification:_identify(/home/subhalaxmi/nidar_ws/log) ignored
[1.789s] Level 1:colcon.colcon_core.package_identification:_identify(/home/subhalaxmi/nidar_ws/src) by extensions ['ignore', 'ignore_ament_install']
[1.790s] Level 1:colcon.colcon_core.package_identification:_identify(/home/subhalaxmi/nidar_ws/src) by extension 'ignore'
[1.790s] Level 1:colcon.colcon_core.package_identification:_identify(/home/subhalaxmi/nidar_ws/src) by extension 'ignore_ament_install'
[1.790s] Level 1:colcon.colcon_core.package_identification:_identify(/home/subhalaxmi/nidar_ws/src) by extensions ['colcon_pkg']
[1.791s] Level 1:colcon.colcon_core.package_identification:_identify(/home/subhalaxmi/nidar_ws/src) by extension 'colcon_pkg'
[1.795s] Level 1:colcon.colcon_core.package_identification:_identify(/home/subhalaxmi/nidar_ws/src) by extensions ['colcon_meta']
[1.795s] Level 1:colcon.colcon_core.package_identification:_identify(/home/subhalaxmi/nidar_ws/src) by extension 'colcon_meta'
[1.796s] Level 1:colcon.colcon_core.package_identification:_identify(/home/subhalaxmi/nidar_ws/src) by extensions ['ros']
[1.796s] Level 1:colcon.colcon_core.package_identification:_identify(/home/subhalaxmi/nidar_ws/src) by extension 'ros'
[1.796s] Level 1:colcon.colcon_core.package_identification:_identify(/home/subhalaxmi/nidar_ws/src) by extensions ['cmake', 'python']
[1.796s] Level 1:colcon.colcon_core.package_identification:_identify(/home/subhalaxmi/nidar_ws/src) by extension 'cmake'
[1.797s] Level 1:colcon.colcon_core.package_identification:_identify(/home/subhalaxmi/nidar_ws/src) by extension 'python'
[1.797s] Level 1:colcon.colcon_core.package_identification:_identify(/home/subhalaxmi/nidar_ws/src) by extensions ['python_setup_py']
[1.798s] Level 1:colcon.colcon_core.package_identification:_identify(/home/subhalaxmi/nidar_ws/src) by extension 'python_setup_py'
[1.799s] Level 1:colcon.colcon_core.package_identification:_identify(/home/subhalaxmi/nidar_ws/src/drone_pkg) by extensions ['ignore', 'ignore_ament_install']
[1.800s] Level 1:colcon.colcon_core.package_identification:_identify(/home/subhalaxmi/nidar_ws/src/drone_pkg) by extension 'ignore'
[1.803s] Level 1:colcon.colcon_core.package_identification:_identify(/home/subhalaxmi/nidar_ws/src/drone_pkg) by extension 'ignore_ament_install'
[1.803s] Level 1:colcon.colcon_core.package_identification:_identify(/home/subhalaxmi/nidar_ws/src/drone_pkg) by extensions ['colcon_pkg']
[1.804s] Level 1:colcon.colcon_core.package_identification:_identify(/home/subhalaxmi/nidar_ws/src/drone_pkg) by extension 'colcon_pkg'
[1.804s] Level 1:colcon.colcon_core.package_identification:_identify(/home/subhalaxmi/nidar_ws/src/drone_pkg) by extensions ['colcon_meta']
[1.804s] Level 1:colcon.colcon_core.package_identification:_identify(/home/subhalaxmi/nidar_ws/src/drone_pkg) by extension 'colcon_meta'
[1.804s] Level 1:colcon.colcon_core.package_identification:_identify(/home/subhalaxmi/nidar_ws/src/drone_pkg) by extensions ['ros']
[1.804s] Level 1:colcon.colcon_core.package_identification:_identify(/home/subhalaxmi/nidar_ws/src/drone_pkg) by extension 'ros'
[1.829s] DEBUG:colcon.colcon_core.package_identification:Package '/home/subhalaxmi/nidar_ws/src/drone_pkg' with type 'ros.ament_python' and name 'drone_pkg'
[1.833s] Level 1:colcon.colcon_core.package_identification:_identify(/home/subhalaxmi/nidar_ws/src/my_drone_bringup) by extensions ['ignore', 'ignore_ament_install']
[1.833s] Level 1:colcon.colcon_core.package_identification:_identify(/home/subhalaxmi/nidar_ws/src/my_drone_bringup) by extension 'ignore'
[1.834s] Level 1:colcon.colcon_core.package_identification:_identify(/home/subhalaxmi/nidar_ws/src/my_drone_bringup) by extension 'ignore_ament_install'
[1.834s] Level 1:colcon.colcon_core.package_identification:_identify(/home/subhalaxmi/nidar_ws/src/my_drone_bringup) by extensions ['colcon_pkg']
[1.834s] Level 1:colcon.colcon_core.package_identification:_identify(/home/subhalaxmi/nidar_ws/src/my_drone_bringup) by extension 'colcon_pkg'
[1.834s] Level 1:colcon.colcon_core.package_identification:_identify(/home/subhalaxmi/nidar_ws/src/my_drone_bringup) by extensions ['colcon_meta']
[1.834s] Level 1:colcon.colcon_core.package_identification:_identify(/home/subhalaxmi/nidar_ws/src/my_drone_bringup) by extension 'colcon_meta'
[1.834s] Level 1:colcon.colcon_core.package_identification:_identify(/home/subhalaxmi/nidar_ws/src/my_drone_bringup) by extensions ['ros']
[1.834s] Level 1:colcon.colcon_core.package_identification:_identify(/home/subhalaxmi/nidar_ws/src/my_drone_bringup) by extension 'ros'
[1.839s] DEBUG:colcon.colcon_core.package_identification:Package '/home/subhalaxmi/nidar_ws/src/my_drone_bringup' with type 'ros.ament_cmake' and name 'my_drone_bringup'
[1.840s] Level 1:colcon.colcon_core.package_identification:_identify(/home/subhalaxmi/nidar_ws/src/px4_msgs) by extensions ['ignore', 'ignore_ament_install']
[1.840s] Level 1:colcon.colcon_core.package_identification:_identify(/home/subhalaxmi/nidar_ws/src/px4_msgs) by extension 'ignore'
[1.841s] Level 1:colcon.colcon_core.package_identification:_identify(/home/subhalaxmi/nidar_ws/src/px4_msgs) by extension 'ignore_ament_install'
[1.841s] Level 1:colcon.colcon_core.package_identification:_identify(/home/subhalaxmi/nidar_ws/src/px4_msgs) by extensions ['colcon_pkg']
[1.841s] Level 1:colcon.colcon_core.package_identification:_identify(/home/subhalaxmi/nidar_ws/src/px4_msgs) by extension 'colcon_pkg'
[1.841s] Level 1:colcon.colcon_core.package_identification:_identify(/home/subhalaxmi/nidar_ws/src/px4_msgs) by extensions ['colcon_meta']
[1.841s] Level 1:colcon.colcon_core.package_identification:_identify(/home/subhalaxmi/nidar_ws/src/px4_msgs) by extension 'colcon_meta'
[1.841s] Level 1:colcon.colcon_core.package_identification:_identify(/home/subhalaxmi/nidar_ws/src/px4_msgs) by extensions ['ros']
[1.842s] Level 1:colcon.colcon_core.package_identification:_identify(/home/subhalaxmi/nidar_ws/src/px4_msgs) by extension 'ros'
[1.848s] DEBUG:colcon.colcon_core.package_identification:Package '/home/subhalaxmi/nidar_ws/src/px4_msgs' with type 'ros.ament_cmake' and name 'px4_msgs'
[1.851s] Level 1:colcon.colcon_core.package_discovery:discover_packages(recursive) using defaults
