[3.488s] Invoking command in '/home/subhalaxmi/nidar_ws/src/drone_pkg': PYTHONPATH=/home/subhalaxmi/nidar_ws/build/drone_pkg/prefix_override:/usr/lib/python3/dist-packages/colcon_core/task/python/colcon_distutils_commands:/home/subhalaxmi/nidar_ws/install/drone_pkg/lib/python3.10/site-packages:${PYTHONPATH} /usr/bin/python3 -W ignore:setup.py install is deprecated -W ignore:easy_install command is deprecated setup.py egg_info --egg-base ../../build/drone_pkg build --build-base /home/subhalaxmi/nidar_ws/build/drone_pkg/build install --record /home/subhalaxmi/nidar_ws/build/drone_pkg/install.log --single-version-externally-managed install_data
[4.954s] running egg_info
[4.960s] writing ../../build/drone_pkg/drone_pkg.egg-info/PKG-INFO
[4.960s] writing dependency_links to ../../build/drone_pkg/drone_pkg.egg-info/dependency_links.txt
[4.962s] writing entry points to ../../build/drone_pkg/drone_pkg.egg-info/entry_points.txt
[4.963s] writing requirements to ../../build/drone_pkg/drone_pkg.egg-info/requires.txt
[4.963s] writing top-level names to ../../build/drone_pkg/drone_pkg.egg-info/top_level.txt
[4.968s] reading manifest file '../../build/drone_pkg/drone_pkg.egg-info/SOURCES.txt'
[4.975s] writing manifest file '../../build/drone_pkg/drone_pkg.egg-info/SOURCES.txt'
[4.978s] running build
[4.979s] running build_py
[4.983s] running install
[4.985s] running install_lib
[4.989s] running install_data
[4.989s] running install_egg_info
[4.999s] removing '/home/subhalaxmi/nidar_ws/install/drone_pkg/lib/python3.10/site-packages/drone_pkg-0.0.0-py3.10.egg-info' (and everything under it)
[5.003s] Copying ../../build/drone_pkg/drone_pkg.egg-info to /home/subhalaxmi/nidar_ws/install/drone_pkg/lib/python3.10/site-packages/drone_pkg-0.0.0-py3.10.egg-info
[5.009s] running install_scripts
[5.099s] Installing altitude_publisher script to /home/subhalaxmi/nidar_ws/install/drone_pkg/lib/drone_pkg
[5.099s] Installing altitude_subscriber script to /home/subhalaxmi/nidar_ws/install/drone_pkg/lib/drone_pkg
[5.101s] Installing arm_client script to /home/subhalaxmi/nidar_ws/install/drone_pkg/lib/drone_pkg
[5.102s] Installing arm_server script to /home/subhalaxmi/nidar_ws/install/drone_pkg/lib/drone_pkg
[5.102s] Installing simple_node script to /home/subhalaxmi/nidar_ws/install/drone_pkg/lib/drone_pkg
[5.108s] writing list of installed files to '/home/subhalaxmi/nidar_ws/build/drone_pkg/install.log'
[5.203s] Invoked command in '/home/subhalaxmi/nidar_ws/src/drone_pkg' returned '0': PYTHONPATH=/home/subhalaxmi/nidar_ws/build/drone_pkg/prefix_override:/usr/lib/python3/dist-packages/colcon_core/task/python/colcon_distutils_commands:/home/subhalaxmi/nidar_ws/install/drone_pkg/lib/python3.10/site-packages:${PYTHONPATH} /usr/bin/python3 -W ignore:setup.py install is deprecated -W ignore:easy_install command is deprecated setup.py egg_info --egg-base ../../build/drone_pkg build --build-base /home/subhalaxmi/nidar_ws/build/drone_pkg/build install --record /home/subhalaxmi/nidar_ws/build/drone_pkg/install.log --single-version-externally-managed install_data
