[0.602s] Invoking command in '/home/subhalaxmi/nidar_ws/build/px4_msgs': CMAKE_PREFIX_PATH=${CMAKE_PREFIX_PATH}:/home/subhalaxmi/nidar_ws/install/nidar_flight:/home/subhalaxmi/nidar_ws/install/drone_pkg:/home/subhalaxmi/my_robot_ws/install/line_follower:/home/subhalaxmi/ros2_ws/install/my_py_pkg:/opt/ros/humble /usr/bin/cmake --build /home/subhalaxmi/nidar_ws/build/px4_msgs -- -j4 -l4
[2.809s] -- Found ament_cmake: 1.3.12 (/opt/ros/humble/share/ament_cmake/cmake)
[3.073s] -- Found builtin_interfaces: 1.2.2 (/opt/ros/humble/share/builtin_interfaces/cmake)
[3.133s] -- Found rosidl_generator_c: 3.1.7 (/opt/ros/humble/share/rosidl_generator_c/cmake)
[3.140s] -- Found rosidl_adapter: 3.1.7 (/opt/ros/humble/share/rosidl_adapter/cmake)
[3.154s] -- Found rosidl_generator_cpp: 3.1.7 (/opt/ros/humble/share/rosidl_generator_cpp/cmake)
[3.177s] -- Using all available rosidl_typesupport_c: rosidl_typesupport_fastrtps_c;rosidl_typesupport_introspection_c
[3.207s] -- Using all available rosidl_typesupport_cpp: rosidl_typesupport_fastrtps_cpp;rosidl_typesupport_introspection_cpp
[3.235s] -- Found rosidl_default_generators: 1.2.0 (/opt/ros/humble/share/rosidl_default_generators/cmake)
[7.406s] -- Found ament_cmake_ros: 0.10.0 (/opt/ros/humble/share/ament_cmake_ros/cmake)
[8.599s] -- Using all available rosidl_typesupport_c: rosidl_typesupport_fastrtps_c;rosidl_typesupport_introspection_c
[9.094s] -- Using all available rosidl_typesupport_cpp: rosidl_typesupport_fastrtps_cpp;rosidl_typesupport_introspection_cpp
[9.177s] -- Found python_cmake_module: 0.10.0 (/opt/ros/humble/share/python_cmake_module/cmake)
[9.256s] -- Using PYTHON_EXECUTABLE: /usr/bin/python3
[9.256s] -- Using PYTHON_INCLUDE_DIRS: /usr/include/python3.10
[9.257s] -- Using PYTHON_LIBRARIES: /usr/lib/x86_64-linux-gnu/libpython3.10.so
[9.495s] -- Configuring done
[10.818s] -- Generating done
[10.956s] -- Build files have been written to: /home/subhalaxmi/nidar_ws/build/px4_msgs
[11.105s] [  0%] [34m[1mGenerating C code for ROS interfaces[0m
[11.308s] [  0%] [34m[1mGenerating C++ code for ROS interfaces[0m
[11.702s] [  0%] Built target ament_cmake_python_copy_px4_msgs
[12.819s] running egg_info
[12.822s] writing px4_msgs.egg-info/PKG-INFO
[12.822s] writing dependency_links to px4_msgs.egg-info/dependency_links.txt
[12.823s] writing top-level names to px4_msgs.egg-info/top_level.txt
[12.840s] reading manifest file 'px4_msgs.egg-info/SOURCES.txt'
[12.854s] writing manifest file 'px4_msgs.egg-info/SOURCES.txt'
[12.921s] [  0%] Built target ament_cmake_python_build_px4_msgs_egg
[82.893s] Traceback (most recent call last):
[82.894s] Traceback (most recent call last):
[82.895s]   File "/opt/ros/humble/share/rosidl_generator_c/cmake/../../../lib/rosidl_generator_c/rosidl_generator_c", line 38, in <module>
[82.896s]   File "/opt/ros/humble/share/rosidl_generator_cpp/cmake/../../../lib/rosidl_generator_cpp/rosidl_generator_cpp", line 38, in <module>
[82.896s] gmake[2]: *** Deleting file 'rosidl_generator_c/px4_msgs/msg/action_request.h'
[82.896s]     sys.exit(main())
[82.897s]     sys.exit(main())
[82.897s]   File "/opt/ros/humble/share/rosidl_generator_c/cmake/../../../lib/rosidl_generator_c/rosidl_generator_c", line 34, in main
[82.897s]   File "/opt/ros/humble/share/rosidl_generator_cpp/cmake/../../../lib/rosidl_generator_cpp/rosidl_generator_cpp", line 34, in main
[82.898s]     generate_c(args.generator_arguments_file)
[82.898s]     generate_cpp(args.generator_arguments_file)
[82.899s]   File "/opt/ros/humble/local/lib/python3.10/dist-packages/rosidl_generator_c/__init__.py", line 37, in generate_c
[82.899s]   File "/opt/ros/humble/local/lib/python3.10/dist-packages/rosidl_generator_cpp/__init__.py", line 39, in generate_cpp
[82.899s]     return generate_files(
[82.899s]     return generate_files(
[82.899s]   File "/opt/ros/humble/local/lib/python3.10/dist-packages/rosidl_cmake/__init__.py", line 74, in generate_files
[82.899s]   File "/opt/ros/humble/local/lib/python3.10/dist-packages/rosidl_cmake/__init__.py", line 74, in generate_files
[82.899s]     idl_file = parse_idl_file(locator)
[82.900s]   File "/opt/ros/humble/local/lib/python3.10/dist-packages/rosidl_parser/parser.py", line 64, in parse_idl_file
[82.900s] gmake[2]: *** Deleting file 'rosidl_generator_cpp/px4_msgs/msg/action_request.hpp'
[82.900s]     idl_file = parse_idl_file(locator)
[82.900s]   File "/opt/ros/humble/local/lib/python3.10/dist-packages/rosidl_parser/parser.py", line 64, in parse_idl_file
[82.900s]     content = parse_idl_string(string, png_file=png_file)
[82.900s]   File "/opt/ros/humble/local/lib/python3.10/dist-packages/rosidl_parser/parser.py", line 72, in parse_idl_string
[82.900s]     content = parse_idl_string(string, png_file=png_file)
[82.900s]   File "/opt/ros/humble/local/lib/python3.10/dist-packages/rosidl_parser/parser.py", line 72, in parse_idl_string
[82.900s]     tree = get_ast_from_idl_string(idl_string)
[82.901s]   File "/opt/ros/humble/local/lib/python3.10/dist-packages/rosidl_parser/parser.py", line 89, in get_ast_from_idl_string
[82.901s]     tree = get_ast_from_idl_string(idl_string)
[82.902s]   File "/opt/ros/humble/local/lib/python3.10/dist-packages/rosidl_parser/parser.py", line 89, in get_ast_from_idl_string
[82.903s]     return _parser.parse(idl_string)
[82.903s]     return _parser.parse(idl_string)
[82.903s]   File "/home/subhalaxmi/.local/lib/python3.10/site-packages/lark/lark.py", line 677, in parse
[82.904s]   File "/home/subhalaxmi/.local/lib/python3.10/site-packages/lark/lark.py", line 677, in parse
[82.904s]     return self.parser.parse(text, start=start, on_error=on_error)
[82.904s]   File "/home/subhalaxmi/.local/lib/python3.10/site-packages/lark/parser_frontends.py", line 131, in parse
[82.904s]     return self.parser.parse(text, start=start, on_error=on_error)
[82.904s]   File "/home/subhalaxmi/.local/lib/python3.10/site-packages/lark/parser_frontends.py", line 131, in parse
[82.904s]     return self.parser.parse(stream, chosen_start, **kw)
[82.905s]     return self.parser.parse(stream, chosen_start, **kw)
[82.905s]   File "/home/subhalaxmi/.local/lib/python3.10/site-packages/lark/parsers/earley.py", line 280, in parse
[82.905s]   File "/home/subhalaxmi/.local/lib/python3.10/site-packages/lark/parsers/earley.py", line 280, in parse
[82.905s]     to_scan = self._parse(lexer, columns, to_scan, start_symbol)
[82.905s]   File "/home/subhalaxmi/.local/lib/python3.10/site-packages/lark/parsers/xearley.py", line 151, in _parse
[82.905s]     to_scan = self._parse(lexer, columns, to_scan, start_symbol)
[82.905s]   File "/home/subhalaxmi/.local/lib/python3.10/site-packages/lark/parsers/xearley.py", line 151, in _parse
[82.905s]     self.predict_and_complete(i, to_scan, columns, transitives, node_cache)
[82.905s]   File "/home/subhalaxmi/.local/lib/python3.10/site-packages/lark/parsers/earley.py", line 165, in predict_and_complete
[82.906s]     self.predict_and_complete(i, to_scan, columns, transitives, node_cache)
[82.906s]   File "/home/subhalaxmi/.local/lib/python3.10/site-packages/lark/parsers/earley.py", line 134, in predict_and_complete
[82.906s]     to_scan.add(new_item)
[82.906s]     originators = [originator for originator in columns[item.start] if originator.expect is not None and originator.expect == item.s]
[82.906s]   File "/home/subhalaxmi/.local/lib/python3.10/site-packages/lark/utils.py", line 401, in add
[82.906s]   File "/home/subhalaxmi/.local/lib/python3.10/site-packages/lark/parsers/earley.py", line 134, in <listcomp>
[82.906s]     originators = [originator for originator in columns[item.start] if originator.expect is not None and originator.expect == item.s]
[82.906s]   File "/home/subhalaxmi/.local/lib/python3.10/site-packages/lark/grammar.py", line 21, in __eq__
[82.906s]     self.d[item] = None
[82.907s]   File "/home/subhalaxmi/.local/lib/python3.10/site-packages/lark/parsers/earley_common.py", line 29, in __eq__
[82.907s]     return self.is_term == other.is_term and self.name == other.name
[82.907s]   File "/home/subhalaxmi/.local/lib/python3.10/site-packages/lark/lexer.py", line 269, in __eq__
[82.907s]     return self is other or (self.s == other.s and self.start == other.start and self.rule == other.rule)
[82.907s]   File "/home/subhalaxmi/.local/lib/python3.10/site-packages/lark/grammar.py", line 133, in __eq__
[82.907s]     return self.origin == other.origin and self.expansion == other.expansion
[82.907s]     return str.__eq__(self, other)
[82.907s]   File "/home/subhalaxmi/.local/lib/python3.10/site-packages/lark/grammar.py", line 21, in __eq__
[82.907s] KeyboardInterrupt
[82.908s]     return self.is_term == other.is_term and self.name == other.name
[82.908s]   File "/home/subhalaxmi/.local/lib/python3.10/site-packages/lark/lexer.py", line 266, in __eq__
[82.908s]     if isinstance(other, Token) and self.type != other.type:
[82.908s] KeyboardInterrupt
[82.952s] gmake[2]: *** [CMakeFiles/px4_msgs__cpp.dir/build.make:1559: rosidl_generator_cpp/px4_msgs/msg/action_request.hpp] Interrupt
[82.953s] gmake[1]: *** [CMakeFiles/Makefile2:265: CMakeFiles/px4_msgs__cpp.dir/all] Interrupt
[82.956s] gmake[2]: *** [CMakeFiles/px4_msgs__rosidl_generator_c.dir/build.make:333: rosidl_generator_c/px4_msgs/msg/action_request.h] Interrupt
[82.956s] gmake[1]: *** [CMakeFiles/Makefile2:212: CMakeFiles/px4_msgs__rosidl_generator_c.dir/all] Interrupt
[82.957s] gmake: *** [Makefile:146: all] Interrupt
[82.959s] Invoked command in '/home/subhalaxmi/nidar_ws/build/px4_msgs' returned '-2': CMAKE_PREFIX_PATH=${CMAKE_PREFIX_PATH}:/home/subhalaxmi/nidar_ws/install/nidar_flight:/home/subhalaxmi/nidar_ws/install/drone_pkg:/home/subhalaxmi/my_robot_ws/install/line_follower:/home/subhalaxmi/ros2_ws/install/my_py_pkg:/opt/ros/humble /usr/bin/cmake --build /home/subhalaxmi/nidar_ws/build/px4_msgs -- -j4 -l4
