[0.235s] DEBUG:colcon:Command line arguments: ['/usr/bin/colcon', 'build']
[0.235s] DEBUG:colcon:Parsed command line arguments: Namespace(log_base=None, log_level=None, verb_name='build', build_base='build', install_base='install', merge_install=False, symlink_install=False, test_result_base=None, continue_on_error=False, executor='parallel', parallel_workers=4, event_handlers=None, ignore_user_meta=False, metas=['./colcon.meta'], base_paths=['.'], packages_ignore=None, packages_ignore_regex=None, paths=None, packages_up_to=None, packages_up_to_regex=None, packages_above=None, packages_above_and_dependencies=None, packages_above_depth=None, packages_select_by_dep=None, packages_skip_by_dep=None, packages_skip_up_to=None, packages_select_build_failed=False, packages_skip_build_finished=False, packages_select_test_failures=False, packages_skip_test_passed=False, packages_select=None, packages_skip=None, packages_select_regex=None, packages_skip_regex=None, packages_start=None, packages_end=None, allow_overriding=[], cmake_args=None, cmake_target=None, cmake_target_skip_unavailable=False, cmake_clean_cache=False, cmake_clean_first=False, cmake_force_configure=False, ament_cmake_args=None, catkin_cmake_args=None, catkin_skip_building_tests=False, mixin_files=None, mixin=None, verb_parser=<colcon_mixin.mixin.mixin_argument.MixinArgumentDecorator object at 0x71f6724a8070>, verb_extension=<colcon_core.verb.build.BuildVerb object at 0x71f6724117b0>, main=<bound method BuildVerb.main of <colcon_core.verb.build.BuildVerb object at 0x71f6724117b0>>, mixin_verb=('build',))
[0.610s] Level 1:colcon.colcon_core.package_discovery:discover_packages(colcon_meta) check parameters
[0.610s] Level 1:colcon.colcon_core.package_discovery:discover_packages(recursive) check parameters
[0.610s] Level 1:colcon.colcon_core.package_discovery:discover_packages(ignore) check parameters
[0.610s] Level 1:colcon.colcon_core.package_discovery:discover_packages(path) check parameters
[0.611s] Level 1:colcon.colcon_core.package_discovery:discover_packages(colcon_meta) discover
[0.611s] Level 1:colcon.colcon_core.package_discovery:discover_packages(recursive) discover
[0.611s] INFO:colcon.colcon_core.package_discovery:Crawling recursively for packages in '/home/subhalaxmi/nidar_ws'
[0.611s] Level 1:colcon.colcon_core.package_identification:_identify(.) by extensions ['ignore', 'ignore_ament_install']
[0.611s] Level 1:colcon.colcon_core.package_identification:_identify(.) by extension 'ignore'
[0.611s] Level 1:colcon.colcon_core.package_identification:_identify(.) by extension 'ignore_ament_install'
[0.612s] Level 1:colcon.colcon_core.package_identification:_identify(.) by extensions ['colcon_pkg']
[0.612s] Level 1:colcon.colcon_core.package_identification:_identify(.) by extension 'colcon_pkg'
[0.612s] Level 1:colcon.colcon_core.package_identification:_identify(.) by extensions ['colcon_meta']
[0.612s] Level 1:colcon.colcon_core.package_identification:_identify(.) by extension 'colcon_meta'
[0.612s] Level 1:colcon.colcon_core.package_identification:_identify(.) by extensions ['ros']
[0.612s] Level 1:colcon.colcon_core.package_identification:_identify(.) by extension 'ros'
[0.672s] Level 1:colcon.colcon_core.package_identification:_identify(.) by extensions ['cmake', 'python']
[0.672s] Level 1:colcon.colcon_core.package_identification:_identify(.) by extension 'cmake'
[0.672s] Level 1:colcon.colcon_core.package_identification:_identify(.) by extension 'python'
[0.673s] Level 1:colcon.colcon_core.package_identification:_identify(.) by extensions ['python_setup_py']
[0.673s] Level 1:colcon.colcon_core.package_identification:_identify(.) by extension 'python_setup_py'
[0.673s] Level 1:colcon.colcon_core.package_identification:_identify(build) by extensions ['ignore', 'ignore_ament_install']
[0.673s] Level 1:colcon.colcon_core.package_identification:_identify(build) by extension 'ignore'
[0.673s] Level 1:colcon.colcon_core.package_identification:_identify(build) ignored
[0.674s] Level 1:colcon.colcon_core.package_identification:_identify(install) by extensions ['ignore', 'ignore_ament_install']
[0.674s] Level 1:colcon.colcon_core.package_identification:_identify(install) by extension 'ignore'
[0.674s] Level 1:colcon.colcon_core.package_identification:_identify(install) ignored
[0.674s] Level 1:colcon.colcon_core.package_identification:_identify(log) by extensions ['ignore', 'ignore_ament_install']
[0.675s] Level 1:colcon.colcon_core.package_identification:_identify(log) by extension 'ignore'
[0.675s] Level 1:colcon.colcon_core.package_identification:_identify(log) ignored
[0.675s] Level 1:colcon.colcon_core.package_identification:_identify(src) by extensions ['ignore', 'ignore_ament_install']
[0.675s] Level 1:colcon.colcon_core.package_identification:_identify(src) by extension 'ignore'
[0.675s] Level 1:colcon.colcon_core.package_identification:_identify(src) by extension 'ignore_ament_install'
[0.676s] Level 1:colcon.colcon_core.package_identification:_identify(src) by extensions ['colcon_pkg']
[0.676s] Level 1:colcon.colcon_core.package_identification:_identify(src) by extension 'colcon_pkg'
[0.676s] Level 1:colcon.colcon_core.package_identification:_identify(src) by extensions ['colcon_meta']
[0.676s] Level 1:colcon.colcon_core.package_identification:_identify(src) by extension 'colcon_meta'
[0.676s] Level 1:colcon.colcon_core.package_identification:_identify(src) by extensions ['ros']
[0.676s] Level 1:colcon.colcon_core.package_identification:_identify(src) by extension 'ros'
[0.676s] Level 1:colcon.colcon_core.package_identification:_identify(src) by extensions ['cmake', 'python']
[0.676s] Level 1:colcon.colcon_core.package_identification:_identify(src) by extension 'cmake'
[0.677s] Level 1:colcon.colcon_core.package_identification:_identify(src) by extension 'python'
[0.677s] Level 1:colcon.colcon_core.package_identification:_identify(src) by extensions ['python_setup_py']
[0.677s] Level 1:colcon.colcon_core.package_identification:_identify(src) by extension 'python_setup_py'
[0.677s] Level 1:colcon.colcon_core.package_identification:_identify(src/drone_pkg) by extensions ['ignore', 'ignore_ament_install']
[0.677s] Level 1:colcon.colcon_core.package_identification:_identify(src/drone_pkg) by extension 'ignore'
[0.677s] Level 1:colcon.colcon_core.package_identification:_identify(src/drone_pkg) by extension 'ignore_ament_install'
[0.678s] Level 1:colcon.colcon_core.package_identification:_identify(src/drone_pkg) by extensions ['colcon_pkg']
[0.678s] Level 1:colcon.colcon_core.package_identification:_identify(src/drone_pkg) by extension 'colcon_pkg'
[0.678s] Level 1:colcon.colcon_core.package_identification:_identify(src/drone_pkg) by extensions ['colcon_meta']
[0.678s] Level 1:colcon.colcon_core.package_identification:_identify(src/drone_pkg) by extension 'colcon_meta'
[0.678s] Level 1:colcon.colcon_core.package_identification:_identify(src/drone_pkg) by extensions ['ros']
[0.678s] Level 1:colcon.colcon_core.package_identification:_identify(src/drone_pkg) by extension 'ros'
[0.683s] DEBUG:colcon.colcon_core.package_identification:Found ROS schema reference in package manifest in 'src/drone_pkg'
[0.684s] WARNING:colcon.colcon_core.package_identification:Failed to parse ROS package manifest in 'src/drone_pkg': Error(s) in package 'src/drone_pkg/package.xml':
The package "drone_pkg" must not "exec_depend" on a package with the same name as this package
[0.684s] Level 1:colcon.colcon_core.package_identification:_identify(src/drone_pkg) by extensions ['cmake', 'python']
[0.684s] Level 1:colcon.colcon_core.package_identification:_identify(src/drone_pkg) by extension 'cmake'
[0.684s] Level 1:colcon.colcon_core.package_identification:_identify(src/drone_pkg) by extension 'python'
[0.684s] DEBUG:colcon.colcon_core.package_identification:Python package in 'src/drone_pkg' passes arguments to the setup() function which requires a different identification extension than 'python'
[0.684s] Level 1:colcon.colcon_core.package_identification:_identify(src/drone_pkg) by extensions ['python_setup_py']
[0.684s] Level 1:colcon.colcon_core.package_identification:_identify(src/drone_pkg) by extension 'python_setup_py'
[1.262s] DEBUG:colcon.colcon_core.package_identification:Package 'src/drone_pkg' with type 'python' and name 'drone_pkg'
[1.262s] Level 1:colcon.colcon_core.package_discovery:discover_packages(recursive) using defaults
[1.262s] Level 1:colcon.colcon_core.package_discovery:discover_packages(ignore) discover
[1.262s] Level 1:colcon.colcon_core.package_discovery:discover_packages(ignore) using defaults
[1.262s] Level 1:colcon.colcon_core.package_discovery:discover_packages(path) discover
[1.262s] Level 1:colcon.colcon_core.package_discovery:discover_packages(path) using defaults
[1.301s] Level 1:colcon.colcon_core.package_discovery:discover_packages(prefix_path) check parameters
[1.301s] Level 1:colcon.colcon_core.package_discovery:discover_packages(prefix_path) discover
[1.305s] DEBUG:colcon.colcon_installed_package_information.package_discovery:Found 1 installed packages in /home/subhalaxmi/nidar_ws/install
[1.306s] DEBUG:colcon.colcon_installed_package_information.package_discovery:Found 1 installed packages in /home/subhalaxmi/rover_ws/install
[1.307s] DEBUG:colcon.colcon_installed_package_information.package_discovery:Found 2 installed packages in /home/subhalaxmi/autonav_ws/install
[1.308s] DEBUG:colcon.colcon_installed_package_information.package_discovery:Found 3 installed packages in /home/subhalaxmi/my_robot_ws/install
[1.309s] DEBUG:colcon.colcon_installed_package_information.package_discovery:Found 1 installed packages in /home/subhalaxmi/ros2_ws/install
[1.311s] DEBUG:colcon.colcon_installed_package_information.package_discovery:Found 346 installed packages in /opt/ros/humble
[1.315s] Level 1:colcon.colcon_core.package_discovery:discover_packages(prefix_path) using defaults
[1.405s] Level 5:colcon.colcon_core.verb:set package 'drone_pkg' build argument 'cmake_args' from command line to 'None'
[1.405s] Level 5:colcon.colcon_core.verb:set package 'drone_pkg' build argument 'cmake_target' from command line to 'None'
[1.405s] Level 5:colcon.colcon_core.verb:set package 'drone_pkg' build argument 'cmake_target_skip_unavailable' from command line to 'False'
[1.405s] Level 5:colcon.colcon_core.verb:set package 'drone_pkg' build argument 'cmake_clean_cache' from command line to 'False'
[1.405s] Level 5:colcon.colcon_core.verb:set package 'drone_pkg' build argument 'cmake_clean_first' from command line to 'False'
[1.405s] Level 5:colcon.colcon_core.verb:set package 'drone_pkg' build argument 'cmake_force_configure' from command line to 'False'
[1.405s] Level 5:colcon.colcon_core.verb:set package 'drone_pkg' build argument 'ament_cmake_args' from command line to 'None'
[1.405s] Level 5:colcon.colcon_core.verb:set package 'drone_pkg' build argument 'catkin_cmake_args' from command line to 'None'
[1.405s] Level 5:colcon.colcon_core.verb:set package 'drone_pkg' build argument 'catkin_skip_building_tests' from command line to 'False'
[1.406s] DEBUG:colcon.colcon_core.verb:Building package 'drone_pkg' with the following arguments: {'ament_cmake_args': None, 'build_base': '/home/subhalaxmi/nidar_ws/build/drone_pkg', 'catkin_cmake_args': None, 'catkin_skip_building_tests': False, 'cmake_args': None, 'cmake_clean_cache': False, 'cmake_clean_first': False, 'cmake_force_configure': False, 'cmake_target': None, 'cmake_target_skip_unavailable': False, 'install_base': '/home/subhalaxmi/nidar_ws/install/drone_pkg', 'merge_install': False, 'path': '/home/subhalaxmi/nidar_ws/src/drone_pkg', 'symlink_install': False, 'test_result_base': None}
[1.406s] INFO:colcon.colcon_core.executor:Executing jobs using 'parallel' executor
[1.408s] DEBUG:colcon.colcon_parallel_executor.executor.parallel:run_until_complete
[1.408s] INFO:colcon.colcon_core.task.python.build:Building Python package in '/home/subhalaxmi/nidar_ws/src/drone_pkg'
[1.412s] INFO:colcon.colcon_core.plugin_system:Skipping extension 'colcon_core.shell.bat': Not used on non-Windows systems
[1.413s] INFO:colcon.colcon_core.shell:Skip shell extension 'powershell' for command environment: Not usable outside of PowerShell
[1.413s] DEBUG:colcon.colcon_core.shell:Skip shell extension 'dsv' for command environment
[2.739s] DEBUG:colcon.colcon_core.event_handler.log_command:Invoking command in '/home/subhalaxmi/nidar_ws/src/drone_pkg': PYTHONPATH=/home/subhalaxmi/nidar_ws/build/drone_pkg/prefix_override:/usr/lib/python3/dist-packages/colcon_core/task/python/colcon_distutils_commands:/home/subhalaxmi/nidar_ws/install/drone_pkg/lib/python3.10/site-packages:${PYTHONPATH} /usr/bin/python3 -W ignore:setup.py install is deprecated -W ignore:easy_install command is deprecated setup.py egg_info --egg-base ../../build/drone_pkg build --build-base /home/subhalaxmi/nidar_ws/build/drone_pkg/build install --record /home/subhalaxmi/nidar_ws/build/drone_pkg/install.log --single-version-externally-managed install_data
[3.374s] DEBUG:colcon.colcon_core.event_handler.log_command:Invoked command in '/home/subhalaxmi/nidar_ws/src/drone_pkg' returned '0': PYTHONPATH=/home/subhalaxmi/nidar_ws/build/drone_pkg/prefix_override:/usr/lib/python3/dist-packages/colcon_core/task/python/colcon_distutils_commands:/home/subhalaxmi/nidar_ws/install/drone_pkg/lib/python3.10/site-packages:${PYTHONPATH} /usr/bin/python3 -W ignore:setup.py install is deprecated -W ignore:easy_install command is deprecated setup.py egg_info --egg-base ../../build/drone_pkg build --build-base /home/subhalaxmi/nidar_ws/build/drone_pkg/build install --record /home/subhalaxmi/nidar_ws/build/drone_pkg/install.log --single-version-externally-managed install_data
[3.379s] Level 1:colcon.colcon_core.environment:checking '/home/subhalaxmi/nidar_ws/install/drone_pkg' for CMake module files
[3.380s] Level 1:colcon.colcon_core.environment:checking '/home/subhalaxmi/nidar_ws/install/drone_pkg' for CMake config files
[3.381s] Level 1:colcon.colcon_core.environment:checking '/home/subhalaxmi/nidar_ws/install/drone_pkg/lib'
[3.382s] Level 1:colcon.colcon_core.environment:checking '/home/subhalaxmi/nidar_ws/install/drone_pkg/bin'
[3.382s] Level 1:colcon.colcon_core.environment:checking '/home/subhalaxmi/nidar_ws/install/drone_pkg/lib/pkgconfig/drone_pkg.pc'
[3.382s] Level 1:colcon.colcon_core.environment:checking '/home/subhalaxmi/nidar_ws/install/drone_pkg/lib/python3.10/site-packages'
[3.382s] Level 1:colcon.colcon_core.shell:create_environment_hook('drone_pkg', 'pythonpath')
[3.383s] INFO:colcon.colcon_core.shell:Creating environment hook '/home/subhalaxmi/nidar_ws/install/drone_pkg/share/drone_pkg/hook/pythonpath.ps1'
[3.384s] INFO:colcon.colcon_core.shell:Creating environment descriptor '/home/subhalaxmi/nidar_ws/install/drone_pkg/share/drone_pkg/hook/pythonpath.dsv'
[3.385s] INFO:colcon.colcon_core.shell:Creating environment hook '/home/subhalaxmi/nidar_ws/install/drone_pkg/share/drone_pkg/hook/pythonpath.sh'
[3.388s] Level 1:colcon.colcon_core.environment:checking '/home/subhalaxmi/nidar_ws/install/drone_pkg/bin'
[3.388s] Level 1:colcon.colcon_core.environment:create_environment_scripts_only(drone_pkg)
[3.389s] INFO:colcon.colcon_core.shell:Creating package script '/home/subhalaxmi/nidar_ws/install/drone_pkg/share/drone_pkg/package.ps1'
[3.390s] INFO:colcon.colcon_core.shell:Creating package descriptor '/home/subhalaxmi/nidar_ws/install/drone_pkg/share/drone_pkg/package.dsv'
[3.391s] INFO:colcon.colcon_core.shell:Creating package script '/home/subhalaxmi/nidar_ws/install/drone_pkg/share/drone_pkg/package.sh'
[3.393s] INFO:colcon.colcon_core.shell:Creating package script '/home/subhalaxmi/nidar_ws/install/drone_pkg/share/drone_pkg/package.bash'
[3.395s] INFO:colcon.colcon_core.shell:Creating package script '/home/subhalaxmi/nidar_ws/install/drone_pkg/share/drone_pkg/package.zsh'
[3.397s] Level 1:colcon.colcon_core.environment:create_file_with_runtime_dependencies(/home/subhalaxmi/nidar_ws/install/drone_pkg/share/colcon-core/packages/drone_pkg)
[3.397s] DEBUG:colcon.colcon_parallel_executor.executor.parallel:closing loop
[3.398s] DEBUG:colcon.colcon_parallel_executor.executor.parallel:loop closed
[3.398s] DEBUG:colcon.colcon_parallel_executor.executor.parallel:run_until_complete finished with '0'
[3.398s] DEBUG:colcon.colcon_core.event_reactor:joining thread
[3.407s] INFO:colcon.colcon_core.plugin_system:Skipping extension 'colcon_notification.desktop_notification.terminal_notifier': Not used on non-Darwin systems
[3.407s] INFO:colcon.colcon_core.plugin_system:Skipping extension 'colcon_notification.desktop_notification.win32': Not used on non-Windows systems
[3.407s] INFO:colcon.colcon_notification.desktop_notification:Sending desktop notification using 'notify2'
[3.423s] DEBUG:colcon.colcon_core.event_reactor:joined thread
[3.424s] INFO:colcon.colcon_core.shell:Creating prefix script '/home/subhalaxmi/nidar_ws/install/local_setup.ps1'
[3.425s] INFO:colcon.colcon_core.shell:Creating prefix util module '/home/subhalaxmi/nidar_ws/install/_local_setup_util_ps1.py'
[3.428s] INFO:colcon.colcon_core.shell:Creating prefix chain script '/home/subhalaxmi/nidar_ws/install/setup.ps1'
[3.432s] INFO:colcon.colcon_core.shell:Creating prefix script '/home/subhalaxmi/nidar_ws/install/local_setup.sh'
[3.433s] INFO:colcon.colcon_core.shell:Creating prefix util module '/home/subhalaxmi/nidar_ws/install/_local_setup_util_sh.py'
[3.434s] INFO:colcon.colcon_core.shell:Creating prefix chain script '/home/subhalaxmi/nidar_ws/install/setup.sh'
[3.437s] INFO:colcon.colcon_core.shell:Creating prefix script '/home/subhalaxmi/nidar_ws/install/local_setup.bash'
[3.438s] INFO:colcon.colcon_core.shell:Creating prefix chain script '/home/subhalaxmi/nidar_ws/install/setup.bash'
[3.441s] INFO:colcon.colcon_core.shell:Creating prefix script '/home/subhalaxmi/nidar_ws/install/local_setup.zsh'
[3.442s] INFO:colcon.colcon_core.shell:Creating prefix chain script '/home/subhalaxmi/nidar_ws/install/setup.zsh'
