[0.598s] Invoking command in '/home/subhalaxmi/nidar_ws/build/my_drone_bringup': CMAKE_PREFIX_PATH=${CMAKE_PREFIX_PATH}:/home/subhalaxmi/nidar_ws/install/drone_pkg:/home/subhalaxmi/my_robot_ws/install/line_follower:/home/subhalaxmi/ros2_ws/install/my_py_pkg:/opt/ros/humble /usr/bin/cmake /home/subhalaxmi/nidar_ws/src/my_drone_bringup -DCMAKE_INSTALL_PREFIX=/home/subhalaxmi/nidar_ws/install/my_drone_bringup
[0.833s] -- The C compiler identification is GNU 11.4.0
[1.387s] -- The CXX compiler identification is GNU 11.4.0
[1.530s] -- Detecting C compiler ABI info
[1.772s] -- Detecting C compiler ABI info - done
[1.786s] -- Check for working C compiler: /usr/bin/cc - skipped
[1.838s] -- Detecting C compile features
[1.840s] -- Detecting C compile features - done
[1.857s] -- Detecting CXX compiler ABI info
[2.119s] -- Detecting CXX compiler ABI info - done
[2.136s] -- Check for working CXX compiler: /usr/bin/c++ - skipped
[2.136s] -- Detecting CXX compile features
[2.138s] -- Detecting CXX compile features - done
[2.146s] -- Found ament_cmake: 1.3.12 (/opt/ros/humble/share/ament_cmake/cmake)
[2.525s] -- Found Python3: /usr/bin/python3 (found version "3.10.12") found components: Interpreter 
[3.057s] -- Configuring done
[3.064s] -- Generating done
[3.068s] -- Build files have been written to: /home/subhalaxmi/nidar_ws/build/my_drone_bringup
[3.076s] Invoked command in '/home/subhalaxmi/nidar_ws/build/my_drone_bringup' returned '0': CMAKE_PREFIX_PATH=${CMAKE_PREFIX_PATH}:/home/subhalaxmi/nidar_ws/install/drone_pkg:/home/subhalaxmi/my_robot_ws/install/line_follower:/home/subhalaxmi/ros2_ws/install/my_py_pkg:/opt/ros/humble /usr/bin/cmake /home/subhalaxmi/nidar_ws/src/my_drone_bringup -DCMAKE_INSTALL_PREFIX=/home/subhalaxmi/nidar_ws/install/my_drone_bringup
[3.080s] Invoking command in '/home/subhalaxmi/nidar_ws/build/my_drone_bringup': CMAKE_PREFIX_PATH=${CMAKE_PREFIX_PATH}:/home/subhalaxmi/nidar_ws/install/drone_pkg:/home/subhalaxmi/my_robot_ws/install/line_follower:/home/subhalaxmi/ros2_ws/install/my_py_pkg:/opt/ros/humble /usr/bin/cmake --build /home/subhalaxmi/nidar_ws/build/my_drone_bringup -- -j4 -l4
[3.142s] Invoked command in '/home/subhalaxmi/nidar_ws/build/my_drone_bringup' returned '0': CMAKE_PREFIX_PATH=${CMAKE_PREFIX_PATH}:/home/subhalaxmi/nidar_ws/install/drone_pkg:/home/subhalaxmi/my_robot_ws/install/line_follower:/home/subhalaxmi/ros2_ws/install/my_py_pkg:/opt/ros/humble /usr/bin/cmake --build /home/subhalaxmi/nidar_ws/build/my_drone_bringup -- -j4 -l4
[3.158s] Invoking command in '/home/subhalaxmi/nidar_ws/build/my_drone_bringup': CMAKE_PREFIX_PATH=${CMAKE_PREFIX_PATH}:/home/subhalaxmi/nidar_ws/install/drone_pkg:/home/subhalaxmi/my_robot_ws/install/line_follower:/home/subhalaxmi/ros2_ws/install/my_py_pkg:/opt/ros/humble /usr/bin/cmake --install /home/subhalaxmi/nidar_ws/build/my_drone_bringup
[3.169s] -- Install configuration: ""
[3.170s] -- Installing: /home/subhalaxmi/nidar_ws/install/my_drone_bringup/share/my_drone_bringup//launch
[3.170s] -- Installing: /home/subhalaxmi/nidar_ws/install/my_drone_bringup/share/my_drone_bringup//launch/drone.launch.py
[3.170s] -- Installing: /home/subhalaxmi/nidar_ws/install/my_drone_bringup/share/ament_index/resource_index/package_run_dependencies/my_drone_bringup
[3.171s] -- Installing: /home/subhalaxmi/nidar_ws/install/my_drone_bringup/share/ament_index/resource_index/parent_prefix_path/my_drone_bringup
[3.171s] -- Installing: /home/subhalaxmi/nidar_ws/install/my_drone_bringup/share/my_drone_bringup/environment/ament_prefix_path.sh
[3.172s] -- Installing: /home/subhalaxmi/nidar_ws/install/my_drone_bringup/share/my_drone_bringup/environment/ament_prefix_path.dsv
[3.172s] -- Installing: /home/subhalaxmi/nidar_ws/install/my_drone_bringup/share/my_drone_bringup/environment/path.sh
[3.172s] -- Installing: /home/subhalaxmi/nidar_ws/install/my_drone_bringup/share/my_drone_bringup/environment/path.dsv
[3.173s] -- Installing: /home/subhalaxmi/nidar_ws/install/my_drone_bringup/share/my_drone_bringup/local_setup.bash
[3.173s] -- Installing: /home/subhalaxmi/nidar_ws/install/my_drone_bringup/share/my_drone_bringup/local_setup.sh
[3.173s] -- Installing: /home/subhalaxmi/nidar_ws/install/my_drone_bringup/share/my_drone_bringup/local_setup.zsh
[3.174s] -- Installing: /home/subhalaxmi/nidar_ws/install/my_drone_bringup/share/my_drone_bringup/local_setup.dsv
[3.174s] -- Installing: /home/subhalaxmi/nidar_ws/install/my_drone_bringup/share/my_drone_bringup/package.dsv
[3.174s] -- Installing: /home/subhalaxmi/nidar_ws/install/my_drone_bringup/share/ament_index/resource_index/packages/my_drone_bringup
[3.175s] -- Installing: /home/subhalaxmi/nidar_ws/install/my_drone_bringup/share/my_drone_bringup/cmake/my_drone_bringupConfig.cmake
[3.175s] -- Installing: /home/subhalaxmi/nidar_ws/install/my_drone_bringup/share/my_drone_bringup/cmake/my_drone_bringupConfig-version.cmake
[3.175s] -- Installing: /home/subhalaxmi/nidar_ws/install/my_drone_bringup/share/my_drone_bringup/package.xml
[3.179s] Invoked command in '/home/subhalaxmi/nidar_ws/build/my_drone_bringup' returned '0': CMAKE_PREFIX_PATH=${CMAKE_PREFIX_PATH}:/home/subhalaxmi/nidar_ws/install/drone_pkg:/home/subhalaxmi/my_robot_ws/install/line_follower:/home/subhalaxmi/ros2_ws/install/my_py_pkg:/opt/ros/humble /usr/bin/cmake --install /home/subhalaxmi/nidar_ws/build/my_drone_bringup
