[1.418s] Invoking command in '/home/subhalaxmi/nidar_ws/src/drone_pkg': PYTHONPATH=/home/subhalaxmi/nidar_ws/build/drone_pkg/prefix_override:/usr/lib/python3/dist-packages/colcon_core/task/python/colcon_distutils_commands:/home/subhalaxmi/nidar_ws/install/drone_pkg/lib/python3.10/site-packages:${PYTHONPATH} /usr/bin/python3 -W ignore:setup.py install is deprecated -W ignore:easy_install command is deprecated setup.py egg_info --egg-base ../../build/drone_pkg build --build-base /home/subhalaxmi/nidar_ws/build/drone_pkg/build install --record /home/subhalaxmi/nidar_ws/build/drone_pkg/install.log --single-version-externally-managed install_data
[1.993s] running egg_info
[1.995s] writing ../../build/drone_pkg/drone_pkg.egg-info/PKG-INFO
[1.995s] writing dependency_links to ../../build/drone_pkg/drone_pkg.egg-info/dependency_links.txt
[1.996s] writing entry points to ../../build/drone_pkg/drone_pkg.egg-info/entry_points.txt
[1.996s] writing requirements to ../../build/drone_pkg/drone_pkg.egg-info/requires.txt
[1.997s] writing top-level names to ../../build/drone_pkg/drone_pkg.egg-info/top_level.txt
[2.001s] reading manifest file '../../build/drone_pkg/drone_pkg.egg-info/SOURCES.txt'
[2.003s] writing manifest file '../../build/drone_pkg/drone_pkg.egg-info/SOURCES.txt'
[2.003s] running build
[2.003s] running build_py
[2.004s] running install
[2.005s] running install_lib
[2.008s] running install_data
[2.008s] running install_egg_info
[2.012s] removing '/home/subhalaxmi/nidar_ws/install/drone_pkg/lib/python3.10/site-packages/drone_pkg-0.0.0-py3.10.egg-info' (and everything under it)
[2.013s] Copying ../../build/drone_pkg/drone_pkg.egg-info to /home/subhalaxmi/nidar_ws/install/drone_pkg/lib/python3.10/site-packages/drone_pkg-0.0.0-py3.10.egg-info
[2.015s] running install_scripts
[2.058s] Installing altitude_publisher script to /home/subhalaxmi/nidar_ws/install/drone_pkg/lib/drone_pkg
[2.058s] Installing altitude_subscriber script to /home/subhalaxmi/nidar_ws/install/drone_pkg/lib/drone_pkg
[2.059s] Installing arm_client script to /home/subhalaxmi/nidar_ws/install/drone_pkg/lib/drone_pkg
[2.059s] Installing arm_server script to /home/subhalaxmi/nidar_ws/install/drone_pkg/lib/drone_pkg
[2.059s] Installing simple_node script to /home/subhalaxmi/nidar_ws/install/drone_pkg/lib/drone_pkg
[2.060s] writing list of installed files to '/home/subhalaxmi/nidar_ws/build/drone_pkg/install.log'
[2.110s] Invoked command in '/home/subhalaxmi/nidar_ws/src/drone_pkg' returned '0': PYTHONPATH=/home/subhalaxmi/nidar_ws/build/drone_pkg/prefix_override:/usr/lib/python3/dist-packages/colcon_core/task/python/colcon_distutils_commands:/home/subhalaxmi/nidar_ws/install/drone_pkg/lib/python3.10/site-packages:${PYTHONPATH} /usr/bin/python3 -W ignore:setup.py install is deprecated -W ignore:easy_install command is deprecated setup.py egg_info --egg-base ../../build/drone_pkg build --build-base /home/subhalaxmi/nidar_ws/build/drone_pkg/build install --record /home/subhalaxmi/nidar_ws/build/drone_pkg/install.log --single-version-externally-managed install_data
