[1.534s] Invoking command in '/home/subhalaxmi/nidar_ws/src/drone_pkg': PYTHONPATH=/home/subhalaxmi/nidar_ws/build/drone_pkg/prefix_override:/usr/lib/python3/dist-packages/colcon_core/task/python/colcon_distutils_commands:/home/subhalaxmi/nidar_ws/install/drone_pkg/lib/python3.10/site-packages:${PYTHONPATH} /usr/bin/python3 -W ignore:setup.py install is deprecated -W ignore:easy_install command is deprecated setup.py egg_info --egg-base ../../build/drone_pkg build --build-base /home/subhalaxmi/nidar_ws/build/drone_pkg/build install --record /home/subhalaxmi/nidar_ws/build/drone_pkg/install.log --single-version-externally-managed install_data
[2.069s] running egg_info
[2.070s] creating ../../build/drone_pkg/drone_pkg.egg-info
[2.071s] writing ../../build/drone_pkg/drone_pkg.egg-info/PKG-INFO
[2.071s] writing dependency_links to ../../build/drone_pkg/drone_pkg.egg-info/dependency_links.txt
[2.072s] writing entry points to ../../build/drone_pkg/drone_pkg.egg-info/entry_points.txt
[2.072s] writing requirements to ../../build/drone_pkg/drone_pkg.egg-info/requires.txt
[2.072s] writing top-level names to ../../build/drone_pkg/drone_pkg.egg-info/top_level.txt
[2.072s] writing manifest file '../../build/drone_pkg/drone_pkg.egg-info/SOURCES.txt'
[2.076s] reading manifest file '../../build/drone_pkg/drone_pkg.egg-info/SOURCES.txt'
[2.078s] writing manifest file '../../build/drone_pkg/drone_pkg.egg-info/SOURCES.txt'
[2.078s] running build
[2.078s] running build_py
[2.079s] creating /home/subhalaxmi/nidar_ws/build/drone_pkg/build
[2.079s] creating /home/subhalaxmi/nidar_ws/build/drone_pkg/build/lib
[2.079s] creating /home/subhalaxmi/nidar_ws/build/drone_pkg/build/lib/drone_pkg
[2.079s] copying drone_pkg/drone_altitude.py -> /home/subhalaxmi/nidar_ws/build/drone_pkg/build/lib/drone_pkg
[2.080s] copying drone_pkg/__init__.py -> /home/subhalaxmi/nidar_ws/build/drone_pkg/build/lib/drone_pkg
[2.080s] running install
[2.080s] running install_lib
[2.082s] creating /home/subhalaxmi/nidar_ws/install/drone_pkg/lib/python3.10/site-packages/drone_pkg
[2.082s] copying /home/subhalaxmi/nidar_ws/build/drone_pkg/build/lib/drone_pkg/drone_altitude.py -> /home/subhalaxmi/nidar_ws/install/drone_pkg/lib/python3.10/site-packages/drone_pkg
[2.082s] copying /home/subhalaxmi/nidar_ws/build/drone_pkg/build/lib/drone_pkg/__init__.py -> /home/subhalaxmi/nidar_ws/install/drone_pkg/lib/python3.10/site-packages/drone_pkg
[2.083s] byte-compiling /home/subhalaxmi/nidar_ws/install/drone_pkg/lib/python3.10/site-packages/drone_pkg/drone_altitude.py to drone_altitude.cpython-310.pyc
[2.084s] byte-compiling /home/subhalaxmi/nidar_ws/install/drone_pkg/lib/python3.10/site-packages/drone_pkg/__init__.py to __init__.cpython-310.pyc
[2.085s] running install_data
[2.085s] creating /home/subhalaxmi/nidar_ws/install/drone_pkg/share/ament_index
[2.085s] creating /home/subhalaxmi/nidar_ws/install/drone_pkg/share/ament_index/resource_index
[2.086s] creating /home/subhalaxmi/nidar_ws/install/drone_pkg/share/ament_index/resource_index/packages
[2.086s] copying resource/drone_pkg -> /home/subhalaxmi/nidar_ws/install/drone_pkg/share/ament_index/resource_index/packages
[2.086s] copying package.xml -> /home/subhalaxmi/nidar_ws/install/drone_pkg/share/drone_pkg
[2.086s] running install_egg_info
[2.090s] Copying ../../build/drone_pkg/drone_pkg.egg-info to /home/subhalaxmi/nidar_ws/install/drone_pkg/lib/python3.10/site-packages/drone_pkg-0.0.0-py3.10.egg-info
[2.091s] running install_scripts
[2.131s] Installing simple_node script to /home/subhalaxmi/nidar_ws/install/drone_pkg/lib/drone_pkg
[2.131s] writing list of installed files to '/home/subhalaxmi/nidar_ws/build/drone_pkg/install.log'
[2.178s] Invoked command in '/home/subhalaxmi/nidar_ws/src/drone_pkg' returned '0': PYTHONPATH=/home/subhalaxmi/nidar_ws/build/drone_pkg/prefix_override:/usr/lib/python3/dist-packages/colcon_core/task/python/colcon_distutils_commands:/home/subhalaxmi/nidar_ws/install/drone_pkg/lib/python3.10/site-packages:${PYTHONPATH} /usr/bin/python3 -W ignore:setup.py install is deprecated -W ignore:easy_install command is deprecated setup.py egg_info --egg-base ../../build/drone_pkg build --build-base /home/subhalaxmi/nidar_ws/build/drone_pkg/build install --record /home/subhalaxmi/nidar_ws/build/drone_pkg/install.log --single-version-externally-managed install_data
