[0.225s] DEBUG:colcon:Command line arguments: ['/usr/bin/colcon', 'build']
[0.225s] DEBUG:colcon:Parsed command line arguments: Namespace(log_base=None, log_level=None, verb_name='build', build_base='build', install_base='install', merge_install=False, symlink_install=False, test_result_base=None, continue_on_error=False, executor='parallel', parallel_workers=4, event_handlers=None, ignore_user_meta=False, metas=['./colcon.meta'], base_paths=['.'], packages_ignore=None, packages_ignore_regex=None, paths=None, packages_up_to=None, packages_up_to_regex=None, packages_above=None, packages_above_and_dependencies=None, packages_above_depth=None, packages_select_by_dep=None, packages_skip_by_dep=None, packages_skip_up_to=None, packages_select_build_failed=False, packages_skip_build_finished=False, packages_select_test_failures=False, packages_skip_test_passed=False, packages_select=None, packages_skip=None, packages_select_regex=None, packages_skip_regex=None, packages_start=None, packages_end=None, allow_overriding=[], cmake_args=None, cmake_target=None, cmake_target_skip_unavailable=False, cmake_clean_cache=False, cmake_clean_first=False, cmake_force_configure=False, ament_cmake_args=None, catkin_cmake_args=None, catkin_skip_building_tests=False, mixin_files=None, mixin=None, verb_parser=<colcon_mixin.mixin.mixin_argument.MixinArgumentDecorator object at 0x7f4a23fa5300>, verb_extension=<colcon_core.verb.build.BuildVerb object at 0x7f4a23f1ea40>, main=<bound method BuildVerb.main of <colcon_core.verb.build.BuildVerb object at 0x7f4a23f1ea40>>, mixin_verb=('build',))
[0.606s] Level 1:colcon.colcon_core.package_discovery:discover_packages(colcon_meta) check parameters
[0.606s] Level 1:colcon.colcon_core.package_discovery:discover_packages(recursive) check parameters
[0.606s] Level 1:colcon.colcon_core.package_discovery:discover_packages(ignore) check parameters
[0.606s] Level 1:colcon.colcon_core.package_discovery:discover_packages(path) check parameters
[0.606s] Level 1:colcon.colcon_core.package_discovery:discover_packages(colcon_meta) discover
[0.606s] Level 1:colcon.colcon_core.package_discovery:discover_packages(recursive) discover
[0.606s] INFO:colcon.colcon_core.package_discovery:Crawling recursively for packages in '/home/subhalaxmi/nidar_ws'
[0.606s] Level 1:colcon.colcon_core.package_identification:_identify(.) by extensions ['ignore', 'ignore_ament_install']
[0.607s] Level 1:colcon.colcon_core.package_identification:_identify(.) by extension 'ignore'
[0.607s] Level 1:colcon.colcon_core.package_identification:_identify(.) by extension 'ignore_ament_install'
[0.607s] Level 1:colcon.colcon_core.package_identification:_identify(.) by extensions ['colcon_pkg']
[0.607s] Level 1:colcon.colcon_core.package_identification:_identify(.) by extension 'colcon_pkg'
[0.607s] Level 1:colcon.colcon_core.package_identification:_identify(.) by extensions ['colcon_meta']
[0.607s] Level 1:colcon.colcon_core.package_identification:_identify(.) by extension 'colcon_meta'
[0.607s] Level 1:colcon.colcon_core.package_identification:_identify(.) by extensions ['ros']
[0.607s] Level 1:colcon.colcon_core.package_identification:_identify(.) by extension 'ros'
[0.667s] Level 1:colcon.colcon_core.package_identification:_identify(.) by extensions ['cmake', 'python']
[0.667s] Level 1:colcon.colcon_core.package_identification:_identify(.) by extension 'cmake'
[0.667s] Level 1:colcon.colcon_core.package_identification:_identify(.) by extension 'python'
[0.667s] Level 1:colcon.colcon_core.package_identification:_identify(.) by extensions ['python_setup_py']
[0.667s] Level 1:colcon.colcon_core.package_identification:_identify(.) by extension 'python_setup_py'
[0.667s] Level 1:colcon.colcon_core.package_identification:_identify(build) by extensions ['ignore', 'ignore_ament_install']
[0.667s] Level 1:colcon.colcon_core.package_identification:_identify(build) by extension 'ignore'
[0.667s] Level 1:colcon.colcon_core.package_identification:_identify(build) ignored
[0.668s] Level 1:colcon.colcon_core.package_identification:_identify(install) by extensions ['ignore', 'ignore_ament_install']
[0.668s] Level 1:colcon.colcon_core.package_identification:_identify(install) by extension 'ignore'
[0.668s] Level 1:colcon.colcon_core.package_identification:_identify(install) ignored
[0.668s] Level 1:colcon.colcon_core.package_identification:_identify(log) by extensions ['ignore', 'ignore_ament_install']
[0.668s] Level 1:colcon.colcon_core.package_identification:_identify(log) by extension 'ignore'
[0.668s] Level 1:colcon.colcon_core.package_identification:_identify(log) ignored
[0.669s] Level 1:colcon.colcon_core.package_identification:_identify(src) by extensions ['ignore', 'ignore_ament_install']
[0.669s] Level 1:colcon.colcon_core.package_identification:_identify(src) by extension 'ignore'
[0.669s] Level 1:colcon.colcon_core.package_identification:_identify(src) by extension 'ignore_ament_install'
[0.669s] Level 1:colcon.colcon_core.package_identification:_identify(src) by extensions ['colcon_pkg']
[0.669s] Level 1:colcon.colcon_core.package_identification:_identify(src) by extension 'colcon_pkg'
[0.670s] Level 1:colcon.colcon_core.package_identification:_identify(src) by extensions ['colcon_meta']
[0.670s] Level 1:colcon.colcon_core.package_identification:_identify(src) by extension 'colcon_meta'
[0.670s] Level 1:colcon.colcon_core.package_identification:_identify(src) by extensions ['ros']
[0.670s] Level 1:colcon.colcon_core.package_identification:_identify(src) by extension 'ros'
[0.670s] Level 1:colcon.colcon_core.package_identification:_identify(src) by extensions ['cmake', 'python']
[0.670s] Level 1:colcon.colcon_core.package_identification:_identify(src) by extension 'cmake'
[0.670s] Level 1:colcon.colcon_core.package_identification:_identify(src) by extension 'python'
[0.671s] Level 1:colcon.colcon_core.package_identification:_identify(src) by extensions ['python_setup_py']
[0.671s] Level 1:colcon.colcon_core.package_identification:_identify(src) by extension 'python_setup_py'
[0.671s] Level 1:colcon.colcon_core.package_identification:_identify(src/drone_pkg) by extensions ['ignore', 'ignore_ament_install']
[0.671s] Level 1:colcon.colcon_core.package_identification:_identify(src/drone_pkg) by extension 'ignore'
[0.672s] Level 1:colcon.colcon_core.package_identification:_identify(src/drone_pkg) by extension 'ignore_ament_install'
[0.672s] Level 1:colcon.colcon_core.package_identification:_identify(src/drone_pkg) by extensions ['colcon_pkg']
[0.672s] Level 1:colcon.colcon_core.package_identification:_identify(src/drone_pkg) by extension 'colcon_pkg'
[0.672s] Level 1:colcon.colcon_core.package_identification:_identify(src/drone_pkg) by extensions ['colcon_meta']
[0.672s] Level 1:colcon.colcon_core.package_identification:_identify(src/drone_pkg) by extension 'colcon_meta'
[0.672s] Level 1:colcon.colcon_core.package_identification:_identify(src/drone_pkg) by extensions ['ros']
[0.672s] Level 1:colcon.colcon_core.package_identification:_identify(src/drone_pkg) by extension 'ros'
[0.677s] DEBUG:colcon.colcon_core.package_identification:Package 'src/drone_pkg' with type 'ros.ament_python' and name 'drone_pkg'
[0.677s] Level 1:colcon.colcon_core.package_identification:_identify(src/my_drone_bringup) by extensions ['ignore', 'ignore_ament_install']
[0.677s] Level 1:colcon.colcon_core.package_identification:_identify(src/my_drone_bringup) by extension 'ignore'
[0.678s] Level 1:colcon.colcon_core.package_identification:_identify(src/my_drone_bringup) by extension 'ignore_ament_install'
[0.678s] Level 1:colcon.colcon_core.package_identification:_identify(src/my_drone_bringup) by extensions ['colcon_pkg']
[0.678s] Level 1:colcon.colcon_core.package_identification:_identify(src/my_drone_bringup) by extension 'colcon_pkg'
[0.678s] Level 1:colcon.colcon_core.package_identification:_identify(src/my_drone_bringup) by extensions ['colcon_meta']
[0.678s] Level 1:colcon.colcon_core.package_identification:_identify(src/my_drone_bringup) by extension 'colcon_meta'
[0.678s] Level 1:colcon.colcon_core.package_identification:_identify(src/my_drone_bringup) by extensions ['ros']
[0.678s] Level 1:colcon.colcon_core.package_identification:_identify(src/my_drone_bringup) by extension 'ros'
[0.679s] DEBUG:colcon.colcon_core.package_identification:Package 'src/my_drone_bringup' with type 'ros.ament_cmake' and name 'my_drone_bringup'
[0.679s] Level 1:colcon.colcon_core.package_identification:_identify(src/nidar_flight) by extensions ['ignore', 'ignore_ament_install']
[0.679s] Level 1:colcon.colcon_core.package_identification:_identify(src/nidar_flight) by extension 'ignore'
[0.679s] Level 1:colcon.colcon_core.package_identification:_identify(src/nidar_flight) by extension 'ignore_ament_install'
[0.680s] Level 1:colcon.colcon_core.package_identification:_identify(src/nidar_flight) by extensions ['colcon_pkg']
[0.680s] Level 1:colcon.colcon_core.package_identification:_identify(src/nidar_flight) by extension 'colcon_pkg'
[0.680s] Level 1:colcon.colcon_core.package_identification:_identify(src/nidar_flight) by extensions ['colcon_meta']
[0.680s] Level 1:colcon.colcon_core.package_identification:_identify(src/nidar_flight) by extension 'colcon_meta'
[0.680s] Level 1:colcon.colcon_core.package_identification:_identify(src/nidar_flight) by extensions ['ros']
[0.680s] Level 1:colcon.colcon_core.package_identification:_identify(src/nidar_flight) by extension 'ros'
[0.681s] DEBUG:colcon.colcon_core.package_identification:Package 'src/nidar_flight' with type 'ros.ament_python' and name 'nidar_flight'
[0.681s] Level 1:colcon.colcon_core.package_identification:_identify(src/px4_msgs) by extensions ['ignore', 'ignore_ament_install']
[0.681s] Level 1:colcon.colcon_core.package_identification:_identify(src/px4_msgs) by extension 'ignore'
[0.681s] Level 1:colcon.colcon_core.package_identification:_identify(src/px4_msgs) by extension 'ignore_ament_install'
[0.681s] Level 1:colcon.colcon_core.package_identification:_identify(src/px4_msgs) by extensions ['colcon_pkg']
[0.681s] Level 1:colcon.colcon_core.package_identification:_identify(src/px4_msgs) by extension 'colcon_pkg'
[0.682s] Level 1:colcon.colcon_core.package_identification:_identify(src/px4_msgs) by extensions ['colcon_meta']
[0.682s] Level 1:colcon.colcon_core.package_identification:_identify(src/px4_msgs) by extension 'colcon_meta'
[0.682s] Level 1:colcon.colcon_core.package_identification:_identify(src/px4_msgs) by extensions ['ros']
[0.682s] Level 1:colcon.colcon_core.package_identification:_identify(src/px4_msgs) by extension 'ros'
[0.683s] DEBUG:colcon.colcon_core.package_identification:Package 'src/px4_msgs' with type 'ros.ament_cmake' and name 'px4_msgs'
[0.683s] Level 1:colcon.colcon_core.package_discovery:discover_packages(recursive) using defaults
[0.683s] Level 1:colcon.colcon_core.package_discovery:discover_packages(ignore) discover
[0.683s] Level 1:colcon.colcon_core.package_discovery:discover_packages(ignore) using defaults
[0.684s] Level 1:colcon.colcon_core.package_discovery:discover_packages(path) discover
[0.684s] Level 1:colcon.colcon_core.package_discovery:discover_packages(path) using defaults
[0.721s] Level 1:colcon.colcon_core.package_discovery:discover_packages(prefix_path) check parameters
[0.721s] Level 1:colcon.colcon_core.package_discovery:discover_packages(prefix_path) discover
[0.725s] DEBUG:colcon.colcon_installed_package_information.package_discovery:Found 4 installed packages in /home/subhalaxmi/nidar_ws/install
[0.726s] DEBUG:colcon.colcon_installed_package_information.package_discovery:Found 1 installed packages in /home/subhalaxmi/rover_ws/install
[0.726s] DEBUG:colcon.colcon_installed_package_information.package_discovery:Found 2 installed packages in /home/subhalaxmi/autonav_ws/install
[0.727s] DEBUG:colcon.colcon_installed_package_information.package_discovery:Found 3 installed packages in /home/subhalaxmi/my_robot_ws/install
[0.728s] DEBUG:colcon.colcon_installed_package_information.package_discovery:Found 1 installed packages in /home/subhalaxmi/ros2_ws/install
[0.731s] DEBUG:colcon.colcon_installed_package_information.package_discovery:Found 345 installed packages in /opt/ros/humble
[0.734s] Level 1:colcon.colcon_core.package_discovery:discover_packages(prefix_path) using defaults
[0.830s] Level 5:colcon.colcon_core.verb:set package 'drone_pkg' build argument 'cmake_args' from command line to 'None'
[0.830s] Level 5:colcon.colcon_core.verb:set package 'drone_pkg' build argument 'cmake_target' from command line to 'None'
[0.830s] Level 5:colcon.colcon_core.verb:set package 'drone_pkg' build argument 'cmake_target_skip_unavailable' from command line to 'False'
[0.830s] Level 5:colcon.colcon_core.verb:set package 'drone_pkg' build argument 'cmake_clean_cache' from command line to 'False'
[0.830s] Level 5:colcon.colcon_core.verb:set package 'drone_pkg' build argument 'cmake_clean_first' from command line to 'False'
[0.830s] Level 5:colcon.colcon_core.verb:set package 'drone_pkg' build argument 'cmake_force_configure' from command line to 'False'
[0.830s] Level 5:colcon.colcon_core.verb:set package 'drone_pkg' build argument 'ament_cmake_args' from command line to 'None'
[0.830s] Level 5:colcon.colcon_core.verb:set package 'drone_pkg' build argument 'catkin_cmake_args' from command line to 'None'
[0.830s] Level 5:colcon.colcon_core.verb:set package 'drone_pkg' build argument 'catkin_skip_building_tests' from command line to 'False'
[0.830s] DEBUG:colcon.colcon_core.verb:Building package 'drone_pkg' with the following arguments: {'ament_cmake_args': None, 'build_base': '/home/subhalaxmi/nidar_ws/build/drone_pkg', 'catkin_cmake_args': None, 'catkin_skip_building_tests': False, 'cmake_args': None, 'cmake_clean_cache': False, 'cmake_clean_first': False, 'cmake_force_configure': False, 'cmake_target': None, 'cmake_target_skip_unavailable': False, 'install_base': '/home/subhalaxmi/nidar_ws/install/drone_pkg', 'merge_install': False, 'path': '/home/subhalaxmi/nidar_ws/src/drone_pkg', 'symlink_install': False, 'test_result_base': None}
[0.831s] Level 5:colcon.colcon_core.verb:set package 'px4_msgs' build argument 'cmake_args' from command line to 'None'
[0.831s] Level 5:colcon.colcon_core.verb:set package 'px4_msgs' build argument 'cmake_target' from command line to 'None'
[0.831s] Level 5:colcon.colcon_core.verb:set package 'px4_msgs' build argument 'cmake_target_skip_unavailable' from command line to 'False'
[0.831s] Level 5:colcon.colcon_core.verb:set package 'px4_msgs' build argument 'cmake_clean_cache' from command line to 'False'
[0.831s] Level 5:colcon.colcon_core.verb:set package 'px4_msgs' build argument 'cmake_clean_first' from command line to 'False'
[0.831s] Level 5:colcon.colcon_core.verb:set package 'px4_msgs' build argument 'cmake_force_configure' from command line to 'False'
[0.831s] Level 5:colcon.colcon_core.verb:set package 'px4_msgs' build argument 'ament_cmake_args' from command line to 'None'
[0.831s] Level 5:colcon.colcon_core.verb:set package 'px4_msgs' build argument 'catkin_cmake_args' from command line to 'None'
[0.831s] Level 5:colcon.colcon_core.verb:set package 'px4_msgs' build argument 'catkin_skip_building_tests' from command line to 'False'
[0.831s] DEBUG:colcon.colcon_core.verb:Building package 'px4_msgs' with the following arguments: {'ament_cmake_args': None, 'build_base': '/home/subhalaxmi/nidar_ws/build/px4_msgs', 'catkin_cmake_args': None, 'catkin_skip_building_tests': False, 'cmake_args': None, 'cmake_clean_cache': False, 'cmake_clean_first': False, 'cmake_force_configure': False, 'cmake_target': None, 'cmake_target_skip_unavailable': False, 'install_base': '/home/subhalaxmi/nidar_ws/install/px4_msgs', 'merge_install': False, 'path': '/home/subhalaxmi/nidar_ws/src/px4_msgs', 'symlink_install': False, 'test_result_base': None}
[0.832s] Level 5:colcon.colcon_core.verb:set package 'my_drone_bringup' build argument 'cmake_args' from command line to 'None'
[0.832s] Level 5:colcon.colcon_core.verb:set package 'my_drone_bringup' build argument 'cmake_target' from command line to 'None'
[0.832s] Level 5:colcon.colcon_core.verb:set package 'my_drone_bringup' build argument 'cmake_target_skip_unavailable' from command line to 'False'
[0.832s] Level 5:colcon.colcon_core.verb:set package 'my_drone_bringup' build argument 'cmake_clean_cache' from command line to 'False'
[0.832s] Level 5:colcon.colcon_core.verb:set package 'my_drone_bringup' build argument 'cmake_clean_first' from command line to 'False'
[0.832s] Level 5:colcon.colcon_core.verb:set package 'my_drone_bringup' build argument 'cmake_force_configure' from command line to 'False'
[0.832s] Level 5:colcon.colcon_core.verb:set package 'my_drone_bringup' build argument 'ament_cmake_args' from command line to 'None'
[0.832s] Level 5:colcon.colcon_core.verb:set package 'my_drone_bringup' build argument 'catkin_cmake_args' from command line to 'None'
[0.832s] Level 5:colcon.colcon_core.verb:set package 'my_drone_bringup' build argument 'catkin_skip_building_tests' from command line to 'False'
[0.832s] DEBUG:colcon.colcon_core.verb:Building package 'my_drone_bringup' with the following arguments: {'ament_cmake_args': None, 'build_base': '/home/subhalaxmi/nidar_ws/build/my_drone_bringup', 'catkin_cmake_args': None, 'catkin_skip_building_tests': False, 'cmake_args': None, 'cmake_clean_cache': False, 'cmake_clean_first': False, 'cmake_force_configure': False, 'cmake_target': None, 'cmake_target_skip_unavailable': False, 'install_base': '/home/subhalaxmi/nidar_ws/install/my_drone_bringup', 'merge_install': False, 'path': '/home/subhalaxmi/nidar_ws/src/my_drone_bringup', 'symlink_install': False, 'test_result_base': None}
[0.833s] Level 5:colcon.colcon_core.verb:set package 'nidar_flight' build argument 'cmake_args' from command line to 'None'
[0.833s] Level 5:colcon.colcon_core.verb:set package 'nidar_flight' build argument 'cmake_target' from command line to 'None'
[0.833s] Level 5:colcon.colcon_core.verb:set package 'nidar_flight' build argument 'cmake_target_skip_unavailable' from command line to 'False'
[0.833s] Level 5:colcon.colcon_core.verb:set package 'nidar_flight' build argument 'cmake_clean_cache' from command line to 'False'
[0.833s] Level 5:colcon.colcon_core.verb:set package 'nidar_flight' build argument 'cmake_clean_first' from command line to 'False'
[0.833s] Level 5:colcon.colcon_core.verb:set package 'nidar_flight' build argument 'cmake_force_configure' from command line to 'False'
[0.833s] Level 5:colcon.colcon_core.verb:set package 'nidar_flight' build argument 'ament_cmake_args' from command line to 'None'
[0.833s] Level 5:colcon.colcon_core.verb:set package 'nidar_flight' build argument 'catkin_cmake_args' from command line to 'None'
[0.833s] Level 5:colcon.colcon_core.verb:set package 'nidar_flight' build argument 'catkin_skip_building_tests' from command line to 'False'
[0.833s] DEBUG:colcon.colcon_core.verb:Building package 'nidar_flight' with the following arguments: {'ament_cmake_args': None, 'build_base': '/home/subhalaxmi/nidar_ws/build/nidar_flight', 'catkin_cmake_args': None, 'catkin_skip_building_tests': False, 'cmake_args': None, 'cmake_clean_cache': False, 'cmake_clean_first': False, 'cmake_force_configure': False, 'cmake_target': None, 'cmake_target_skip_unavailable': False, 'install_base': '/home/subhalaxmi/nidar_ws/install/nidar_flight', 'merge_install': False, 'path': '/home/subhalaxmi/nidar_ws/src/nidar_flight', 'symlink_install': False, 'test_result_base': None}
[0.834s] INFO:colcon.colcon_core.executor:Executing jobs using 'parallel' executor
[0.836s] DEBUG:colcon.colcon_parallel_executor.executor.parallel:run_until_complete
[0.836s] INFO:colcon.colcon_ros.task.ament_python.build:Building ROS package in '/home/subhalaxmi/nidar_ws/src/drone_pkg' with build type 'ament_python'
[0.836s] Level 1:colcon.colcon_core.shell:create_environment_hook('drone_pkg', 'ament_prefix_path')
[0.840s] INFO:colcon.colcon_core.plugin_system:Skipping extension 'colcon_core.shell.bat': Not used on non-Windows systems
[0.840s] INFO:colcon.colcon_core.shell:Creating environment hook '/home/subhalaxmi/nidar_ws/install/drone_pkg/share/drone_pkg/hook/ament_prefix_path.ps1'
[0.841s] INFO:colcon.colcon_core.shell:Creating environment descriptor '/home/subhalaxmi/nidar_ws/install/drone_pkg/share/drone_pkg/hook/ament_prefix_path.dsv'
[0.842s] INFO:colcon.colcon_core.shell:Creating environment hook '/home/subhalaxmi/nidar_ws/install/drone_pkg/share/drone_pkg/hook/ament_prefix_path.sh'
[0.844s] INFO:colcon.colcon_core.shell:Skip shell extension 'powershell' for command environment: Not usable outside of PowerShell
[0.844s] DEBUG:colcon.colcon_core.shell:Skip shell extension 'dsv' for command environment
[0.853s] INFO:colcon.colcon_ros.task.ament_cmake.build:Building ROS package in '/home/subhalaxmi/nidar_ws/src/px4_msgs' with build type 'ament_cmake'
[0.853s] INFO:colcon.colcon_cmake.task.cmake.build:Building CMake package in '/home/subhalaxmi/nidar_ws/src/px4_msgs'
[0.854s] INFO:colcon.colcon_core.shell:Skip shell extension 'powershell' for command environment: Not usable outside of PowerShell
[0.854s] DEBUG:colcon.colcon_core.shell:Skip shell extension 'dsv' for command environment
[1.444s] INFO:colcon.colcon_core.task.python.build:Building Python package in '/home/subhalaxmi/nidar_ws/src/drone_pkg'
[1.445s] INFO:colcon.colcon_core.shell:Skip shell extension 'powershell' for command environment: Not usable outside of PowerShell
[1.445s] DEBUG:colcon.colcon_core.shell:Skip shell extension 'dsv' for command environment
[1.465s] DEBUG:colcon.colcon_core.event_handler.log_command:Invoking command in '/home/subhalaxmi/nidar_ws/build/px4_msgs': CMAKE_PREFIX_PATH=${CMAKE_PREFIX_PATH}:/home/subhalaxmi/nidar_ws/install/nidar_flight:/home/subhalaxmi/nidar_ws/install/drone_pkg:/home/subhalaxmi/my_robot_ws/install/line_follower:/home/subhalaxmi/ros2_ws/install/my_py_pkg:/opt/ros/humble /usr/bin/cmake --build /home/subhalaxmi/nidar_ws/build/px4_msgs -- -j4 -l4
[2.238s] DEBUG:colcon.colcon_core.event_handler.log_command:Invoking command in '/home/subhalaxmi/nidar_ws/src/drone_pkg': PYTHONPATH=/home/subhalaxmi/nidar_ws/build/drone_pkg/prefix_override:/usr/lib/python3/dist-packages/colcon_core/task/python/colcon_distutils_commands:/home/subhalaxmi/nidar_ws/install/drone_pkg/lib/python3.10/site-packages:${PYTHONPATH} /usr/bin/python3 -W ignore:setup.py install is deprecated -W ignore:easy_install command is deprecated setup.py egg_info --egg-base ../../build/drone_pkg build --build-base /home/subhalaxmi/nidar_ws/build/drone_pkg/build install --record /home/subhalaxmi/nidar_ws/build/drone_pkg/install.log --single-version-externally-managed install_data
[2.969s] DEBUG:colcon.colcon_core.event_handler.log_command:Invoked command in '/home/subhalaxmi/nidar_ws/src/drone_pkg' returned '0': PYTHONPATH=/home/subhalaxmi/nidar_ws/build/drone_pkg/prefix_override:/usr/lib/python3/dist-packages/colcon_core/task/python/colcon_distutils_commands:/home/subhalaxmi/nidar_ws/install/drone_pkg/lib/python3.10/site-packages:${PYTHONPATH} /usr/bin/python3 -W ignore:setup.py install is deprecated -W ignore:easy_install command is deprecated setup.py egg_info --egg-base ../../build/drone_pkg build --build-base /home/subhalaxmi/nidar_ws/build/drone_pkg/build install --record /home/subhalaxmi/nidar_ws/build/drone_pkg/install.log --single-version-externally-managed install_data
[2.976s] Level 1:colcon.colcon_core.environment:checking '/home/subhalaxmi/nidar_ws/install/drone_pkg' for CMake module files
[2.977s] Level 1:colcon.colcon_core.environment:checking '/home/subhalaxmi/nidar_ws/install/drone_pkg' for CMake config files
[2.979s] Level 1:colcon.colcon_core.environment:checking '/home/subhalaxmi/nidar_ws/install/drone_pkg/lib'
[2.980s] Level 1:colcon.colcon_core.environment:checking '/home/subhalaxmi/nidar_ws/install/drone_pkg/bin'
[2.980s] Level 1:colcon.colcon_core.environment:checking '/home/subhalaxmi/nidar_ws/install/drone_pkg/lib/pkgconfig/drone_pkg.pc'
[2.981s] Level 1:colcon.colcon_core.environment:checking '/home/subhalaxmi/nidar_ws/install/drone_pkg/lib/python3.10/site-packages'
[2.981s] Level 1:colcon.colcon_core.shell:create_environment_hook('drone_pkg', 'pythonpath')
[2.982s] INFO:colcon.colcon_core.shell:Creating environment hook '/home/subhalaxmi/nidar_ws/install/drone_pkg/share/drone_pkg/hook/pythonpath.ps1'
[2.983s] INFO:colcon.colcon_core.shell:Creating environment descriptor '/home/subhalaxmi/nidar_ws/install/drone_pkg/share/drone_pkg/hook/pythonpath.dsv'
[2.984s] INFO:colcon.colcon_core.shell:Creating environment hook '/home/subhalaxmi/nidar_ws/install/drone_pkg/share/drone_pkg/hook/pythonpath.sh'
[2.987s] Level 1:colcon.colcon_core.environment:checking '/home/subhalaxmi/nidar_ws/install/drone_pkg/bin'
[2.987s] Level 1:colcon.colcon_core.environment:create_environment_scripts_only(drone_pkg)
[2.988s] INFO:colcon.colcon_core.shell:Creating package script '/home/subhalaxmi/nidar_ws/install/drone_pkg/share/drone_pkg/package.ps1'
[2.991s] INFO:colcon.colcon_core.shell:Creating package descriptor '/home/subhalaxmi/nidar_ws/install/drone_pkg/share/drone_pkg/package.dsv'
[2.992s] INFO:colcon.colcon_core.shell:Creating package script '/home/subhalaxmi/nidar_ws/install/drone_pkg/share/drone_pkg/package.sh'
[2.995s] INFO:colcon.colcon_core.shell:Creating package script '/home/subhalaxmi/nidar_ws/install/drone_pkg/share/drone_pkg/package.bash'
[2.997s] INFO:colcon.colcon_core.shell:Creating package script '/home/subhalaxmi/nidar_ws/install/drone_pkg/share/drone_pkg/package.zsh'
[3.000s] Level 1:colcon.colcon_core.environment:create_file_with_runtime_dependencies(/home/subhalaxmi/nidar_ws/install/drone_pkg/share/colcon-core/packages/drone_pkg)
[3.001s] INFO:colcon.colcon_ros.task.ament_cmake.build:Building ROS package in '/home/subhalaxmi/nidar_ws/src/my_drone_bringup' with build type 'ament_cmake'
[3.001s] INFO:colcon.colcon_cmake.task.cmake.build:Building CMake package in '/home/subhalaxmi/nidar_ws/src/my_drone_bringup'
[3.002s] INFO:colcon.colcon_core.shell:Skip shell extension 'powershell' for command environment: Not usable outside of PowerShell
[3.002s] DEBUG:colcon.colcon_core.shell:Skip shell extension 'dsv' for command environment
[3.033s] DEBUG:colcon.colcon_core.event_handler.log_command:Invoking command in '/home/subhalaxmi/nidar_ws/build/my_drone_bringup': AMENT_PREFIX_PATH=/home/subhalaxmi/nidar_ws/install/drone_pkg:/home/subhalaxmi/nidar_ws/install/nidar_flight:/home/subhalaxmi/nidar_ws/install/px4_msgs:/home/subhalaxmi/nidar_ws/install/my_drone_bringup:/home/subhalaxmi/rover_ws/install/rover_ctrl:/home/subhalaxmi/autonav_ws/install/my_rover_description:/home/subhalaxmi/autonav_ws/install/my_rover_bringup:/home/subhalaxmi/my_robot_ws/install/my_robot_bringup:/home/subhalaxmi/my_robot_ws/install/my_robot_description:/home/subhalaxmi/my_robot_ws/install/line_follower:/home/subhalaxmi/ros2_ws/install/my_py_pkg:/opt/ros/humble CMAKE_PREFIX_PATH=${CMAKE_PREFIX_PATH}:/home/subhalaxmi/nidar_ws/install/nidar_flight:/home/subhalaxmi/nidar_ws/install/drone_pkg:/home/subhalaxmi/my_robot_ws/install/line_follower:/home/subhalaxmi/ros2_ws/install/my_py_pkg:/opt/ros/humble PYTHONPATH=/home/subhalaxmi/nidar_ws/install/drone_pkg/lib/python3.10/site-packages:/home/subhalaxmi/nidar_ws/install/nidar_flight/lib/python3.10/site-packages:/home/subhalaxmi/nidar_ws/install/px4_msgs/local/lib/python3.10/dist-packages:/home/subhalaxmi/nidar_ws/install/my_drone_bringup/lib/python3.10/site-packages:/home/subhalaxmi/my_robot_ws/install/line_follower/lib/python3.10/site-packages:/home/subhalaxmi/ros2_ws/install/my_py_pkg/lib/python3.10/site-packages:/opt/ros/humble/lib/python3.10/site-packages:/opt/ros/humble/local/lib/python3.10/dist-packages /usr/bin/cmake --build /home/subhalaxmi/nidar_ws/build/my_drone_bringup -- -j4 -l4
[3.126s] DEBUG:colcon.colcon_core.event_handler.log_command:Invoked command in '/home/subhalaxmi/nidar_ws/build/my_drone_bringup' returned '0': AMENT_PREFIX_PATH=/home/subhalaxmi/nidar_ws/install/drone_pkg:/home/subhalaxmi/nidar_ws/install/nidar_flight:/home/subhalaxmi/nidar_ws/install/px4_msgs:/home/subhalaxmi/nidar_ws/install/my_drone_bringup:/home/subhalaxmi/rover_ws/install/rover_ctrl:/home/subhalaxmi/autonav_ws/install/my_rover_description:/home/subhalaxmi/autonav_ws/install/my_rover_bringup:/home/subhalaxmi/my_robot_ws/install/my_robot_bringup:/home/subhalaxmi/my_robot_ws/install/my_robot_description:/home/subhalaxmi/my_robot_ws/install/line_follower:/home/subhalaxmi/ros2_ws/install/my_py_pkg:/opt/ros/humble CMAKE_PREFIX_PATH=${CMAKE_PREFIX_PATH}:/home/subhalaxmi/nidar_ws/install/nidar_flight:/home/subhalaxmi/nidar_ws/install/drone_pkg:/home/subhalaxmi/my_robot_ws/install/line_follower:/home/subhalaxmi/ros2_ws/install/my_py_pkg:/opt/ros/humble PYTHONPATH=/home/subhalaxmi/nidar_ws/install/drone_pkg/lib/python3.10/site-packages:/home/subhalaxmi/nidar_ws/install/nidar_flight/lib/python3.10/site-packages:/home/subhalaxmi/nidar_ws/install/px4_msgs/local/lib/python3.10/dist-packages:/home/subhalaxmi/nidar_ws/install/my_drone_bringup/lib/python3.10/site-packages:/home/subhalaxmi/my_robot_ws/install/line_follower/lib/python3.10/site-packages:/home/subhalaxmi/ros2_ws/install/my_py_pkg/lib/python3.10/site-packages:/opt/ros/humble/lib/python3.10/site-packages:/opt/ros/humble/local/lib/python3.10/dist-packages /usr/bin/cmake --build /home/subhalaxmi/nidar_ws/build/my_drone_bringup -- -j4 -l4
[3.156s] DEBUG:colcon.colcon_core.event_handler.log_command:Invoking command in '/home/subhalaxmi/nidar_ws/build/my_drone_bringup': AMENT_PREFIX_PATH=/home/subhalaxmi/nidar_ws/install/drone_pkg:/home/subhalaxmi/nidar_ws/install/nidar_flight:/home/subhalaxmi/nidar_ws/install/px4_msgs:/home/subhalaxmi/nidar_ws/install/my_drone_bringup:/home/subhalaxmi/rover_ws/install/rover_ctrl:/home/subhalaxmi/autonav_ws/install/my_rover_description:/home/subhalaxmi/autonav_ws/install/my_rover_bringup:/home/subhalaxmi/my_robot_ws/install/my_robot_bringup:/home/subhalaxmi/my_robot_ws/install/my_robot_description:/home/subhalaxmi/my_robot_ws/install/line_follower:/home/subhalaxmi/ros2_ws/install/my_py_pkg:/opt/ros/humble CMAKE_PREFIX_PATH=${CMAKE_PREFIX_PATH}:/home/subhalaxmi/nidar_ws/install/nidar_flight:/home/subhalaxmi/nidar_ws/install/drone_pkg:/home/subhalaxmi/my_robot_ws/install/line_follower:/home/subhalaxmi/ros2_ws/install/my_py_pkg:/opt/ros/humble PYTHONPATH=/home/subhalaxmi/nidar_ws/install/drone_pkg/lib/python3.10/site-packages:/home/subhalaxmi/nidar_ws/install/nidar_flight/lib/python3.10/site-packages:/home/subhalaxmi/nidar_ws/install/px4_msgs/local/lib/python3.10/dist-packages:/home/subhalaxmi/nidar_ws/install/my_drone_bringup/lib/python3.10/site-packages:/home/subhalaxmi/my_robot_ws/install/line_follower/lib/python3.10/site-packages:/home/subhalaxmi/ros2_ws/install/my_py_pkg/lib/python3.10/site-packages:/opt/ros/humble/lib/python3.10/site-packages:/opt/ros/humble/local/lib/python3.10/dist-packages /usr/bin/cmake --install /home/subhalaxmi/nidar_ws/build/my_drone_bringup
[3.176s] Level 1:colcon.colcon_core.environment:create_environment_scripts_only(my_drone_bringup)
[3.177s] Level 1:colcon.colcon_core.environment:checking '/home/subhalaxmi/nidar_ws/install/my_drone_bringup' for CMake module files
[3.179s] DEBUG:colcon.colcon_core.event_handler.log_command:Invoked command in '/home/subhalaxmi/nidar_ws/build/my_drone_bringup' returned '0': AMENT_PREFIX_PATH=/home/subhalaxmi/nidar_ws/install/drone_pkg:/home/subhalaxmi/nidar_ws/install/nidar_flight:/home/subhalaxmi/nidar_ws/install/px4_msgs:/home/subhalaxmi/nidar_ws/install/my_drone_bringup:/home/subhalaxmi/rover_ws/install/rover_ctrl:/home/subhalaxmi/autonav_ws/install/my_rover_description:/home/subhalaxmi/autonav_ws/install/my_rover_bringup:/home/subhalaxmi/my_robot_ws/install/my_robot_bringup:/home/subhalaxmi/my_robot_ws/install/my_robot_description:/home/subhalaxmi/my_robot_ws/install/line_follower:/home/subhalaxmi/ros2_ws/install/my_py_pkg:/opt/ros/humble CMAKE_PREFIX_PATH=${CMAKE_PREFIX_PATH}:/home/subhalaxmi/nidar_ws/install/nidar_flight:/home/subhalaxmi/nidar_ws/install/drone_pkg:/home/subhalaxmi/my_robot_ws/install/line_follower:/home/subhalaxmi/ros2_ws/install/my_py_pkg:/opt/ros/humble PYTHONPATH=/home/subhalaxmi/nidar_ws/install/drone_pkg/lib/python3.10/site-packages:/home/subhalaxmi/nidar_ws/install/nidar_flight/lib/python3.10/site-packages:/home/subhalaxmi/nidar_ws/install/px4_msgs/local/lib/python3.10/dist-packages:/home/subhalaxmi/nidar_ws/install/my_drone_bringup/lib/python3.10/site-packages:/home/subhalaxmi/my_robot_ws/install/line_follower/lib/python3.10/site-packages:/home/subhalaxmi/ros2_ws/install/my_py_pkg/lib/python3.10/site-packages:/opt/ros/humble/lib/python3.10/site-packages:/opt/ros/humble/local/lib/python3.10/dist-packages /usr/bin/cmake --install /home/subhalaxmi/nidar_ws/build/my_drone_bringup
[3.180s] Level 1:colcon.colcon_core.environment:checking '/home/subhalaxmi/nidar_ws/install/my_drone_bringup' for CMake config files
[3.181s] Level 1:colcon.colcon_core.shell:create_environment_hook('my_drone_bringup', 'cmake_prefix_path')
[3.182s] INFO:colcon.colcon_core.shell:Creating environment hook '/home/subhalaxmi/nidar_ws/install/my_drone_bringup/share/my_drone_bringup/hook/cmake_prefix_path.ps1'
[3.183s] INFO:colcon.colcon_core.shell:Creating environment descriptor '/home/subhalaxmi/nidar_ws/install/my_drone_bringup/share/my_drone_bringup/hook/cmake_prefix_path.dsv'
[3.184s] INFO:colcon.colcon_core.shell:Creating environment hook '/home/subhalaxmi/nidar_ws/install/my_drone_bringup/share/my_drone_bringup/hook/cmake_prefix_path.sh'
[3.186s] Level 1:colcon.colcon_core.environment:checking '/home/subhalaxmi/nidar_ws/install/my_drone_bringup/lib'
[3.186s] Level 1:colcon.colcon_core.environment:checking '/home/subhalaxmi/nidar_ws/install/my_drone_bringup/bin'
[3.186s] Level 1:colcon.colcon_core.environment:checking '/home/subhalaxmi/nidar_ws/install/my_drone_bringup/lib/pkgconfig/my_drone_bringup.pc'
[3.187s] Level 1:colcon.colcon_core.environment:checking '/home/subhalaxmi/nidar_ws/install/my_drone_bringup/lib/python3.10/site-packages'
[3.188s] Level 1:colcon.colcon_core.shell:create_environment_hook('my_drone_bringup', 'pythonpath')
[3.188s] INFO:colcon.colcon_core.shell:Creating environment hook '/home/subhalaxmi/nidar_ws/install/my_drone_bringup/share/my_drone_bringup/hook/pythonpath.ps1'
[3.190s] INFO:colcon.colcon_core.shell:Creating environment descriptor '/home/subhalaxmi/nidar_ws/install/my_drone_bringup/share/my_drone_bringup/hook/pythonpath.dsv'
[3.191s] INFO:colcon.colcon_core.shell:Creating environment hook '/home/subhalaxmi/nidar_ws/install/my_drone_bringup/share/my_drone_bringup/hook/pythonpath.sh'
[3.194s] Level 1:colcon.colcon_core.environment:checking '/home/subhalaxmi/nidar_ws/install/my_drone_bringup/bin'
[3.196s] INFO:colcon.colcon_core.shell:Creating package script '/home/subhalaxmi/nidar_ws/install/my_drone_bringup/share/my_drone_bringup/package.ps1'
[3.198s] INFO:colcon.colcon_core.shell:Creating package descriptor '/home/subhalaxmi/nidar_ws/install/my_drone_bringup/share/my_drone_bringup/package.dsv'
[3.199s] INFO:colcon.colcon_core.shell:Creating package script '/home/subhalaxmi/nidar_ws/install/my_drone_bringup/share/my_drone_bringup/package.sh'
[3.201s] INFO:colcon.colcon_core.shell:Creating package script '/home/subhalaxmi/nidar_ws/install/my_drone_bringup/share/my_drone_bringup/package.bash'
[3.202s] INFO:colcon.colcon_core.shell:Creating package script '/home/subhalaxmi/nidar_ws/install/my_drone_bringup/share/my_drone_bringup/package.zsh'
[3.204s] Level 1:colcon.colcon_core.environment:create_file_with_runtime_dependencies(/home/subhalaxmi/nidar_ws/install/my_drone_bringup/share/colcon-core/packages/my_drone_bringup)
[3.205s] Level 1:colcon.colcon_core.environment:create_environment_scripts_only(my_drone_bringup)
[3.206s] Level 1:colcon.colcon_core.environment:checking '/home/subhalaxmi/nidar_ws/install/my_drone_bringup' for CMake module files
[3.208s] Level 1:colcon.colcon_core.environment:checking '/home/subhalaxmi/nidar_ws/install/my_drone_bringup' for CMake config files
[3.209s] Level 1:colcon.colcon_core.shell:create_environment_hook('my_drone_bringup', 'cmake_prefix_path')
[3.210s] INFO:colcon.colcon_core.shell:Creating environment hook '/home/subhalaxmi/nidar_ws/install/my_drone_bringup/share/my_drone_bringup/hook/cmake_prefix_path.ps1'
[3.211s] INFO:colcon.colcon_core.shell:Creating environment descriptor '/home/subhalaxmi/nidar_ws/install/my_drone_bringup/share/my_drone_bringup/hook/cmake_prefix_path.dsv'
[3.212s] INFO:colcon.colcon_core.shell:Creating environment hook '/home/subhalaxmi/nidar_ws/install/my_drone_bringup/share/my_drone_bringup/hook/cmake_prefix_path.sh'
[3.214s] Level 1:colcon.colcon_core.environment:checking '/home/subhalaxmi/nidar_ws/install/my_drone_bringup/lib'
[3.214s] Level 1:colcon.colcon_core.environment:checking '/home/subhalaxmi/nidar_ws/install/my_drone_bringup/bin'
[3.215s] Level 1:colcon.colcon_core.environment:checking '/home/subhalaxmi/nidar_ws/install/my_drone_bringup/lib/pkgconfig/my_drone_bringup.pc'
[3.216s] Level 1:colcon.colcon_core.environment:checking '/home/subhalaxmi/nidar_ws/install/my_drone_bringup/lib/python3.10/site-packages'
[3.216s] Level 1:colcon.colcon_core.shell:create_environment_hook('my_drone_bringup', 'pythonpath')
[3.217s] INFO:colcon.colcon_core.shell:Creating environment hook '/home/subhalaxmi/nidar_ws/install/my_drone_bringup/share/my_drone_bringup/hook/pythonpath.ps1'
[3.218s] INFO:colcon.colcon_core.shell:Creating environment descriptor '/home/subhalaxmi/nidar_ws/install/my_drone_bringup/share/my_drone_bringup/hook/pythonpath.dsv'
[3.219s] INFO:colcon.colcon_core.shell:Creating environment hook '/home/subhalaxmi/nidar_ws/install/my_drone_bringup/share/my_drone_bringup/hook/pythonpath.sh'
[3.222s] Level 1:colcon.colcon_core.environment:checking '/home/subhalaxmi/nidar_ws/install/my_drone_bringup/bin'
[3.223s] INFO:colcon.colcon_core.shell:Creating package script '/home/subhalaxmi/nidar_ws/install/my_drone_bringup/share/my_drone_bringup/package.ps1'
[3.225s] INFO:colcon.colcon_core.shell:Creating package descriptor '/home/subhalaxmi/nidar_ws/install/my_drone_bringup/share/my_drone_bringup/package.dsv'
[3.227s] INFO:colcon.colcon_core.shell:Creating package script '/home/subhalaxmi/nidar_ws/install/my_drone_bringup/share/my_drone_bringup/package.sh'
[3.229s] INFO:colcon.colcon_core.shell:Creating package script '/home/subhalaxmi/nidar_ws/install/my_drone_bringup/share/my_drone_bringup/package.bash'
[3.231s] INFO:colcon.colcon_core.shell:Creating package script '/home/subhalaxmi/nidar_ws/install/my_drone_bringup/share/my_drone_bringup/package.zsh'
[3.232s] Level 1:colcon.colcon_core.environment:create_file_with_runtime_dependencies(/home/subhalaxmi/nidar_ws/install/my_drone_bringup/share/colcon-core/packages/my_drone_bringup)
[6.545s] DEBUG:colcon.colcon_core.event_handler.log_command:Invoked command in '/home/subhalaxmi/nidar_ws/build/px4_msgs' returned '0': CMAKE_PREFIX_PATH=${CMAKE_PREFIX_PATH}:/home/subhalaxmi/nidar_ws/install/nidar_flight:/home/subhalaxmi/nidar_ws/install/drone_pkg:/home/subhalaxmi/my_robot_ws/install/line_follower:/home/subhalaxmi/ros2_ws/install/my_py_pkg:/opt/ros/humble /usr/bin/cmake --build /home/subhalaxmi/nidar_ws/build/px4_msgs -- -j4 -l4
[6.548s] DEBUG:colcon.colcon_core.event_handler.log_command:Invoking command in '/home/subhalaxmi/nidar_ws/build/px4_msgs': CMAKE_PREFIX_PATH=${CMAKE_PREFIX_PATH}:/home/subhalaxmi/nidar_ws/install/nidar_flight:/home/subhalaxmi/nidar_ws/install/drone_pkg:/home/subhalaxmi/my_robot_ws/install/line_follower:/home/subhalaxmi/ros2_ws/install/my_py_pkg:/opt/ros/humble /usr/bin/cmake --install /home/subhalaxmi/nidar_ws/build/px4_msgs
[7.399s] Level 1:colcon.colcon_core.environment:create_environment_scripts_only(px4_msgs)
[7.399s] Level 1:colcon.colcon_core.environment:checking '/home/subhalaxmi/nidar_ws/install/px4_msgs' for CMake module files
[7.400s] DEBUG:colcon.colcon_core.event_handler.log_command:Invoked command in '/home/subhalaxmi/nidar_ws/build/px4_msgs' returned '0': CMAKE_PREFIX_PATH=${CMAKE_PREFIX_PATH}:/home/subhalaxmi/nidar_ws/install/nidar_flight:/home/subhalaxmi/nidar_ws/install/drone_pkg:/home/subhalaxmi/my_robot_ws/install/line_follower:/home/subhalaxmi/ros2_ws/install/my_py_pkg:/opt/ros/humble /usr/bin/cmake --install /home/subhalaxmi/nidar_ws/build/px4_msgs
[7.401s] Level 1:colcon.colcon_core.environment:checking '/home/subhalaxmi/nidar_ws/install/px4_msgs' for CMake config files
[7.411s] Level 1:colcon.colcon_core.shell:create_environment_hook('px4_msgs', 'cmake_prefix_path')
[7.411s] INFO:colcon.colcon_core.shell:Creating environment hook '/home/subhalaxmi/nidar_ws/install/px4_msgs/share/px4_msgs/hook/cmake_prefix_path.ps1'
[7.412s] INFO:colcon.colcon_core.shell:Creating environment descriptor '/home/subhalaxmi/nidar_ws/install/px4_msgs/share/px4_msgs/hook/cmake_prefix_path.dsv'
[7.413s] INFO:colcon.colcon_core.shell:Creating environment hook '/home/subhalaxmi/nidar_ws/install/px4_msgs/share/px4_msgs/hook/cmake_prefix_path.sh'
[7.414s] Level 1:colcon.colcon_core.environment:checking '/home/subhalaxmi/nidar_ws/install/px4_msgs/lib'
[7.414s] Level 1:colcon.colcon_core.shell:create_environment_hook('px4_msgs', 'ld_library_path_lib')
[7.415s] INFO:colcon.colcon_core.shell:Creating environment hook '/home/subhalaxmi/nidar_ws/install/px4_msgs/share/px4_msgs/hook/ld_library_path_lib.ps1'
[7.416s] INFO:colcon.colcon_core.shell:Creating environment descriptor '/home/subhalaxmi/nidar_ws/install/px4_msgs/share/px4_msgs/hook/ld_library_path_lib.dsv'
[7.416s] INFO:colcon.colcon_core.shell:Creating environment hook '/home/subhalaxmi/nidar_ws/install/px4_msgs/share/px4_msgs/hook/ld_library_path_lib.sh'
[7.417s] Level 1:colcon.colcon_core.environment:checking '/home/subhalaxmi/nidar_ws/install/px4_msgs/bin'
[7.417s] Level 1:colcon.colcon_core.environment:checking '/home/subhalaxmi/nidar_ws/install/px4_msgs/lib/pkgconfig/px4_msgs.pc'
[7.418s] Level 1:colcon.colcon_core.environment:checking '/home/subhalaxmi/nidar_ws/install/px4_msgs/lib/python3.10/site-packages'
[7.418s] Level 1:colcon.colcon_core.environment:checking '/home/subhalaxmi/nidar_ws/install/px4_msgs/bin'
[7.419s] INFO:colcon.colcon_core.shell:Creating package script '/home/subhalaxmi/nidar_ws/install/px4_msgs/share/px4_msgs/package.ps1'
[7.420s] INFO:colcon.colcon_core.shell:Creating package descriptor '/home/subhalaxmi/nidar_ws/install/px4_msgs/share/px4_msgs/package.dsv'
[7.421s] INFO:colcon.colcon_core.shell:Creating package script '/home/subhalaxmi/nidar_ws/install/px4_msgs/share/px4_msgs/package.sh'
[7.422s] INFO:colcon.colcon_core.shell:Creating package script '/home/subhalaxmi/nidar_ws/install/px4_msgs/share/px4_msgs/package.bash'
[7.422s] INFO:colcon.colcon_core.shell:Creating package script '/home/subhalaxmi/nidar_ws/install/px4_msgs/share/px4_msgs/package.zsh'
[7.423s] Level 1:colcon.colcon_core.environment:create_file_with_runtime_dependencies(/home/subhalaxmi/nidar_ws/install/px4_msgs/share/colcon-core/packages/px4_msgs)
[7.424s] Level 1:colcon.colcon_core.environment:create_environment_scripts_only(px4_msgs)
[7.425s] Level 1:colcon.colcon_core.environment:checking '/home/subhalaxmi/nidar_ws/install/px4_msgs' for CMake module files
[7.426s] Level 1:colcon.colcon_core.environment:checking '/home/subhalaxmi/nidar_ws/install/px4_msgs' for CMake config files
[7.435s] Level 1:colcon.colcon_core.shell:create_environment_hook('px4_msgs', 'cmake_prefix_path')
[7.436s] INFO:colcon.colcon_core.shell:Creating environment hook '/home/subhalaxmi/nidar_ws/install/px4_msgs/share/px4_msgs/hook/cmake_prefix_path.ps1'
[7.436s] INFO:colcon.colcon_core.shell:Creating environment descriptor '/home/subhalaxmi/nidar_ws/install/px4_msgs/share/px4_msgs/hook/cmake_prefix_path.dsv'
[7.437s] INFO:colcon.colcon_core.shell:Creating environment hook '/home/subhalaxmi/nidar_ws/install/px4_msgs/share/px4_msgs/hook/cmake_prefix_path.sh'
[7.438s] Level 1:colcon.colcon_core.environment:checking '/home/subhalaxmi/nidar_ws/install/px4_msgs/lib'
[7.438s] Level 1:colcon.colcon_core.shell:create_environment_hook('px4_msgs', 'ld_library_path_lib')
[7.439s] INFO:colcon.colcon_core.shell:Creating environment hook '/home/subhalaxmi/nidar_ws/install/px4_msgs/share/px4_msgs/hook/ld_library_path_lib.ps1'
[7.439s] INFO:colcon.colcon_core.shell:Creating environment descriptor '/home/subhalaxmi/nidar_ws/install/px4_msgs/share/px4_msgs/hook/ld_library_path_lib.dsv'
[7.440s] INFO:colcon.colcon_core.shell:Creating environment hook '/home/subhalaxmi/nidar_ws/install/px4_msgs/share/px4_msgs/hook/ld_library_path_lib.sh'
[7.441s] Level 1:colcon.colcon_core.environment:checking '/home/subhalaxmi/nidar_ws/install/px4_msgs/bin'
[7.441s] Level 1:colcon.colcon_core.environment:checking '/home/subhalaxmi/nidar_ws/install/px4_msgs/lib/pkgconfig/px4_msgs.pc'
[7.441s] Level 1:colcon.colcon_core.environment:checking '/home/subhalaxmi/nidar_ws/install/px4_msgs/lib/python3.10/site-packages'
[7.442s] Level 1:colcon.colcon_core.environment:checking '/home/subhalaxmi/nidar_ws/install/px4_msgs/bin'
[7.443s] INFO:colcon.colcon_core.shell:Creating package script '/home/subhalaxmi/nidar_ws/install/px4_msgs/share/px4_msgs/package.ps1'
[7.444s] INFO:colcon.colcon_core.shell:Creating package descriptor '/home/subhalaxmi/nidar_ws/install/px4_msgs/share/px4_msgs/package.dsv'
[7.445s] INFO:colcon.colcon_core.shell:Creating package script '/home/subhalaxmi/nidar_ws/install/px4_msgs/share/px4_msgs/package.sh'
[7.446s] INFO:colcon.colcon_core.shell:Creating package script '/home/subhalaxmi/nidar_ws/install/px4_msgs/share/px4_msgs/package.bash'
[7.446s] INFO:colcon.colcon_core.shell:Creating package script '/home/subhalaxmi/nidar_ws/install/px4_msgs/share/px4_msgs/package.zsh'
[7.447s] Level 1:colcon.colcon_core.environment:create_file_with_runtime_dependencies(/home/subhalaxmi/nidar_ws/install/px4_msgs/share/colcon-core/packages/px4_msgs)
[7.448s] INFO:colcon.colcon_ros.task.ament_python.build:Building ROS package in '/home/subhalaxmi/nidar_ws/src/nidar_flight' with build type 'ament_python'
[7.448s] Level 1:colcon.colcon_core.shell:create_environment_hook('nidar_flight', 'ament_prefix_path')
[7.448s] INFO:colcon.colcon_core.shell:Creating environment hook '/home/subhalaxmi/nidar_ws/install/nidar_flight/share/nidar_flight/hook/ament_prefix_path.ps1'
[7.450s] INFO:colcon.colcon_core.shell:Creating environment descriptor '/home/subhalaxmi/nidar_ws/install/nidar_flight/share/nidar_flight/hook/ament_prefix_path.dsv'
[7.450s] INFO:colcon.colcon_core.shell:Creating environment hook '/home/subhalaxmi/nidar_ws/install/nidar_flight/share/nidar_flight/hook/ament_prefix_path.sh'
[7.452s] INFO:colcon.colcon_core.shell:Skip shell extension 'powershell' for command environment: Not usable outside of PowerShell
[7.452s] DEBUG:colcon.colcon_core.shell:Skip shell extension 'dsv' for command environment
[8.243s] INFO:colcon.colcon_core.task.python.build:Building Python package in '/home/subhalaxmi/nidar_ws/src/nidar_flight'
[8.244s] INFO:colcon.colcon_core.shell:Skip shell extension 'powershell' for command environment: Not usable outside of PowerShell
[8.244s] DEBUG:colcon.colcon_core.shell:Skip shell extension 'dsv' for command environment
[8.978s] DEBUG:colcon.colcon_core.event_handler.log_command:Invoking command in '/home/subhalaxmi/nidar_ws/src/nidar_flight': PYTHONPATH=/home/subhalaxmi/nidar_ws/build/nidar_flight/prefix_override:/usr/lib/python3/dist-packages/colcon_core/task/python/colcon_distutils_commands:/home/subhalaxmi/nidar_ws/install/nidar_flight/lib/python3.10/site-packages:${PYTHONPATH} /usr/bin/python3 -W ignore:setup.py install is deprecated -W ignore:easy_install command is deprecated setup.py egg_info --egg-base ../../build/nidar_flight build --build-base /home/subhalaxmi/nidar_ws/build/nidar_flight/build install --record /home/subhalaxmi/nidar_ws/build/nidar_flight/install.log --single-version-externally-managed install_data
[9.593s] Level 1:colcon.colcon_core.environment:checking '/home/subhalaxmi/nidar_ws/install/nidar_flight' for CMake module files
[9.594s] DEBUG:colcon.colcon_core.event_handler.log_command:Invoked command in '/home/subhalaxmi/nidar_ws/src/nidar_flight' returned '0': PYTHONPATH=/home/subhalaxmi/nidar_ws/build/nidar_flight/prefix_override:/usr/lib/python3/dist-packages/colcon_core/task/python/colcon_distutils_commands:/home/subhalaxmi/nidar_ws/install/nidar_flight/lib/python3.10/site-packages:${PYTHONPATH} /usr/bin/python3 -W ignore:setup.py install is deprecated -W ignore:easy_install command is deprecated setup.py egg_info --egg-base ../../build/nidar_flight build --build-base /home/subhalaxmi/nidar_ws/build/nidar_flight/build install --record /home/subhalaxmi/nidar_ws/build/nidar_flight/install.log --single-version-externally-managed install_data
[9.594s] Level 1:colcon.colcon_core.environment:checking '/home/subhalaxmi/nidar_ws/install/nidar_flight' for CMake config files
[9.595s] Level 1:colcon.colcon_core.environment:checking '/home/subhalaxmi/nidar_ws/install/nidar_flight/lib'
[9.595s] Level 1:colcon.colcon_core.environment:checking '/home/subhalaxmi/nidar_ws/install/nidar_flight/bin'
[9.595s] Level 1:colcon.colcon_core.environment:checking '/home/subhalaxmi/nidar_ws/install/nidar_flight/lib/pkgconfig/nidar_flight.pc'
[9.596s] Level 1:colcon.colcon_core.environment:checking '/home/subhalaxmi/nidar_ws/install/nidar_flight/lib/python3.10/site-packages'
[9.596s] Level 1:colcon.colcon_core.shell:create_environment_hook('nidar_flight', 'pythonpath')
[9.596s] INFO:colcon.colcon_core.shell:Creating environment hook '/home/subhalaxmi/nidar_ws/install/nidar_flight/share/nidar_flight/hook/pythonpath.ps1'
[9.597s] INFO:colcon.colcon_core.shell:Creating environment descriptor '/home/subhalaxmi/nidar_ws/install/nidar_flight/share/nidar_flight/hook/pythonpath.dsv'
[9.598s] INFO:colcon.colcon_core.shell:Creating environment hook '/home/subhalaxmi/nidar_ws/install/nidar_flight/share/nidar_flight/hook/pythonpath.sh'
[9.599s] Level 1:colcon.colcon_core.environment:checking '/home/subhalaxmi/nidar_ws/install/nidar_flight/bin'
[9.599s] Level 1:colcon.colcon_core.environment:create_environment_scripts_only(nidar_flight)
[9.600s] INFO:colcon.colcon_core.shell:Creating package script '/home/subhalaxmi/nidar_ws/install/nidar_flight/share/nidar_flight/package.ps1'
[9.601s] INFO:colcon.colcon_core.shell:Creating package descriptor '/home/subhalaxmi/nidar_ws/install/nidar_flight/share/nidar_flight/package.dsv'
[9.602s] INFO:colcon.colcon_core.shell:Creating package script '/home/subhalaxmi/nidar_ws/install/nidar_flight/share/nidar_flight/package.sh'
[9.602s] INFO:colcon.colcon_core.shell:Creating package script '/home/subhalaxmi/nidar_ws/install/nidar_flight/share/nidar_flight/package.bash'
[9.603s] INFO:colcon.colcon_core.shell:Creating package script '/home/subhalaxmi/nidar_ws/install/nidar_flight/share/nidar_flight/package.zsh'
[9.604s] Level 1:colcon.colcon_core.environment:create_file_with_runtime_dependencies(/home/subhalaxmi/nidar_ws/install/nidar_flight/share/colcon-core/packages/nidar_flight)
[9.605s] DEBUG:colcon.colcon_parallel_executor.executor.parallel:closing loop
[9.605s] DEBUG:colcon.colcon_parallel_executor.executor.parallel:loop closed
[9.605s] DEBUG:colcon.colcon_parallel_executor.executor.parallel:run_until_complete finished with '0'
[9.606s] DEBUG:colcon.colcon_core.event_reactor:joining thread
[9.615s] INFO:colcon.colcon_core.plugin_system:Skipping extension 'colcon_notification.desktop_notification.terminal_notifier': Not used on non-Darwin systems
[9.615s] INFO:colcon.colcon_core.plugin_system:Skipping extension 'colcon_notification.desktop_notification.win32': Not used on non-Windows systems
[9.615s] INFO:colcon.colcon_notification.desktop_notification:Sending desktop notification using 'notify2'
[9.632s] DEBUG:colcon.colcon_core.event_reactor:joined thread
[9.633s] INFO:colcon.colcon_core.shell:Creating prefix script '/home/subhalaxmi/nidar_ws/install/local_setup.ps1'
[9.635s] INFO:colcon.colcon_core.shell:Creating prefix util module '/home/subhalaxmi/nidar_ws/install/_local_setup_util_ps1.py'
[9.638s] INFO:colcon.colcon_core.shell:Creating prefix chain script '/home/subhalaxmi/nidar_ws/install/setup.ps1'
[9.641s] INFO:colcon.colcon_core.shell:Creating prefix script '/home/subhalaxmi/nidar_ws/install/local_setup.sh'
[9.642s] INFO:colcon.colcon_core.shell:Creating prefix util module '/home/subhalaxmi/nidar_ws/install/_local_setup_util_sh.py'
[9.643s] INFO:colcon.colcon_core.shell:Creating prefix chain script '/home/subhalaxmi/nidar_ws/install/setup.sh'
[9.647s] INFO:colcon.colcon_core.shell:Creating prefix script '/home/subhalaxmi/nidar_ws/install/local_setup.bash'
[9.648s] INFO:colcon.colcon_core.shell:Creating prefix chain script '/home/subhalaxmi/nidar_ws/install/setup.bash'
[9.653s] INFO:colcon.colcon_core.shell:Creating prefix script '/home/subhalaxmi/nidar_ws/install/local_setup.zsh'
[9.654s] INFO:colcon.colcon_core.shell:Creating prefix chain script '/home/subhalaxmi/nidar_ws/install/setup.zsh'
