[2.524s] Invoking command in '/home/subhalaxmi/nidar_ws/src/nidar_flight': PYTHONPATH=/home/subhalaxmi/nidar_ws/build/nidar_flight/prefix_override:/usr/lib/python3/dist-packages/colcon_core/task/python/colcon_distutils_commands:/home/subhalaxmi/nidar_ws/install/nidar_flight/lib/python3.10/site-packages:${PYTHONPATH} /usr/bin/python3 -W ignore:setup.py install is deprecated -W ignore:easy_install command is deprecated setup.py egg_info --egg-base ../../build/nidar_flight build --build-base /home/subhalaxmi/nidar_ws/build/nidar_flight/build install --record /home/subhalaxmi/nidar_ws/build/nidar_flight/install.log --single-version-externally-managed install_data
[3.893s] running egg_info
[3.897s] writing ../../build/nidar_flight/nidar_flight.egg-info/PKG-INFO
[3.897s] writing dependency_links to ../../build/nidar_flight/nidar_flight.egg-info/dependency_links.txt
[3.901s] writing entry points to ../../build/nidar_flight/nidar_flight.egg-info/entry_points.txt
[3.901s] writing requirements to ../../build/nidar_flight/nidar_flight.egg-info/requires.txt
[3.902s] writing top-level names to ../../build/nidar_flight/nidar_flight.egg-info/top_level.txt
[3.906s] reading manifest file '../../build/nidar_flight/nidar_flight.egg-info/SOURCES.txt'
[3.909s] writing manifest file '../../build/nidar_flight/nidar_flight.egg-info/SOURCES.txt'
[3.910s] running build
[3.911s] running build_py
[3.912s] copying nidar_flight/takeoff_node.py -> /home/subhalaxmi/nidar_ws/build/nidar_flight/build/lib/nidar_flight
[3.913s] running install
[3.914s] running install_lib
[3.919s] copying /home/subhalaxmi/nidar_ws/build/nidar_flight/build/lib/nidar_flight/takeoff_node.py -> /home/subhalaxmi/nidar_ws/install/nidar_flight/lib/python3.10/site-packages/nidar_flight
[3.921s] byte-compiling /home/subhalaxmi/nidar_ws/install/nidar_flight/lib/python3.10/site-packages/nidar_flight/takeoff_node.py to takeoff_node.cpython-310.pyc
[3.926s] running install_data
[3.926s] running install_egg_info
[3.931s] removing '/home/subhalaxmi/nidar_ws/install/nidar_flight/lib/python3.10/site-packages/nidar_flight-0.0.0-py3.10.egg-info' (and everything under it)
[3.932s] Copying ../../build/nidar_flight/nidar_flight.egg-info to /home/subhalaxmi/nidar_ws/install/nidar_flight/lib/python3.10/site-packages/nidar_flight-0.0.0-py3.10.egg-info
[3.937s] running install_scripts
[4.017s] Installing takeoff_node script to /home/subhalaxmi/nidar_ws/install/nidar_flight/lib/nidar_flight
[4.017s] writing list of installed files to '/home/subhalaxmi/nidar_ws/build/nidar_flight/install.log'
[4.112s] Invoked command in '/home/subhalaxmi/nidar_ws/src/nidar_flight' returned '0': PYTHONPATH=/home/subhalaxmi/nidar_ws/build/nidar_flight/prefix_override:/usr/lib/python3/dist-packages/colcon_core/task/python/colcon_distutils_commands:/home/subhalaxmi/nidar_ws/install/nidar_flight/lib/python3.10/site-packages:${PYTHONPATH} /usr/bin/python3 -W ignore:setup.py install is deprecated -W ignore:easy_install command is deprecated setup.py egg_info --egg-base ../../build/nidar_flight build --build-base /home/subhalaxmi/nidar_ws/build/nidar_flight/build install --record /home/subhalaxmi/nidar_ws/build/nidar_flight/install.log --single-version-externally-managed install_data
