[1.412s] Invoking command in '/home/subhalaxmi/nidar_ws/src/drone_pkg': PYTHONPATH=/home/subhalaxmi/nidar_ws/build/drone_pkg/prefix_override:/usr/lib/python3/dist-packages/colcon_core/task/python/colcon_distutils_commands:/home/subhalaxmi/nidar_ws/install/drone_pkg/lib/python3.10/site-packages:${PYTHONPATH} /usr/bin/python3 -W ignore:setup.py install is deprecated -W ignore:easy_install command is deprecated setup.py egg_info --egg-base ../../build/drone_pkg build --build-base /home/subhalaxmi/nidar_ws/build/drone_pkg/build install --record /home/subhalaxmi/nidar_ws/build/drone_pkg/install.log --single-version-externally-managed install_data
[1.933s] running egg_info
[1.935s] writing ../../build/drone_pkg/drone_pkg.egg-info/PKG-INFO
[1.936s] writing dependency_links to ../../build/drone_pkg/drone_pkg.egg-info/dependency_links.txt
[1.936s] writing entry points to ../../build/drone_pkg/drone_pkg.egg-info/entry_points.txt
[1.936s] writing requirements to ../../build/drone_pkg/drone_pkg.egg-info/requires.txt
[1.937s] writing top-level names to ../../build/drone_pkg/drone_pkg.egg-info/top_level.txt
[1.942s] reading manifest file '../../build/drone_pkg/drone_pkg.egg-info/SOURCES.txt'
[1.945s] writing manifest file '../../build/drone_pkg/drone_pkg.egg-info/SOURCES.txt'
[1.945s] running build
[1.945s] running build_py
[1.945s] copying drone_pkg/arm_server.py -> /home/subhalaxmi/nidar_ws/build/drone_pkg/build/lib/drone_pkg
[1.947s] copying drone_pkg/arm_client.py -> /home/subhalaxmi/nidar_ws/build/drone_pkg/build/lib/drone_pkg
[1.947s] running install
[1.947s] running install_lib
[1.950s] copying /home/subhalaxmi/nidar_ws/build/drone_pkg/build/lib/drone_pkg/arm_server.py -> /home/subhalaxmi/nidar_ws/install/drone_pkg/lib/python3.10/site-packages/drone_pkg
[1.950s] copying /home/subhalaxmi/nidar_ws/build/drone_pkg/build/lib/drone_pkg/arm_client.py -> /home/subhalaxmi/nidar_ws/install/drone_pkg/lib/python3.10/site-packages/drone_pkg
[1.952s] byte-compiling /home/subhalaxmi/nidar_ws/install/drone_pkg/lib/python3.10/site-packages/drone_pkg/arm_server.py to arm_server.cpython-310.pyc
[1.953s] byte-compiling /home/subhalaxmi/nidar_ws/install/drone_pkg/lib/python3.10/site-packages/drone_pkg/arm_client.py to arm_client.cpython-310.pyc
[1.954s] running install_data
[1.954s] running install_egg_info
[1.959s] removing '/home/subhalaxmi/nidar_ws/install/drone_pkg/lib/python3.10/site-packages/drone_pkg-0.0.0-py3.10.egg-info' (and everything under it)
[1.960s] Copying ../../build/drone_pkg/drone_pkg.egg-info to /home/subhalaxmi/nidar_ws/install/drone_pkg/lib/python3.10/site-packages/drone_pkg-0.0.0-py3.10.egg-info
[1.962s] running install_scripts
[2.001s] Installing altitude_publisher script to /home/subhalaxmi/nidar_ws/install/drone_pkg/lib/drone_pkg
[2.001s] Installing altitude_subscriber script to /home/subhalaxmi/nidar_ws/install/drone_pkg/lib/drone_pkg
[2.002s] Installing simple_node script to /home/subhalaxmi/nidar_ws/install/drone_pkg/lib/drone_pkg
[2.002s] writing list of installed files to '/home/subhalaxmi/nidar_ws/build/drone_pkg/install.log'
[2.047s] Invoked command in '/home/subhalaxmi/nidar_ws/src/drone_pkg' returned '0': PYTHONPATH=/home/subhalaxmi/nidar_ws/build/drone_pkg/prefix_override:/usr/lib/python3/dist-packages/colcon_core/task/python/colcon_distutils_commands:/home/subhalaxmi/nidar_ws/install/drone_pkg/lib/python3.10/site-packages:${PYTHONPATH} /usr/bin/python3 -W ignore:setup.py install is deprecated -W ignore:easy_install command is deprecated setup.py egg_info --egg-base ../../build/drone_pkg build --build-base /home/subhalaxmi/nidar_ws/build/drone_pkg/build install --record /home/subhalaxmi/nidar_ws/build/drone_pkg/install.log --single-version-externally-managed install_data
