[0.612s] Invoking command in '/home/subhalaxmi/nidar_ws/build/px4_msgs': CMAKE_PREFIX_PATH=${CMAKE_PREFIX_PATH}:/home/subhalaxmi/nidar_ws/install/nidar_flight:/home/subhalaxmi/nidar_ws/install/drone_pkg:/home/subhalaxmi/my_robot_ws/install/line_follower:/home/subhalaxmi/ros2_ws/install/my_py_pkg:/opt/ros/humble /usr/bin/cmake --build /home/subhalaxmi/nidar_ws/build/px4_msgs -- -j4 -l4
[3.189s] [  0%] [34m[1mGenerating C++ code for ROS interfaces[0m
[5.123s] Traceback (most recent call last):
[5.123s]   File "/opt/ros/humble/share/rosidl_generator_cpp/cmake/../../../lib/rosidl_generator_cpp/rosidl_generator_cpp", line 38, in <module>
[5.124s] gmake[2]: *** Deleting file 'rosidl_generator_cpp/px4_msgs/msg/action_request.hpp'
[5.124s]     sys.exit(main())
[5.124s]   File "/opt/ros/humble/share/rosidl_generator_cpp/cmake/../../../lib/rosidl_generator_cpp/rosidl_generator_cpp", line 34, in main
[5.124s]     generate_cpp(args.generator_arguments_file)
[5.125s]   File "/opt/ros/humble/local/lib/python3.10/dist-packages/rosidl_generator_cpp/__init__.py", line 39, in generate_cpp
[5.125s]     return generate_files(
[5.125s]   File "/opt/ros/humble/local/lib/python3.10/dist-packages/rosidl_cmake/__init__.py", line 74, in generate_files
[5.125s]     idl_file = parse_idl_file(locator)
[5.126s]   File "/opt/ros/humble/local/lib/python3.10/dist-packages/rosidl_parser/parser.py", line 64, in parse_idl_file
[5.126s]     content = parse_idl_string(string, png_file=png_file)
[5.126s]   File "/opt/ros/humble/local/lib/python3.10/dist-packages/rosidl_parser/parser.py", line 72, in parse_idl_string
[5.126s]     tree = get_ast_from_idl_string(idl_string)
[5.126s]   File "/opt/ros/humble/local/lib/python3.10/dist-packages/rosidl_parser/parser.py", line 89, in get_ast_from_idl_string
[5.127s]     return _parser.parse(idl_string)
[5.127s]   File "/home/subhalaxmi/.local/lib/python3.10/site-packages/lark/lark.py", line 677, in parse
[5.128s]     return self.parser.parse(text, start=start, on_error=on_error)
[5.128s]   File "/home/subhalaxmi/.local/lib/python3.10/site-packages/lark/parser_frontends.py", line 131, in parse
[5.128s]     return self.parser.parse(stream, chosen_start, **kw)
[5.128s]   File "/home/subhalaxmi/.local/lib/python3.10/site-packages/lark/parsers/earley.py", line 280, in parse
[5.128s]     to_scan = self._parse(lexer, columns, to_scan, start_symbol)
[5.129s]   File "/home/subhalaxmi/.local/lib/python3.10/site-packages/lark/parsers/xearley.py", line 151, in _parse
[5.129s]     self.predict_and_complete(i, to_scan, columns, transitives, node_cache)
[5.129s]   File "/home/subhalaxmi/.local/lib/python3.10/site-packages/lark/parsers/earley.py", line 166, in predict_and_complete
[5.129s]     elif new_item not in column:
[5.129s]   File "/home/subhalaxmi/.local/lib/python3.10/site-packages/lark/utils.py", line 398, in __contains__
[5.130s]     return item in self.d
[5.130s]   File "/home/subhalaxmi/.local/lib/python3.10/site-packages/lark/parsers/earley_common.py", line 28, in __eq__
[5.130s]     def __eq__(self, other):
[5.130s] KeyboardInterrupt
[5.180s] gmake[2]: *** [CMakeFiles/px4_msgs__cpp.dir/build.make:1559: rosidl_generator_cpp/px4_msgs/msg/action_request.hpp] Interrupt
[5.180s] gmake[1]: *** [CMakeFiles/Makefile2:265: CMakeFiles/px4_msgs__cpp.dir/all] Interrupt
[5.180s] gmake: *** [Makefile:146: all] Interrupt
[5.183s] Invoked command in '/home/subhalaxmi/nidar_ws/build/px4_msgs' returned '-2': CMAKE_PREFIX_PATH=${CMAKE_PREFIX_PATH}:/home/subhalaxmi/nidar_ws/install/nidar_flight:/home/subhalaxmi/nidar_ws/install/drone_pkg:/home/subhalaxmi/my_robot_ws/install/line_follower:/home/subhalaxmi/ros2_ws/install/my_py_pkg:/opt/ros/humble /usr/bin/cmake --build /home/subhalaxmi/nidar_ws/build/px4_msgs -- -j4 -l4
