/home/subhalaxmi/nidar_ws/install/drone_pkg/lib/python3.10/site-packages/drone_pkg/drone_altitude.py
/home/subhalaxmi/nidar_ws/install/drone_pkg/lib/python3.10/site-packages/drone_pkg/__init__.py
/home/subhalaxmi/nidar_ws/install/drone_pkg/lib/python3.10/site-packages/drone_pkg/target_altitude.py
/home/subhalaxmi/nidar_ws/install/drone_pkg/lib/python3.10/site-packages/drone_pkg/arm_server.py
/home/subhalaxmi/nidar_ws/install/drone_pkg/lib/python3.10/site-packages/drone_pkg/arm_client.py
/home/subhalaxmi/nidar_ws/install/drone_pkg/lib/python3.10/site-packages/drone_pkg/__pycache__/drone_altitude.cpython-310.pyc
/home/subhalaxmi/nidar_ws/install/drone_pkg/lib/python3.10/site-packages/drone_pkg/__pycache__/__init__.cpython-310.pyc
/home/subhalaxmi/nidar_ws/install/drone_pkg/lib/python3.10/site-packages/drone_pkg/__pycache__/target_altitude.cpython-310.pyc
/home/subhalaxmi/nidar_ws/install/drone_pkg/lib/python3.10/site-packages/drone_pkg/__pycache__/arm_server.cpython-310.pyc
/home/subhalaxmi/nidar_ws/install/drone_pkg/lib/python3.10/site-packages/drone_pkg/__pycache__/arm_client.cpython-310.pyc
/home/subhalaxmi/nidar_ws/install/drone_pkg/share/ament_index/resource_index/packages/drone_pkg
/home/subhalaxmi/nidar_ws/install/drone_pkg/share/drone_pkg/package.xml
/home/subhalaxmi/nidar_ws/install/drone_pkg/lib/python3.10/site-packages/drone_pkg-0.0.0-py3.10.egg-info/requires.txt
/home/subhalaxmi/nidar_ws/install/drone_pkg/lib/python3.10/site-packages/drone_pkg-0.0.0-py3.10.egg-info/PKG-INFO
/home/subhalaxmi/nidar_ws/install/drone_pkg/lib/python3.10/site-packages/drone_pkg-0.0.0-py3.10.egg-info/SOURCES.txt
/home/subhalaxmi/nidar_ws/install/drone_pkg/lib/python3.10/site-packages/drone_pkg-0.0.0-py3.10.egg-info/zip-safe
/home/subhalaxmi/nidar_ws/install/drone_pkg/lib/python3.10/site-packages/drone_pkg-0.0.0-py3.10.egg-info/top_level.txt
/home/subhalaxmi/nidar_ws/install/drone_pkg/lib/python3.10/site-packages/drone_pkg-0.0.0-py3.10.egg-info/entry_points.txt
/home/subhalaxmi/nidar_ws/install/drone_pkg/lib/python3.10/site-packages/drone_pkg-0.0.0-py3.10.egg-info/dependency_links.txt
/home/subhalaxmi/nidar_ws/install/drone_pkg/lib/drone_pkg/altitude_publisher
/home/subhalaxmi/nidar_ws/install/drone_pkg/lib/drone_pkg/altitude_subscriber
/home/subhalaxmi/nidar_ws/install/drone_pkg/lib/drone_pkg/arm_client
/home/subhalaxmi/nidar_ws/install/drone_pkg/lib/drone_pkg/arm_server
/home/subhalaxmi/nidar_ws/install/drone_pkg/lib/drone_pkg/simple_node
