running egg_info
creating ../../build/my_drone_bringup/my_drone_bringup.egg-info
writing ../../build/my_drone_bringup/my_drone_bringup.egg-info/PKG-INFO
writing dependency_links to ../../build/my_drone_bringup/my_drone_bringup.egg-info/dependency_links.txt
writing entry points to ../../build/my_drone_bringup/my_drone_bringup.egg-info/entry_points.txt
writing requirements to ../../build/my_drone_bringup/my_drone_bringup.egg-info/requires.txt
writing top-level names to ../../build/my_drone_bringup/my_drone_bringup.egg-info/top_level.txt
writing manifest file '../../build/my_drone_bringup/my_drone_bringup.egg-info/SOURCES.txt'
reading manifest file '../../build/my_drone_bringup/my_drone_bringup.egg-info/SOURCES.txt'
writing manifest file '../../build/my_drone_bringup/my_drone_bringup.egg-info/SOURCES.txt'
running build
running build_py
creating /home/subhalaxmi/nidar_ws/build/my_drone_bringup/build
creating /home/subhalaxmi/nidar_ws/build/my_drone_bringup/build/lib
creating /home/subhalaxmi/nidar_ws/build/my_drone_bringup/build/lib/my_drone_bringup
copying my_drone_bringup/__init__.py -> /home/subhalaxmi/nidar_ws/build/my_drone_bringup/build/lib/my_drone_bringup
running install
running install_lib
creating /home/subhalaxmi/nidar_ws/install/my_drone_bringup/lib/python3.10/site-packages/my_drone_bringup
copying /home/subhalaxmi/nidar_ws/build/my_drone_bringup/build/lib/my_drone_bringup/__init__.py -> /home/subhalaxmi/nidar_ws/install/my_drone_bringup/lib/python3.10/site-packages/my_drone_bringup
byte-compiling /home/subhalaxmi/nidar_ws/install/my_drone_bringup/lib/python3.10/site-packages/my_drone_bringup/__init__.py to __init__.cpython-310.pyc
running install_data
creating /home/subhalaxmi/nidar_ws/install/my_drone_bringup/share/ament_index
creating /home/subhalaxmi/nidar_ws/install/my_drone_bringup/share/ament_index/resource_index
creating /home/subhalaxmi/nidar_ws/install/my_drone_bringup/share/ament_index/resource_index/packages
copying resource/my_drone_bringup -> /home/subhalaxmi/nidar_ws/install/my_drone_bringup/share/ament_index/resource_index/packages
copying package.xml -> /home/subhalaxmi/nidar_ws/install/my_drone_bringup/share/my_drone_bringup
running install_egg_info
Copying ../../build/my_drone_bringup/my_drone_bringup.egg-info to /home/subhalaxmi/nidar_ws/install/my_drone_bringup/lib/python3.10/site-packages/my_drone_bringup-0.0.0-py3.10.egg-info
running install_scripts
writing list of installed files to '/home/subhalaxmi/nidar_ws/build/my_drone_bringup/install.log'
