[1.324s] Invoking command in '/home/subhalaxmi/nidar_ws/src/my_drone_bringup': AMENT_PREFIX_PATH=/home/subhalaxmi/nidar_ws/install/drone_pkg:/home/subhalaxmi/nidar_ws/install/my_drone_bringup:/home/subhalaxmi/autonav_ws/install/my_rover_description:/home/subhalaxmi/autonav_ws/install/my_rover_bringup:/home/subhalaxmi/rover_ws/install/rover_ctrl:/home/subhalaxmi/my_robot_ws/install/my_robot_bringup:/home/subhalaxmi/my_robot_ws/install/my_robot_description:/home/subhalaxmi/my_robot_ws/install/line_follower:/home/subhalaxmi/ros2_ws/install/my_py_pkg:/opt/ros/humble PYTHONPATH=/home/subhalaxmi/nidar_ws/build/my_drone_bringup/prefix_override:/usr/lib/python3/dist-packages/colcon_core/task/python/colcon_distutils_commands:/home/subhalaxmi/nidar_ws/install/my_drone_bringup/lib/python3.10/site-packages:/home/subhalaxmi/nidar_ws/install/drone_pkg/lib/python3.10/site-packages:/home/subhalaxmi/nidar_ws/install/my_drone_bringup/lib/python3.10/site-packages:/home/subhalaxmi/my_robot_ws/install/line_follower/lib/python3.10/site-packages:/home/subhalaxmi/ros2_ws/install/my_py_pkg/lib/python3.10/site-packages:/opt/ros/humble/lib/python3.10/site-packages:/opt/ros/humble/local/lib/python3.10/dist-packages /usr/bin/python3 -W ignore:setup.py install is deprecated -W ignore:easy_install command is deprecated setup.py egg_info --egg-base ../../build/my_drone_bringup build --build-base /home/subhalaxmi/nidar_ws/build/my_drone_bringup/build install --record /home/subhalaxmi/nidar_ws/build/my_drone_bringup/install.log --single-version-externally-managed install_data
[1.862s] running egg_info
[1.864s] writing ../../build/my_drone_bringup/my_drone_bringup.egg-info/PKG-INFO
[1.864s] writing dependency_links to ../../build/my_drone_bringup/my_drone_bringup.egg-info/dependency_links.txt
[1.865s] writing entry points to ../../build/my_drone_bringup/my_drone_bringup.egg-info/entry_points.txt
[1.865s] writing requirements to ../../build/my_drone_bringup/my_drone_bringup.egg-info/requires.txt
[1.865s] writing top-level names to ../../build/my_drone_bringup/my_drone_bringup.egg-info/top_level.txt
[1.869s] reading manifest file '../../build/my_drone_bringup/my_drone_bringup.egg-info/SOURCES.txt'
[1.871s] writing manifest file '../../build/my_drone_bringup/my_drone_bringup.egg-info/SOURCES.txt'
[1.871s] running build
[1.871s] running build_py
[1.871s] running install
[1.872s] running install_lib
[1.875s] running install_data
[1.875s] copying package.xml -> /home/subhalaxmi/nidar_ws/install/my_drone_bringup/share/my_drone_bringup
[1.876s] running install_egg_info
[1.880s] removing '/home/subhalaxmi/nidar_ws/install/my_drone_bringup/lib/python3.10/site-packages/my_drone_bringup-0.0.0-py3.10.egg-info' (and everything under it)
[1.881s] Copying ../../build/my_drone_bringup/my_drone_bringup.egg-info to /home/subhalaxmi/nidar_ws/install/my_drone_bringup/lib/python3.10/site-packages/my_drone_bringup-0.0.0-py3.10.egg-info
[1.883s] running install_scripts
[1.921s] writing list of installed files to '/home/subhalaxmi/nidar_ws/build/my_drone_bringup/install.log'
[1.966s] Invoked command in '/home/subhalaxmi/nidar_ws/src/my_drone_bringup' returned '0': AMENT_PREFIX_PATH=/home/subhalaxmi/nidar_ws/install/drone_pkg:/home/subhalaxmi/nidar_ws/install/my_drone_bringup:/home/subhalaxmi/autonav_ws/install/my_rover_description:/home/subhalaxmi/autonav_ws/install/my_rover_bringup:/home/subhalaxmi/rover_ws/install/rover_ctrl:/home/subhalaxmi/my_robot_ws/install/my_robot_bringup:/home/subhalaxmi/my_robot_ws/install/my_robot_description:/home/subhalaxmi/my_robot_ws/install/line_follower:/home/subhalaxmi/ros2_ws/install/my_py_pkg:/opt/ros/humble PYTHONPATH=/home/subhalaxmi/nidar_ws/build/my_drone_bringup/prefix_override:/usr/lib/python3/dist-packages/colcon_core/task/python/colcon_distutils_commands:/home/subhalaxmi/nidar_ws/install/my_drone_bringup/lib/python3.10/site-packages:/home/subhalaxmi/nidar_ws/install/drone_pkg/lib/python3.10/site-packages:/home/subhalaxmi/nidar_ws/install/my_drone_bringup/lib/python3.10/site-packages:/home/subhalaxmi/my_robot_ws/install/line_follower/lib/python3.10/site-packages:/home/subhalaxmi/ros2_ws/install/my_py_pkg/lib/python3.10/site-packages:/opt/ros/humble/lib/python3.10/site-packages:/opt/ros/humble/local/lib/python3.10/dist-packages /usr/bin/python3 -W ignore:setup.py install is deprecated -W ignore:easy_install command is deprecated setup.py egg_info --egg-base ../../build/my_drone_bringup build --build-base /home/subhalaxmi/nidar_ws/build/my_drone_bringup/build install --record /home/subhalaxmi/nidar_ws/build/my_drone_bringup/install.log --single-version-externally-managed install_data
