[0.609s] Invoking command in '/home/subhalaxmi/nidar_ws/build/my_drone_bringup': /usr/bin/cmake --build /home/subhalaxmi/nidar_ws/build/my_drone_bringup -- -j4 -l4
[0.656s] -- Found ament_cmake: 1.3.12 (/opt/ros/humble/share/ament_cmake/cmake)
[1.079s] Error parsing '/home/subhalaxmi/nidar_ws/src/my_drone_bringup/package.xml':
[1.167s] Traceback (most recent call last):
[1.167s]   File "/opt/ros/humble/share/ament_cmake_core/cmake/core/package_xml_2_cmake.py", line 150, in <module>
[1.167s]     main()
[1.168s]   File "/opt/ros/humble/share/ament_cmake_core/cmake/core/package_xml_2_cmake.py", line 53, in main
[1.168s]     raise e
[1.168s]   File "/opt/ros/humble/share/ament_cmake_core/cmake/core/package_xml_2_cmake.py", line 49, in main
[1.169s]     package = parse_package_string(
[1.169s]   File "/usr/lib/python3/dist-packages/catkin_pkg/package.py", line 788, in parse_package_string
[1.169s]     pkg.validate(warnings=warnings)
[1.170s]   File "/usr/lib/python3/dist-packages/catkin_pkg/package.py", line 330, in validate
[1.170s]     raise InvalidPackage('\n'.join(errors), self.filename)
[1.170s] catkin_pkg.package.InvalidPackage: Error(s) in package '/home/subhalaxmi/nidar_ws/src/my_drone_bringup/package.xml':
[1.170s] The package "my_drone_bringup" must not "exec_depend" on a package with the same name as this package
[1.208s] [31mCMake Error at /opt/ros/humble/share/ament_cmake_core/cmake/core/ament_package_xml.cmake:95 (message):
[1.208s]   execute_process(/usr/bin/python3
[1.209s]   /opt/ros/humble/share/ament_cmake_core/cmake/core/package_xml_2_cmake.py
[1.209s]   /home/subhalaxmi/nidar_ws/src/my_drone_bringup/package.xml
[1.209s]   /home/subhalaxmi/nidar_ws/build/my_drone_bringup/ament_cmake_core/package.cmake)
[1.209s]   returned error code 1
[1.210s] Call Stack (most recent call first):
[1.210s]   /opt/ros/humble/share/ament_cmake_core/cmake/core/ament_package_xml.cmake:49 (_ament_package_xml)
[1.210s]   /opt/ros/humble/share/ament_cmake_core/cmake/core/ament_package.cmake:63 (ament_package_xml)
[1.210s]   CMakeLists.txt:22 (ament_package)
[1.211s] 
[1.211s] [0m
[1.211s] -- Configuring incomplete, errors occurred!
[1.211s] See also "/home/subhalaxmi/nidar_ws/build/my_drone_bringup/CMakeFiles/CMakeOutput.log".
[1.214s] gmake: *** [Makefile:226: cmake_check_build_system] Error 1
[1.218s] Invoked command in '/home/subhalaxmi/nidar_ws/build/my_drone_bringup' returned '2': /usr/bin/cmake --build /home/subhalaxmi/nidar_ws/build/my_drone_bringup -- -j4 -l4
